Archive member included to satisfy reference by file (symbol)

c:/program files (x86)/atmel/studio/7.0/toolchain/arm/arm-gnu-toolchain/bin/../lib/gcc/arm-none-eabi/6.2.1/thumb/v6-m\libgcc.a(_udivsi3.o)
                              application.o (__aeabi_uidiv)
c:/program files (x86)/atmel/studio/7.0/toolchain/arm/arm-gnu-toolchain/bin/../lib/gcc/arm-none-eabi/6.2.1/thumb/v6-m\libgcc.a(_divsi3.o)
                              application.o (__aeabi_idiv)
c:/program files (x86)/atmel/studio/7.0/toolchain/arm/arm-gnu-toolchain/bin/../lib/gcc/arm-none-eabi/6.2.1/thumb/v6-m\libgcc.a(_dvmd_tls.o)
                              c:/program files (x86)/atmel/studio/7.0/toolchain/arm/arm-gnu-toolchain/bin/../lib/gcc/arm-none-eabi/6.2.1/thumb/v6-m\libgcc.a(_udivsi3.o) (__aeabi_idiv0)
c:/program files (x86)/atmel/studio/7.0/toolchain/arm/arm-gnu-toolchain/bin/../lib/gcc/arm-none-eabi/6.2.1/../../../../arm-none-eabi/lib/thumb/v6-m\libc_nano.a(lib_a-exit.o)
                              c:/program files (x86)/atmel/studio/7.0/toolchain/arm/arm-gnu-toolchain/bin/../lib/gcc/arm-none-eabi/6.2.1/../../../../arm-none-eabi/lib/thumb/v6-m/crt0.o (exit)
c:/program files (x86)/atmel/studio/7.0/toolchain/arm/arm-gnu-toolchain/bin/../lib/gcc/arm-none-eabi/6.2.1/../../../../arm-none-eabi/lib/thumb/v6-m\libc_nano.a(lib_a-impure.o)
                              c:/program files (x86)/atmel/studio/7.0/toolchain/arm/arm-gnu-toolchain/bin/../lib/gcc/arm-none-eabi/6.2.1/../../../../arm-none-eabi/lib/thumb/v6-m\libc_nano.a(lib_a-exit.o) (_global_impure_ptr)
c:/program files (x86)/atmel/studio/7.0/toolchain/arm/arm-gnu-toolchain/bin/../lib/gcc/arm-none-eabi/6.2.1/../../../../arm-none-eabi/lib/thumb/v6-m\libc_nano.a(lib_a-init.o)
                              c:/program files (x86)/atmel/studio/7.0/toolchain/arm/arm-gnu-toolchain/bin/../lib/gcc/arm-none-eabi/6.2.1/../../../../arm-none-eabi/lib/thumb/v6-m/crt0.o (__libc_init_array)
c:/program files (x86)/atmel/studio/7.0/toolchain/arm/arm-gnu-toolchain/bin/../lib/gcc/arm-none-eabi/6.2.1/../../../../arm-none-eabi/lib/thumb/v6-m\libc_nano.a(lib_a-malloc.o)
                              audio.o (malloc)
c:/program files (x86)/atmel/studio/7.0/toolchain/arm/arm-gnu-toolchain/bin/../lib/gcc/arm-none-eabi/6.2.1/../../../../arm-none-eabi/lib/thumb/v6-m\libc_nano.a(lib_a-memcpy-stub.o)
                              audio.o (memcpy)
c:/program files (x86)/atmel/studio/7.0/toolchain/arm/arm-gnu-toolchain/bin/../lib/gcc/arm-none-eabi/6.2.1/../../../../arm-none-eabi/lib/thumb/v6-m\libc_nano.a(lib_a-memset.o)
                              c:/program files (x86)/atmel/studio/7.0/toolchain/arm/arm-gnu-toolchain/bin/../lib/gcc/arm-none-eabi/6.2.1/../../../../arm-none-eabi/lib/thumb/v6-m/crt0.o (memset)
c:/program files (x86)/atmel/studio/7.0/toolchain/arm/arm-gnu-toolchain/bin/../lib/gcc/arm-none-eabi/6.2.1/../../../../arm-none-eabi/lib/thumb/v6-m\libc_nano.a(lib_a-nano-freer.o)
                              c:/program files (x86)/atmel/studio/7.0/toolchain/arm/arm-gnu-toolchain/bin/../lib/gcc/arm-none-eabi/6.2.1/../../../../arm-none-eabi/lib/thumb/v6-m\libc_nano.a(lib_a-malloc.o) (_free_r)
c:/program files (x86)/atmel/studio/7.0/toolchain/arm/arm-gnu-toolchain/bin/../lib/gcc/arm-none-eabi/6.2.1/../../../../arm-none-eabi/lib/thumb/v6-m\libc_nano.a(lib_a-nano-mallocr.o)
                              c:/program files (x86)/atmel/studio/7.0/toolchain/arm/arm-gnu-toolchain/bin/../lib/gcc/arm-none-eabi/6.2.1/../../../../arm-none-eabi/lib/thumb/v6-m\libc_nano.a(lib_a-malloc.o) (_malloc_r)
c:/program files (x86)/atmel/studio/7.0/toolchain/arm/arm-gnu-toolchain/bin/../lib/gcc/arm-none-eabi/6.2.1/../../../../arm-none-eabi/lib/thumb/v6-m\libc_nano.a(lib_a-sbrkr.o)
                              c:/program files (x86)/atmel/studio/7.0/toolchain/arm/arm-gnu-toolchain/bin/../lib/gcc/arm-none-eabi/6.2.1/../../../../arm-none-eabi/lib/thumb/v6-m\libc_nano.a(lib_a-nano-mallocr.o) (_sbrk_r)
c:/program files (x86)/atmel/studio/7.0/toolchain/arm/arm-gnu-toolchain/bin/../lib/gcc/arm-none-eabi/6.2.1/../../../../arm-none-eabi/lib/thumb/v6-m\libc_nano.a(lib_a-sscanf.o)
                              application.o (sscanf)
c:/program files (x86)/atmel/studio/7.0/toolchain/arm/arm-gnu-toolchain/bin/../lib/gcc/arm-none-eabi/6.2.1/../../../../arm-none-eabi/lib/thumb/v6-m\libc_nano.a(lib_a-stdio.o)
                              c:/program files (x86)/atmel/studio/7.0/toolchain/arm/arm-gnu-toolchain/bin/../lib/gcc/arm-none-eabi/6.2.1/../../../../arm-none-eabi/lib/thumb/v6-m\libc_nano.a(lib_a-sscanf.o) (__seofread)
c:/program files (x86)/atmel/studio/7.0/toolchain/arm/arm-gnu-toolchain/bin/../lib/gcc/arm-none-eabi/6.2.1/../../../../arm-none-eabi/lib/thumb/v6-m\libc_nano.a(lib_a-strlen.o)
                              hardware.o (strlen)
c:/program files (x86)/atmel/studio/7.0/toolchain/arm/arm-gnu-toolchain/bin/../lib/gcc/arm-none-eabi/6.2.1/../../../../arm-none-eabi/lib/thumb/v6-m\libc_nano.a(lib_a-vsprintf.o)
[...]
Memory Configuration

Name             Origin             Length             Attributes
rom              0x00000000         0x00040000         xr
ram              0x20000000         0x00008000         xrw
*default*        0x00000000         0xffffffff

Linker script and memory map

LOAD c:/program files (x86)/atmel/studio/7.0/toolchain/arm/arm-gnu-toolchain/bin/../lib/gcc/arm-none-eabi/6.2.1/thumb/v6-m/crti.o
LOAD c:/program files (x86)/atmel/studio/7.0/toolchain/arm/arm-gnu-toolchain/bin/../lib/gcc/arm-none-eabi/6.2.1/thumb/v6-m/crtbegin.o
LOAD c:/program files (x86)/atmel/studio/7.0/toolchain/arm/arm-gnu-toolchain/bin/../lib/gcc/arm-none-eabi/6.2.1/../../../../arm-none-eabi/lib/thumb/v6-m/crt0.o
LOAD application.o
LOAD audio.o
LOAD common/clock.o
LOAD Device_Startup/startup_samd21.o
LOAD Device_Startup/syscalls.o
LOAD Device_Startup/system_samd21.o
LOAD DMA_driver.o
LOAD fifo_byte.o
LOAD flash.o
LOAD hardware.o
LOAD main.o
LOAD radio.o
LOAD samd/usb_samd.o
LOAD usb.o
LOAD usb_requests.o
LOAD WM8731.o
START GROUP
LOAD ..\\Device_Startup\libarm_cortexM0l_math.a
LOAD c:/program files (x86)/atmel/studio/7.0/toolchain/arm/arm-gnu-toolchain/bin/../lib/gcc/arm-none-eabi/6.2.1/../../../../arm-none-eabi/lib/thumb/v6-m\libm.a
END GROUP
START GROUP
LOAD c:/program files (x86)/atmel/studio/7.0/toolchain/arm/arm-gnu-toolchain/bin/../lib/gcc/arm-none-eabi/6.2.1/thumb/v6-m\libgcc.a
LOAD c:/program files (x86)/atmel/studio/7.0/toolchain/arm/arm-gnu-toolchain/bin/../lib/gcc/arm-none-eabi/6.2.1/../../../../arm-none-eabi/lib/thumb/v6-m\libc_nano.a
END GROUP
START GROUP
LOAD c:/program files (x86)/atmel/studio/7.0/toolchain/arm/arm-gnu-toolchain/bin/../lib/gcc/arm-none-eabi/6.2.1/thumb/v6-m\libgcc.a
LOAD c:/program files (x86)/atmel/studio/7.0/toolchain/arm/arm-gnu-toolchain/bin/../lib/gcc/arm-none-eabi/6.2.1/../../../../arm-none-eabi/lib/thumb/v6-m\libc_nano.a
END GROUP
LOAD c:/program files (x86)/atmel/studio/7.0/toolchain/arm/arm-gnu-toolchain/bin/../lib/gcc/arm-none-eabi/6.2.1/thumb/v6-m/crtend.o
LOAD c:/program files (x86)/atmel/studio/7.0/toolchain/arm/arm-gnu-toolchain/bin/../lib/gcc/arm-none-eabi/6.2.1/thumb/v6-m/crtn.o
                0x00002000                STACK_SIZE = DEFINED (STACK_SIZE)?STACK_SIZE:DEFINED (__stack_size__)?__stack_size__:0x2000

.text           0x00000000     0x6590
                0x00000000                . = ALIGN (0x4)
                0x00000000                _sfixed = .
 *(.vectors .vectors.*)
 .vectors       0x00000000       0xb4 Device_Startup/startup_samd21.o
                0x00000000                exception_table
 *(.text .text.* .gnu.linkonce.t.*)
 .text          0x000000b4       0x60 c:/program files (x86)/atmel/studio/7.0/toolchain/arm/arm-gnu-toolchain/bin/../lib/gcc/arm-none-eabi/6.2.1/thumb/v6-m/crtbegin.o
 .text.flashWrite
                0x00000114       0xc4 application.o
                0x00000114                flashWrite
 .text.flashRead
                0x000001d8       0xc4 application.o
                0x000001d8                flashRead
 .text.defaultLinkSettings
                0x0000029c       0xc4 application.o
                0x0000029c                defaultLinkSettings
 .text.configureLink
                0x00000360       0x98 application.o
                0x00000360                configureLink
 .text.resetStatistics
                0x000003f8       0x68 application.o
                0x000003f8                resetStatistics
 .text.printStatistics
                0x00000460      0x350 application.o
                0x00000460                printStatistics
 .text.publishStats
                0x000007b0       0x58 application.o
                0x000007b0                publishStats
 .text.callbackPacketSend
                0x00000808       0x54 application.o
                0x00000808                callbackPacketSend
 .text.callbackPacketReceived
                0x0000085c      0x100 application.o
                0x0000085c                callbackPacketReceived
 .text.callBackPacketUpkeep
                0x0000095c       0x1c application.o
                0x0000095c                callBackPacketUpkeep
 .text.callbackLinkLost
                0x00000978       0x10 application.o
                0x00000978                callbackLinkLost
 .text.appStart
                0x00000988       0x34 application.o
                0x00000988                appStart
 .text.appStop  0x000009bc       0x24 application.o
                0x000009bc                appStop
 .text.appInit  0x000009e0       0x3c application.o
                0x000009e0                appInit
 .text.guiSendBER
                0x00000a1c       0x94 application.o
                0x00000a1c                guiSendBER
 .text.guiSendAudio
                0x00000ab0       0x18 application.o
                0x00000ab0                guiSendAudio
 .text.guiSendConfig
                0x00000ac8       0xc4 application.o
                0x00000ac8                guiSendConfig
 .text.guiReceiveConfig
                0x00000b8c       0xac application.o
                0x00000b8c                guiReceiveConfig
 .text.guiHandle
                0x00000c38       0xc0 application.o
                0x00000c38                guiHandle
 .text.handleUSB
                0x00000cf8      0x75c application.o
                0x00000cf8                handleUSB
 .text.audioResetStatistics
                0x00001454       0x5c audio.o
                0x00001454                audioResetStatistics
 .text.audioPrintStatistics
                0x000014b0       0xcc audio.o
                0x000014b0                audioPrintStatistics
 .text.audioStart
                0x0000157c       0x18 audio.o
                0x0000157c                audioStart
 .text.audioStop
                0x00001594        0xc audio.o
                0x00001594                audioStop
 .text.audioReset
                0x000015a0       0x40 audio.o
                0x000015a0                audioReset
 .text.audioConfigure
                0x000015e0       0x98 audio.o
                0x000015e0                audioConfigure
 .text.audioProcessPacket
                0x00001678      0x10c audio.o
                0x00001678                audioProcessPacket
 .text.audioUpkeepPacket
                0x00001784      0x15c audio.o
                0x00001784                audioUpkeepPacket
 .text.audioFillPacket
                0x000018e0      0x1ec audio.o
                0x000018e0                audioFillPacket
 .text.callbackAudioSample
                0x00001acc      0x124 audio.o
                0x00001acc                callbackAudioSample
 .text.dfll_nvm_val
                0x00001bf0       0x38 common/clock.o
                0x00001bf0                dfll_nvm_val
 .text.dfll_wait_for_sync
                0x00001c28       0x10 common/clock.o
                0x00001c28                dfll_wait_for_sync
 .text.gclk_enable
                0x00001c38       0x2c common/clock.o
                0x00001c38                gclk_enable
 .text.gclk_init
                0x00001c64       0x4c common/clock.o
                0x00001c64                gclk_init
 .text.clock_init_crystal
                0x00001cb0       0x7c common/clock.o
                0x00001cb0                clock_init_crystal
 .text.Dummy_Handler
                0x00001d2c       0x10 Device_Startup/startup_samd21.o
                0x00001d2c                DMAC_Handler
                0x00001d2c                HardFault_Handler
                0x00001d2c                AC_Handler
                0x00001d2c                SysTick_Handler
                0x00001d2c                PendSV_Handler
                0x00001d2c                NMI_Handler
                0x00001d2c                SERCOM1_Handler
                0x00001d2c                ADC_Handler
                0x00001d2c                TCC1_Handler
                0x00001d2c                SERCOM2_Handler
                0x00001d2c                TCC0_Handler
                0x00001d2c                RTC_Handler
                0x00001d2c                WDT_Handler
                0x00001d2c                TC4_Handler
                0x00001d2c                TC3_Handler
                0x00001d2c                Dummy_Handler
                0x00001d2c                PM_Handler
                0x00001d2c                SERCOM5_Handler
                0x00001d2c                SVC_Handler
                0x00001d2c                TCC2_Handler
                0x00001d2c                EVSYS_Handler
                0x00001d2c                SERCOM3_Handler
                0x00001d2c                SERCOM4_Handler
                0x00001d2c                NVMCTRL_Handler
                0x00001d2c                SERCOM0_Handler
                0x00001d2c                DAC_Handler
                0x00001d2c                PTC_Handler
                0x00001d2c                TC5_Handler
                0x00001d2c                SYSCTRL_Handler
 .text.Reset_Handler
                0x00001d3c       0xc4 Device_Startup/startup_samd21.o
                0x00001d3c                Reset_Handler
 .text._sbrk    0x00001e00       0x24 Device_Startup/syscalls.o
                0x00001e00                _sbrk
 .text.configure_dma_resource
                0x00001e24       0x8c DMA_driver.o
                0x00001e24                configure_dma_resource
 .text.setup_transfer_descriptor
                0x00001eb0       0x5c DMA_driver.o
                0x00001eb0                setup_transfer_descriptor
 .text.add_descriptor
                0x00001f0c       0x16 DMA_driver.o
                0x00001f0c                add_descriptor
 *fill*         0x00001f22        0x2 
 .text.start_transfer_job
                0x00001f24       0x3c DMA_driver.o
                0x00001f24                start_transfer_job
 .text.DMA_init
                0x00001f60       0x30 DMA_driver.o
                0x00001f60                DMA_init
 .text.DMA_start_transfer
                0x00001f90       0x18 DMA_driver.o
                0x00001f90                DMA_start_transfer
 .text.DMA_wait_complete
                0x00001fa8       0x20 DMA_driver.o
                0x00001fa8                DMA_wait_complete
 .text.flash_init
                0x00001fc8       0x34 flash.o
                0x00001fc8                flash_init
 .text.flash_read_buffer
                0x00001ffc       0x40 flash.o
                0x00001ffc                flash_read_buffer
 .text.flash_erase_row
                0x0000203c       0x24 flash.o
                0x0000203c                flash_erase_row
 .text.flash_write_buffer
                0x00002060       0x54 flash.o
                0x00002060                flash_write_buffer
 .text.enableExtInt
                0x000020b4       0x1c hardware.o
                0x000020b4                enableExtInt
 .text.disableExtInt
                0x000020d0       0x20 hardware.o
                0x000020d0                disableExtInt
 .text.enableClockGate
                0x000020f0       0x14 hardware.o
                0x000020f0                enableClockGate
 .text.getMCUint
                0x00002104       0x14 hardware.o
                0x00002104                getMCUint
 .text.toggleLED
                0x00002118        0xc hardware.o
                0x00002118                toggleLED
 .text.disableClockGate
                0x00002124       0x14 hardware.o
                0x00002124                disableClockGate
 .text.startSPI
                0x00002138       0x1c hardware.o
                0x00002138                startSPI
 .text.sendSPI  0x00002154       0x20 hardware.o
                0x00002154                sendSPI
 .text.pushSPI  0x00002174       0x40 hardware.o
                0x00002174                pushSPI
 .text.pullSPI  0x000021b4       0x44 hardware.o
                0x000021b4                pullSPI
 .text.stopSPI  0x000021f8       0x24 hardware.o
                0x000021f8                stopSPI
 .text.resetRadio
                0x0000221c       0x40 hardware.o
                0x0000221c                resetRadio
 .text.boardSetup
                0x0000225c      0x354 hardware.o
                0x0000225c                boardSetup
 .text.EIC_Handler
                0x000025b0       0x30 hardware.o
                0x000025b0                EIC_Handler
 .text.I2S_Handler
                0x000025e0       0x4c hardware.o
                0x000025e0                I2S_Handler
 .text.usbIsAvailable
                0x0000262c       0x14 hardware.o
                0x0000262c                usbIsAvailable
 .text.usbBytesAvailable
                0x00002640        0xc hardware.o
                0x00002640                usbBytesAvailable
 .text.usbGet   0x0000264c       0x1c hardware.o
                0x0000264c                usbGet
 .text.usbPrintf
                0x00002668       0x3c hardware.o
                0x00002668                usbPrintf
 .text.usbParseInt
                0x000026a4       0x58 hardware.o
                0x000026a4                usbParseInt
 .text.wdSetup  0x000026fc        0x2 hardware.o
                0x000026fc                wdSetup
 .text.wdReset  0x000026fe        0x2 hardware.o
                0x000026fe                wdReset
 .text.wdEnable
                0x00002700        0x2 hardware.o
                0x00002700                wdEnable
 .text.wdDisable
                0x00002702        0x2 hardware.o
                0x00002702                wdDisable
 .text.main     0x00002704       0x60 main.o
                0x00002704                main
 .text.sparkBIST
                0x00002764      0x240 radio.o
                0x00002764                sparkBIST
 .text.sparkCalDLL
                0x000029a4       0xac radio.o
                0x000029a4                sparkCalDLL
 .text.sparkCalVCRO
                0x00002a50       0x94 radio.o
                0x00002a50                sparkCalVCRO
 .text.sparkRadioSetup
                0x00002ae4      0x10c radio.o
                0x00002ae4                sparkRadioSetup
 .text.sparkSleepSetup
                0x00002bf0      0x120 radio.o
                0x00002bf0                sparkSleepSetup
 .text.applySleepOffset
                0x00002d10       0x68 radio.o
                0x00002d10                applySleepOffset
 .text.sparkPacketSetup
                0x00002d78       0xa8 radio.o
                0x00002d78                sparkPacketSetup
 .text.sparkSpectralSetup
                0x00002e20       0x34 radio.o
                0x00002e20                sparkSpectralSetup
 .text.sparkPushTX
                0x00002e54       0x38 radio.o
                0x00002e54                sparkPushTX
 .text.sparkPullRX
                0x00002e8c       0x38 radio.o
                0x00002e8c                sparkPullRX
 .text.sparkStartRadio
                0x00002ec4      0x164 radio.o
                0x00002ec4                sparkStartRadio
 .text.sparkGetMode
                0x00003028        0xc radio.o
                0x00003028                sparkGetMode
 .text.sparkChangeMode
                0x00003034       0x50 radio.o
                0x00003034                sparkChangeMode
 .text.callbackExtInterrupt
                0x00003084      0x400 radio.o
                0x00003084                callbackExtInterrupt
 .text.sparkStopRadio
                0x00003484       0x7c radio.o
                0x00003484                sparkStopRadio
 .text.sparkIsScanning
                0x00003500        0xc radio.o
                0x00003500                sparkIsScanning
 .text.sparkSetBidirectional
                0x0000350c       0x40 radio.o
                0x0000350c                sparkSetBidirectional
 .text.sparkIsBidirectional
                0x0000354c        0xc radio.o
                0x0000354c                sparkIsBidirectional
 .text.sparkIsMaster
                0x00003558        0xc radio.o
                0x00003558                sparkIsMaster
 .text.sparkIsRunning
                0x00003564        0xc radio.o
                0x00003564                sparkIsRunning
 .text.usb_reset
                0x00003570       0x54 samd/usb_samd.o
                0x00003570                usb_reset
 .text.usb_init
                0x000035c4       0xa8 samd/usb_samd.o
                0x000035c4                usb_init
 .text.usb_set_address
                0x0000366c       0x14 samd/usb_samd.o
                0x0000366c                usb_set_address
 .text.usb_enable_ep
                0x00003680      0x108 samd/usb_samd.o
                0x00003680                usb_enable_ep
 .text.usb_disable_ep
                0x00003788       0x40 samd/usb_samd.o
                0x00003788                usb_disable_ep
 .text.usb_ep_start_out
                0x000037c8       0x50 samd/usb_samd.o
                0x000037c8                usb_ep_start_out
 .text.usb_ep_start_in
                0x00003818       0x60 samd/usb_samd.o
                0x00003818                usb_ep_start_in
 .text.usb_ep_out_length
                0x00003878       0x14 samd/usb_samd.o
                0x00003878                usb_ep_out_length
 .text.usb_attach
                0x0000388c       0x1c samd/usb_samd.o
                0x0000388c                usb_attach
 .text.usb_ep0_out
                0x000038a8       0x48 samd/usb_samd.o
                0x000038a8                usb_ep0_out
 .text.usb_ep0_in
                0x000038f0       0x50 samd/usb_samd.o
                0x000038f0                usb_ep0_in
 .text.usb_ep0_stall
                0x00003940       0x10 samd/usb_samd.o
                0x00003940                usb_ep0_stall
 .text.USB_Handler
                0x00003950       0xdc samd/usb_samd.o
                0x00003950                USB_Handler
 .text.samd_serial_number_string_descriptor
                0x00003a2c       0x64 samd/usb_samd.o
                0x00003a2c                samd_serial_number_string_descriptor
 .text.usb_cb_reset
                0x00003a90        0x2 usb.o
                0x00003a90                usb_cb_reset
 *fill*         0x00003a92        0x2 
 .text.usb_cb_control_setup
                0x00003a94       0x70 usb.o
                0x00003a94                usb_cb_control_setup
 .text.usb_cb_control_in_completion
                0x00003b04        0x2 usb.o
                0x00003b04                usb_cb_control_in_completion
 .text.usb_cb_control_out_completion
                0x00003b06        0x2 usb.o
                0x00003b06                usb_cb_control_out_completion
 .text.usb_cb_completion
                0x00003b08        0x2 usb.o
                0x00003b08                usb_cb_completion
 *fill*         0x00003b0a        0x2 
 .text.usb_cb_set_configuration
                0x00003b0c       0x4c usb.o
                0x00003b0c                usb_cb_set_configuration
 .text.usb_cb_set_interface
                0x00003b58        0xa usb.o
                0x00003b58                usb_cb_set_interface
 *fill*         0x00003b62        0x2 
 .text.usb_cb_get_descriptor
                0x00003b64       0xb4 usb.o
                0x00003b64                usb_cb_get_descriptor
 .text.usb_setup_fifos
                0x00003c18       0x44 usb.o
                0x00003c18                usb_setup_fifos
 .text.usb_bytes_available
                0x00003c5c       0x38 usb.o
                0x00003c5c                usb_bytes_available
 .text.usb_get  0x00003c94       0x4c usb.o
                0x00003c94                usb_get
 .text.usb_put  0x00003ce0       0x28 usb.o
                0x00003ce0                usb_put
 .text.usb_cb_handle_ep_out
                0x00003d08       0x7c usb.o
                0x00003d08                usb_cb_handle_ep_out
 .text.usb_cb_handle_ep_in
                0x00003d84       0x18 usb.o
                0x00003d84                usb_cb_handle_ep_in
 .text.usb_ep0_in_multi
                0x00003d9c       0x60 usb_requests.o
                0x00003d9c                usb_ep0_in_multi
 .text.usb_handle_setup
                0x00003dfc      0x140 usb_requests.o
                0x00003dfc                usb_handle_setup
 .text.usb_handle_control_out_complete
                0x00003f3c       0x1c usb_requests.o
                0x00003f3c                usb_handle_control_out_complete
 .text.usb_handle_control_in_complete
                0x00003f58       0x44 usb_requests.o
                0x00003f58                usb_handle_control_in_complete
 .text.usb_string_to_descriptor
                0x00003f9c       0x3c usb_requests.o
                0x00003f9c                usb_string_to_descriptor
 .text.WM8731_CMD
                0x00003fd8       0x80 WM8731.o
                0x00003fd8                WM8731_CMD
 .text.WM8731_Init
                0x00004058       0x8c WM8731.o
                0x00004058                WM8731_Init
 .text.WM8731_Activate
                0x000040e4       0x10 WM8731.o
                0x000040e4                WM8731_Activate
 .text.WM8731_Deactivate
                0x000040f4       0x10 WM8731.o
                0x000040f4                WM8731_Deactivate
 .text          0x00004104      0x114 c:/program files (x86)/atmel/studio/7.0/toolchain/arm/arm-gnu-toolchain/bin/../lib/gcc/arm-none-eabi/6.2.1/thumb/v6-m\libgcc.a(_udivsi3.o)
                0x00004104                __aeabi_uidiv
                0x00004104                __udivsi3
                0x00004210                __aeabi_uidivmod
 .text          0x00004218      0x1d4 c:/program files (x86)/atmel/studio/7.0/toolchain/arm/arm-gnu-toolchain/bin/../lib/gcc/arm-none-eabi/6.2.1/thumb/v6-m\libgcc.a(_divsi3.o)
                0x00004218                __divsi3
                0x00004218                __aeabi_idiv
                0x000043e4                __aeabi_idivmod
 .text          0x000043ec        0x4 c:/program files (x86)/atmel/studio/7.0/toolchain/arm/arm-gnu-toolchain/bin/../lib/gcc/arm-none-eabi/6.2.1/thumb/v6-m\libgcc.a(_dvmd_tls.o)
                0x000043ec                __aeabi_idiv0
                0x000043ec                __aeabi_ldiv0
 .text.__libc_init_array
                0x000043f0       0x48 c:/program files (x86)/atmel/studio/7.0/toolchain/arm/arm-gnu-toolchain/bin/../lib/gcc/arm-none-eabi/6.2.1/../../../../arm-none-eabi/lib/thumb/v6-m\libc_nano.a(lib_a-init.o)
                0x000043f0                __libc_init_array
 .text.malloc   0x00004438       0x14 c:/program files (x86)/atmel/studio/7.0/toolchain/arm/arm-gnu-toolchain/bin/../lib/gcc/arm-none-eabi/6.2.1/../../../../arm-none-eabi/lib/thumb/v6-m\libc_nano.a(lib_a-malloc.o)
                0x00004438                malloc
 .text.free     0x0000444c       0x14 c:/program files (x86)/atmel/studio/7.0/toolchain/arm/arm-gnu-toolchain/bin/../lib/gcc/arm-none-eabi/6.2.1/../../../../arm-none-eabi/lib/thumb/v6-m\libc_nano.a(lib_a-malloc.o)
                0x0000444c                free
 .text.memcpy   0x00004460       0x12 c:/program files (x86)/atmel/studio/7.0/toolchain/arm/arm-gnu-toolchain/bin/../lib/gcc/arm-none-eabi/6.2.1/../../../../arm-none-eabi/lib/thumb/v6-m\libc_nano.a(lib_a-memcpy-stub.o)
                0x00004460                memcpy
 .text.memset   0x00004472       0x10 c:/program files (x86)/atmel/studio/7.0/toolchain/arm/arm-gnu-toolchain/bin/../lib/gcc/arm-none-eabi/6.2.1/../../../../arm-none-eabi/lib/thumb/v6-m\libc_nano.a(lib_a-memset.o)
                0x00004472                memset
 *fill*         0x00004482        0x2 
 .text._free_r  0x00004484       0x94 c:/program files (x86)/atmel/studio/7.0/toolchain/arm/arm-gnu-toolchain/bin/../lib/gcc/arm-none-eabi/6.2.1/../../../../arm-none-eabi/lib/thumb/v6-m\libc_nano.a(lib_a-nano-freer.o)
                0x00004484                _free_r
 .text._malloc_r
                0x00004518       0xbc c:/program files (x86)/atmel/studio/7.0/toolchain/arm/arm-gnu-toolchain/bin/../lib/gcc/arm-none-eabi/6.2.1/../../../../arm-none-eabi/lib/thumb/v6-m\libc_nano.a(lib_a-nano-mallocr.o)
                0x00004518                _malloc_r
 .text._sbrk_r  0x000045d4       0x24 c:/program files (x86)/atmel/studio/7.0/toolchain/arm/arm-gnu-toolchain/bin/../lib/gcc/arm-none-eabi/6.2.1/../../../../arm-none-eabi/lib/thumb/v6-m\libc_nano.a(lib_a-sbrkr.o)
                0x000045d4                _sbrk_r
 .text.sscanf   0x000045f8       0x50 c:/program files (x86)/atmel/studio/7.0/toolchain/arm/arm-gnu-toolchain/bin/../lib/gcc/arm-none-eabi/6.2.1/../../../../arm-none-eabi/lib/thumb/v6-m\libc_nano.a(lib_a-sscanf.o)
                0x000045f8                siscanf
                0x000045f8                sscanf
 .text.__seofread
                0x00004648        0x4 c:/program files (x86)/atmel/studio/7.0/toolchain/arm/arm-gnu-toolchain/bin/../lib/gcc/arm-none-eabi/6.2.1/../../../../arm-none-eabi/lib/thumb/v6-m\libc_nano.a(lib_a-stdio.o)
                0x00004648                __seofread
 .text          0x0000464c        0xe c:/program files (x86)/atmel/studio/7.0/toolchain/arm/arm-gnu-toolchain/bin/../lib/gcc/arm-none-eabi/6.2.1/../../../../arm-none-eabi/lib/thumb/v6-m\libc_nano.a(lib_a-strlen.o)
                0x0000464c                strlen
 *fill*         0x0000465a        0x2 
 .text._vsprintf_r
                0x0000465c       0x30 c:/program files (x86)/atmel/studio/7.0/toolchain/arm/arm-gnu-toolchain/bin/../lib/gcc/arm-none-eabi/6.2.1/../../../../arm-none-eabi/lib/thumb/v6-m\libc_nano.a(lib_a-vsprintf.o)
                0x0000465c                _vsprintf_r
                0x0000465c                _vsiprintf_r
 .text.vsprintf
                0x0000468c       0x18 c:/program files (x86)/atmel/studio/7.0/toolchain/arm/arm-gnu-toolchain/bin/../lib/gcc/arm-none-eabi/6.2.1/../../../../arm-none-eabi/lib/thumb/v6-m\libc_nano.a(lib_a-vsprintf.o)
                0x0000468c                vsiprintf
                0x0000468c                vsprintf
 .text.__malloc_lock
                0x000046a4        0x2 c:/program files (x86)/atmel/studio/7.0/toolchain/arm/arm-gnu-toolchain/bin/../lib/gcc/arm-none-eabi/6.2.1/../../../../arm-none-eabi/lib/thumb/v6-m\libc_nano.a(lib_a-mlock.o)
                0x000046a4                __malloc_lock
 .text.__malloc_unlock
                0x000046a6        0x2 c:/program files (x86)/atmel/studio/7.0/toolchain/arm/arm-gnu-toolchain/bin/../lib/gcc/arm-none-eabi/6.2.1/../../../../arm-none-eabi/lib/thumb/v6-m\libc_nano.a(lib_a-mlock.o)
                0x000046a6                __malloc_unlock
 .text.__ssputs_r
                0x000046a8       0xc4 c:/program files (x86)/atmel/studio/7.0/toolchain/arm/arm-gnu-toolchain/bin/../lib/gcc/arm-none-eabi/6.2.1/../../../../arm-none-eabi/lib/thumb/v6-m\libc_nano.a(lib_a-nano-svfprintf.o)
                0x000046a8                __ssputs_r
 .text._svfprintf_r
                0x0000476c      0x208 c:/program files (x86)/atmel/studio/7.0/toolchain/arm/arm-gnu-toolchain/bin/../lib/gcc/arm-none-eabi/6.2.1/../../../../arm-none-eabi/lib/thumb/v6-m\libc_nano.a(lib_a-nano-svfprintf.o)
                0x0000476c                _svfiprintf_r
                0x0000476c                _svfprintf_r
 .text._sungetc_r
                0x00004974       0x78 c:/program files (x86)/atmel/studio/7.0/toolchain/arm/arm-gnu-toolchain/bin/../lib/gcc/arm-none-eabi/6.2.1/../../../../arm-none-eabi/lib/thumb/v6-m\libc_nano.a(lib_a-nano-svfscanf.o)
                0x00004974                _sungetc_r
 .text.__ssrefill_r
                0x000049ec       0x3e c:/program files (x86)/atmel/studio/7.0/toolchain/arm/arm-gnu-toolchain/bin/../lib/gcc/arm-none-eabi/6.2.1/../../../../arm-none-eabi/lib/thumb/v6-m\libc_nano.a(lib_a-nano-svfscanf.o)
                0x000049ec                __ssrefill_r
 *fill*         0x00004a2a        0x2 
 .text.__ssvfscanf_r
                0x00004a2c      0x30c c:/program files (x86)/atmel/studio/7.0/toolchain/arm/arm-gnu-toolchain/bin/../lib/gcc/arm-none-eabi/6.2.1/../../../../arm-none-eabi/lib/thumb/v6-m\libc_nano.a(lib_a-nano-svfscanf.o)
                0x00004a2c                __ssvfiscanf_r
                0x00004a2c                __ssvfscanf_r
 .text._printf_common
                0x00004d38       0xda c:/program files (x86)/atmel/studio/7.0/toolchain/arm/arm-gnu-toolchain/bin/../lib/gcc/arm-none-eabi/6.2.1/../../../../arm-none-eabi/lib/thumb/v6-m\libc_nano.a(lib_a-nano-vfprintf_i.o)
                0x00004d38                _printf_common
 *fill*         0x00004e12        0x2 
 .text._printf_i
                0x00004e14      0x234 c:/program files (x86)/atmel/studio/7.0/toolchain/arm/arm-gnu-toolchain/bin/../lib/gcc/arm-none-eabi/6.2.1/../../../../arm-none-eabi/lib/thumb/v6-m\libc_nano.a(lib_a-nano-vfprintf_i.o)
                0x00004e14                _printf_i
 .text._scanf_chars
                0x00005048       0xc8 c:/program files (x86)/atmel/studio/7.0/toolchain/arm/arm-gnu-toolchain/bin/../lib/gcc/arm-none-eabi/6.2.1/../../../../arm-none-eabi/lib/thumb/v6-m\libc_nano.a(lib_a-nano-vfscanf_i.o)
                0x00005048                _scanf_chars
 .text._scanf_i
                0x00005110      0x200 c:/program files (x86)/atmel/studio/7.0/toolchain/arm/arm-gnu-toolchain/bin/../lib/gcc/arm-none-eabi/6.2.1/../../../../arm-none-eabi/lib/thumb/v6-m\libc_nano.a(lib_a-nano-vfscanf_i.o)
                0x00005110                _scanf_i
 .text.__sccl   0x00005310       0x62 c:/program files (x86)/atmel/studio/7.0/toolchain/arm/arm-gnu-toolchain/bin/../lib/gcc/arm-none-eabi/6.2.1/../../../../arm-none-eabi/lib/thumb/v6-m\libc_nano.a(lib_a-sccl.o)
                0x00005310                __sccl
 *fill*         0x00005372        0x2 
 .text._strtol_l.isra.0
                0x00005374      0x10c c:/program files (x86)/atmel/studio/7.0/toolchain/arm/arm-gnu-toolchain/bin/../lib/gcc/arm-none-eabi/6.2.1/../../../../arm-none-eabi/lib/thumb/v6-m\libc_nano.a(lib_a-strtol.o)
 .text._strtol_r
                0x00005480       0x20 c:/program files (x86)/atmel/studio/7.0/toolchain/arm/arm-gnu-toolchain/bin/../lib/gcc/arm-none-eabi/6.2.1/../../../../arm-none-eabi/lib/thumb/v6-m\libc_nano.a(lib_a-strtol.o)
                0x00005480                _strtol_r
 .text._strtoul_l.isra.0
                0x000054a0      0x10e c:/program files (x86)/atmel/studio/7.0/toolchain/arm/arm-gnu-toolchain/bin/../lib/gcc/arm-none-eabi/6.2.1/../../../../arm-none-eabi/lib/thumb/v6-m\libc_nano.a(lib_a-strtoul.o)
 *fill*         0x000055ae        0x2 
 .text._strtoul_r
                0x000055b0       0x20 c:/program files (x86)/atmel/studio/7.0/toolchain/arm/arm-gnu-toolchain/bin/../lib/gcc/arm-none-eabi/6.2.1/../../../../arm-none-eabi/lib/thumb/v6-m\libc_nano.a(lib_a-strtoul.o)
                0x000055b0                _strtoul_r
 .text.__submore
                0x000055d0       0x7c c:/program files (x86)/atmel/studio/7.0/toolchain/arm/arm-gnu-toolchain/bin/../lib/gcc/arm-none-eabi/6.2.1/../../../../arm-none-eabi/lib/thumb/v6-m\libc_nano.a(lib_a-ungetc.o)
                0x000055d0                __submore
 .text.__locale_ctype_ptr_l
                0x0000564c        0x6 c:/program files (x86)/atmel/studio/7.0/toolchain/arm/arm-gnu-toolchain/bin/../lib/gcc/arm-none-eabi/6.2.1/../../../../arm-none-eabi/lib/thumb/v6-m\libc_nano.a(lib_a-locale.o)
                0x0000564c                __locale_ctype_ptr_l
 *fill*         0x00005652        0x2 
 .text.__locale_ctype_ptr
                0x00005654       0x1c c:/program files (x86)/atmel/studio/7.0/toolchain/arm/arm-gnu-toolchain/bin/../lib/gcc/arm-none-eabi/6.2.1/../../../../arm-none-eabi/lib/thumb/v6-m\libc_nano.a(lib_a-locale.o)
                0x00005654                __locale_ctype_ptr
 .text.__ascii_mbtowc
                0x00005670       0x24 c:/program files (x86)/atmel/studio/7.0/toolchain/arm/arm-gnu-toolchain/bin/../lib/gcc/arm-none-eabi/6.2.1/../../../../arm-none-eabi/lib/thumb/v6-m\libc_nano.a(lib_a-mbtowc_r.o)
                0x00005670                __ascii_mbtowc
 .text.memchr   0x00005694       0x16 c:/program files (x86)/atmel/studio/7.0/toolchain/arm/arm-gnu-toolchain/bin/../lib/gcc/arm-none-eabi/6.2.1/../../../../arm-none-eabi/lib/thumb/v6-m\libc_nano.a(lib_a-memchr-stub.o)
                0x00005694                memchr
 .text.memmove  0x000056aa       0x24 c:/program files (x86)/atmel/studio/7.0/toolchain/arm/arm-gnu-toolchain/bin/../lib/gcc/arm-none-eabi/6.2.1/../../../../arm-none-eabi/lib/thumb/v6-m\libc_nano.a(lib_a-memmove.o)
                0x000056aa                memmove
 .text._realloc_r
                0x000056ce       0x4c c:/program files (x86)/atmel/studio/7.0/toolchain/arm/arm-gnu-toolchain/bin/../lib/gcc/arm-none-eabi/6.2.1/../../../../arm-none-eabi/lib/thumb/v6-m\libc_nano.a(lib_a-nano-reallocr.o)
                0x000056ce                _realloc_r
 .text.__ascii_wctomb
                0x0000571a       0x18 c:/program files (x86)/atmel/studio/7.0/toolchain/arm/arm-gnu-toolchain/bin/../lib/gcc/arm-none-eabi/6.2.1/../../../../arm-none-eabi/lib/thumb/v6-m\libc_nano.a(lib_a-wctomb_r.o)
                0x0000571a                __ascii_wctomb
 .text._malloc_usable_size_r
                0x00005732       0x10 c:/program files (x86)/atmel/studio/7.0/toolchain/arm/arm-gnu-toolchain/bin/../lib/gcc/arm-none-eabi/6.2.1/../../../../arm-none-eabi/lib/thumb/v6-m\libc_nano.a(lib_a-nano-msizer.o)
                0x00005732                _malloc_usable_size_r
 *(.glue_7t)
 .glue_7t       0x00005742        0x0 linker stubs
 *(.glue_7)
 .glue_7        0x00005742        0x0 linker stubs
 *(.rodata .rodata* .gnu.linkonce.r.*)
 *fill*         0x00005742        0x2 
 .rodata        0x00005744      0x1e8 application.o
                0x00005918                flash_addr
                0x0000591c                nibble_hex
 .rodata.str1.4
                0x0000592c      0x661 application.o
                                0x695 (size before relaxing)
 *fill*         0x00005f8d        0x3 
 .rodata        0x00005f90      0x128 audio.o
                0x00006090                aTrellisTransitionInput
                0x00006098                aTrellisTransitionOutput
                0x000060a8                aTrellisSourceStateLut
 .rodata.str1.4
                0x000060b8       0x96 audio.o
 *fill*         0x0000614e        0x2 
 .rodata        0x00006150       0x30 hardware.o
 .rodata.str1.4
                0x00006180        0x3 hardware.o
 *fill*         0x00006183        0x1 
 .rodata        0x00006184       0x10 radio.o
 .rodata.str1.4
                0x00006194       0x4f radio.o
 *fill*         0x000061e3        0x1 
 .rodata.str1.4
                0x000061e4       0x21 samd/usb_samd.o
 *fill*         0x00006205        0x3 
 .rodata        0x00006208      0x105 usb.o
                0x00006208                msft_compatible
                0x00006230                msft_extended
                0x000062c0                devDesc
                0x000062d4                confDesc
                0x000062f4                langDesc
                0x000062f8                msft_os
                0x0000630c                usb_num_endpoints
 *fill*         0x0000630d        0x3 
 .rodata.str1.4
                0x00006310       0x68 usb.o
 .rodata        0x00006378       0x30 usb_requests.o
 .rodata._svfprintf_r.str1.1
                0x000063a8       0x11 c:/program files (x86)/atmel/studio/7.0/toolchain/arm/arm-gnu-toolchain/bin/../lib/gcc/arm-none-eabi/6.2.1/../../../../arm-none-eabi/lib/thumb/v6-m\libc_nano.a(lib_a-nano-svfprintf.o)
 .rodata.__ssvfscanf_r.str1.1
                0x000063b9        0x4 c:/program files (x86)/atmel/studio/7.0/toolchain/arm/arm-gnu-toolchain/bin/../lib/gcc/arm-none-eabi/6.2.1/../../../../arm-none-eabi/lib/thumb/v6-m\libc_nano.a(lib_a-nano-svfscanf.o)
 .rodata._printf_i.str1.1
                0x000063b9       0x22 c:/program files (x86)/atmel/studio/7.0/toolchain/arm/arm-gnu-toolchain/bin/../lib/gcc/arm-none-eabi/6.2.1/../../../../arm-none-eabi/lib/thumb/v6-m\libc_nano.a(lib_a-nano-vfprintf_i.o)
 *fill*         0x000063db        0x1 
 .rodata        0x000063dc        0xc c:/program files (x86)/atmel/studio/7.0/toolchain/arm/arm-gnu-toolchain/bin/../lib/gcc/arm-none-eabi/6.2.1/../../../../arm-none-eabi/lib/thumb/v6-m\libc_nano.a(lib_a-nano-vfscanf_i.o)
 .rodata._scanf_i.str1.1
                0x000063e8       0x12 c:/program files (x86)/atmel/studio/7.0/toolchain/arm/arm-gnu-toolchain/bin/../lib/gcc/arm-none-eabi/6.2.1/../../../../arm-none-eabi/lib/thumb/v6-m\libc_nano.a(lib_a-nano-vfscanf_i.o)
 .rodata.str1.1
                0x000063fa        0x9 c:/program files (x86)/atmel/studio/7.0/toolchain/arm/arm-gnu-toolchain/bin/../lib/gcc/arm-none-eabi/6.2.1/../../../../arm-none-eabi/lib/thumb/v6-m\libc_nano.a(lib_a-nano-vfscanf_i.o)
 *fill*         0x00006403        0x1 
 .rodata.__sf_fake_stderr
                0x00006404       0x20 c:/program files (x86)/atmel/studio/7.0/toolchain/arm/arm-gnu-toolchain/bin/../lib/gcc/arm-none-eabi/6.2.1/../../../../arm-none-eabi/lib/thumb/v6-m\libc_nano.a(lib_a-findfp.o)
                0x00006404                __sf_fake_stderr
 .rodata.__sf_fake_stdin
                0x00006424       0x20 c:/program files (x86)/atmel/studio/7.0/toolchain/arm/arm-gnu-toolchain/bin/../lib/gcc/arm-none-eabi/6.2.1/../../../../arm-none-eabi/lib/thumb/v6-m\libc_nano.a(lib_a-findfp.o)
                0x00006424                __sf_fake_stdin
 .rodata.__sf_fake_stdout
                0x00006444       0x20 c:/program files (x86)/atmel/studio/7.0/toolchain/arm/arm-gnu-toolchain/bin/../lib/gcc/arm-none-eabi/6.2.1/../../../../arm-none-eabi/lib/thumb/v6-m\libc_nano.a(lib_a-findfp.o)
                0x00006444                __sf_fake_stdout
 .rodata._setlocale_r.str1.1
                0x00006464        0x8 c:/program files (x86)/atmel/studio/7.0/toolchain/arm/arm-gnu-toolchain/bin/../lib/gcc/arm-none-eabi/6.2.1/../../../../arm-none-eabi/lib/thumb/v6-m\libc_nano.a(lib_a-locale.o)
                                  0x9 (size before relaxing)
 .rodata.str1.1
                0x0000646c        0x2 c:/program files (x86)/atmel/studio/7.0/toolchain/arm/arm-gnu-toolchain/bin/../lib/gcc/arm-none-eabi/6.2.1/../../../../arm-none-eabi/lib/thumb/v6-m\libc_nano.a(lib_a-locale.o)
 .rodata._ctype_
                0x0000646e      0x101 c:/program files (x86)/atmel/studio/7.0/toolchain/arm/arm-gnu-toolchain/bin/../lib/gcc/arm-none-eabi/6.2.1/../../../../arm-none-eabi/lib/thumb/v6-m\libc_nano.a(lib_a-ctype_.o)
                0x0000646e                _ctype_
 *(.ARM.extab* .gnu.linkonce.armextab.*)
                0x00006570                . = ALIGN (0x4)
 *fill*         0x0000656f        0x1 
 *(.init)
 .init          0x00006570        0x4 c:/program files (x86)/atmel/studio/7.0/toolchain/arm/arm-gnu-toolchain/bin/../lib/gcc/arm-none-eabi/6.2.1/thumb/v6-m/crti.o
                0x00006570                _init
 .init          0x00006574        0x8 c:/program files (x86)/atmel/studio/7.0/toolchain/arm/arm-gnu-toolchain/bin/../lib/gcc/arm-none-eabi/6.2.1/thumb/v6-m/crtn.o
                0x0000657c                . = ALIGN (0x4)
                0x0000657c                __preinit_array_start = .
 *(.preinit_array)
                0x0000657c                __preinit_array_end = .
                0x0000657c                . = ALIGN (0x4)
                0x0000657c                __init_array_start = .
 *(SORT(.init_array.*))
 *(.init_array)
 .init_array    0x0000657c        0x4 c:/program files (x86)/atmel/studio/7.0/toolchain/arm/arm-gnu-toolchain/bin/../lib/gcc/arm-none-eabi/6.2.1/thumb/v6-m/crtbegin.o
                0x00006580                __init_array_end = .
                0x00006580                . = ALIGN (0x4)
 *crtbegin.o(.ctors)
 *(EXCLUDE_FILE(*crtend.o) .ctors)
 *(SORT(.ctors.*))
 *crtend.o(.ctors)
                0x00006580                . = ALIGN (0x4)
 *(.fini)
 .fini          0x00006580        0x4 c:/program files (x86)/atmel/studio/7.0/toolchain/arm/arm-gnu-toolchain/bin/../lib/gcc/arm-none-eabi/6.2.1/thumb/v6-m/crti.o
                0x00006580                _fini
 .fini          0x00006584        0x8 c:/program files (x86)/atmel/studio/7.0/toolchain/arm/arm-gnu-toolchain/bin/../lib/gcc/arm-none-eabi/6.2.1/thumb/v6-m/crtn.o
                0x0000658c                . = ALIGN (0x4)
                0x0000658c                __fini_array_start = .
 *(.fini_array)
 .fini_array    0x0000658c        0x4 c:/program files (x86)/atmel/studio/7.0/toolchain/arm/arm-gnu-toolchain/bin/../lib/gcc/arm-none-eabi/6.2.1/thumb/v6-m/crtbegin.o
 *(SORT(.fini_array.*))
                0x00006590                __fini_array_end = .
 *crtbegin.o(.dtors)
 *(EXCLUDE_FILE(*crtend.o) .dtors)
 *(SORT(.dtors.*))
 *crtend.o(.dtors)
                0x00006590                . = ALIGN (0x4)
                0x00006590                _efixed = .
                [!provide]                PROVIDE (__exidx_start, .)

.vfp11_veneer   0x00006590        0x0
 .vfp11_veneer  0x00006590        0x0 linker stubs

.v4_bx          0x00006590        0x0
 .v4_bx         0x00006590        0x0 linker stubs

.iplt           0x00006590        0x0
 .iplt          0x00006590        0x0 c:/program files (x86)/atmel/studio/7.0/toolchain/arm/arm-gnu-toolchain/bin/../lib/gcc/arm-none-eabi/6.2.1/thumb/v6-m/crtbegin.o

.eh_frame       0x00006590        0x0
 .eh_frame      0x00006590        0x0 c:/program files (x86)/atmel/studio/7.0/toolchain/arm/arm-gnu-toolchain/bin/../lib/gcc/arm-none-eabi/6.2.1/thumb/v6-m/crtbegin.o

.rel.dyn        0x00006590        0x0
 .rel.iplt      0x00006590        0x0 c:/program files (x86)/atmel/studio/7.0/toolchain/arm/arm-gnu-toolchain/bin/../lib/gcc/arm-none-eabi/6.2.1/thumb/v6-m/crtbegin.o

.jcr            0x00006590        0x0
 .jcr           0x00006590        0x0 c:/program files (x86)/atmel/studio/7.0/toolchain/arm/arm-gnu-toolchain/bin/../lib/gcc/arm-none-eabi/6.2.1/thumb/v6-m/crtbegin.o

.igot.plt       0x00006590        0x0
 .igot.plt      0x00006590        0x0 c:/program files (x86)/atmel/studio/7.0/toolchain/arm/arm-gnu-toolchain/bin/../lib/gcc/arm-none-eabi/6.2.1/thumb/v6-m/crtbegin.o

.ARM.exidx
 *(.ARM.exidx* .gnu.linkonce.armexidx.*)
                [!provide]                PROVIDE (__exidx_end, .)
                0x00006590                . = ALIGN (0x4)
                0x00006590                _etext = .

.relocate       0x20000000      0x218 load address 0x00006590
                0x20000000                . = ALIGN (0x4)
                0x20000000                _srelocate = .
 *(.ramfunc .ramfunc.*)
 *(.data .data.*)
 .data          0x20000000       0x44 application.o
                0x20000000                runGUI
                0x20000004                bit_rep
 .data          0x20000044        0x4 Device_Startup/startup_samd21.o
                0x20000044                phantomISR
 .data._impure_ptr
                0x20000048        0x4 c:/program files (x86)/atmel/studio/7.0/toolchain/arm/arm-gnu-toolchain/bin/../lib/gcc/arm-none-eabi/6.2.1/../../../../arm-none-eabi/lib/thumb/v6-m\libc_nano.a(lib_a-impure.o)
                0x20000048                _impure_ptr
 .data.impure_data
                0x2000004c       0x60 c:/program files (x86)/atmel/studio/7.0/toolchain/arm/arm-gnu-toolchain/bin/../lib/gcc/arm-none-eabi/6.2.1/../../../../arm-none-eabi/lib/thumb/v6-m\libc_nano.a(lib_a-impure.o)
 .data.__global_locale
                0x200000ac      0x16c c:/program files (x86)/atmel/studio/7.0/toolchain/arm/arm-gnu-toolchain/bin/../lib/gcc/arm-none-eabi/6.2.1/../../../../arm-none-eabi/lib/thumb/v6-m\libc_nano.a(lib_a-locale.o)
                0x200000ac                __global_locale
                0x20000218                . = ALIGN (0x4)
                0x20000218                _erelocate = .

.bss            0x20000218      0xbb8 load address 0x000067a8
                0x20000218                . = ALIGN (0x4)
                0x20000218                _sbss = .
                0x20000218                _szero = .
 *(.bss .bss.*)
 .bss           0x20000218       0x1c c:/program files (x86)/atmel/studio/7.0/toolchain/arm/arm-gnu-toolchain/bin/../lib/gcc/arm-none-eabi/6.2.1/thumb/v6-m/crtbegin.o
 .bss           0x20000234        0x4 Device_Startup/syscalls.o
 .bss           0x20000238       0x10 DMA_driver.o
 .bss           0x20000248        0x5 usb.o
                0x20000248                byteQueueToUSB
                0x20000249                nextByte
                0x2000024a                pktSize
                0x2000024b                byteQueueToUART
                0x2000024c                toUSBbyteCount
 *fill*         0x2000024d        0x3 
 .bss           0x20000250        0x8 WM8731.o
                0x20000254                count
 .bss.__malloc_free_list
                0x20000258        0x4 c:/program files (x86)/atmel/studio/7.0/toolchain/arm/arm-gnu-toolchain/bin/../lib/gcc/arm-none-eabi/6.2.1/../../../../arm-none-eabi/lib/thumb/v6-m\libc_nano.a(lib_a-nano-mallocr.o)
                0x20000258                __malloc_free_list
 .bss.__malloc_sbrk_start
                0x2000025c        0x4 c:/program files (x86)/atmel/studio/7.0/toolchain/arm/arm-gnu-toolchain/bin/../lib/gcc/arm-none-eabi/6.2.1/../../../../arm-none-eabi/lib/thumb/v6-m\libc_nano.a(lib_a-nano-mallocr.o)
                0x2000025c                __malloc_sbrk_start
 *(COMMON)
 COMMON         0x20000260      0x218 application.o
                0x20000260                linkMinPulAmp
                0x20000268                descriptor_section
                0x20000278                linkAudio
                0x20000279                linkSleepMode
                0x2000027a                BISTcompleted
                0x2000027b                linkRandom
                0x2000027c                linkSyncWord
                0x20000280                statMissingPackets
                0x20000284                flash_mem
                0x200002c4                linkTXMask
                0x200002d0                statException
                0x200002d4                statSendPackets
                0x200002d8                statNumErrors
                0x200002dc                statLinkLost
                0x200002e0                statLastRSSI
                0x200002e4                in_buf
                0x20000364                statBERdist
                0x200003e0                linkMaster
                0x200003e2                linkMinSigStr
                0x200003e4                statLastNSSI
                0x200003e8                statReceivedPackets
                0x200003ec                linkPacketSize
                0x200003f0                out_buf
                0x20000470                linkMinNoiLvl
                0x20000472                linkBidirectional
                0x20000474                linkPreambleSize
                0x20000476                linkPacketRate
 COMMON         0x20000478       0xd1 audio.o
                0x20000478                audioRXmissing
                0x2000047c                audioRXreceived
                0x20000480                audioDecimate
                0x20000484                audioTXresent
                0x20000488                audioTXsent
                0x2000048c                RXbuf
                0x20000490                fill
                0x20000491                playback
                0x20000494                audioTXisempty
                0x20000498                TXbuf
                0x2000049c                lastMyEXP
                0x200004bc                upkeepBytes
                0x200004bd                hisEXP
                0x200004c0                filter
                0x200004d0                mySEQ
                0x200004d4                audioRXrejected
                0x200004d8                lastHisEXP
                0x200004f8                lastHisSEQ
                0x20000518                newPacket
                0x2000051a                last_sample
                0x2000051c                myEMPTY
                0x2000051d                toggle
                0x2000051e                hisEMPTY
                0x20000520                lastMySEQ
                0x20000540                myEXP
                0x20000544                audioRXduplicate
                0x20000548                hisSEQ
 *fill*         0x20000549        0x7 
 COMMON         0x20000550       0x2c DMA_driver.o
                0x20000550                DMA_descriptor
                0x20000560                DMA_resource
 COMMON         0x2000057c      0x499 hardware.o
                0x2000057c                std_buf
                0x200005fc                ep0_buf_in
                0x200007fc                interrupts
                0x20000800                USB_dtype
                0x20000802                usb_ep0_in_size
                0x20000804                usb_ep0_in_ptr
                0x20000808                usb_setup
                0x20000810                ep0_buf_out
                0x20000a10                i2s_value
                0x20000a14                extIntEnable
 *fill*         0x20000a15        0x3 
 COMMON         0x20000a18      0x126 radio.o
                0x20000a18                rxData
                0x20000a98                frame_cycles
                0x20000a9a                wakeupWasLast
                0x20000a9b                adjusting
                0x20000a9c                sleepingMode
                0x20000aa0                txData
                0x20000b20                running
                0x20000b21                cycling
                0x20000b22                sparkPacketRXWaited
                0x20000b24                sparkPacketNSSI
                0x20000b28                sparkRXbuffer
                0x20000b2c                packetRandom
                0x20000b2d                mode
                0x20000b2e                clockGated
                0x20000b30                sparkTXbuffer
                0x20000b34                bidirectional
                0x20000b35                sleepCfg
                0x20000b36                sparkPacketRSSI
                0x20000b37                lostPackets
                0x20000b38                packetNumBytes
                0x20000b39                sparkCRCfail
                0x20000b3a                sparkLastInt
                0x20000b3b                master
                0x20000b3c                sleep_cycles
 *fill*         0x20000b3e        0x2 
 COMMON         0x20000b40      0x288 usb.o
                0x20000b40                ep1_buf_out
                0x20000b80                sending_data
                0x20000b84                buffer
                0x20000b88                usb_endpoints
                0x20000c88                toUARTbuffer
                0x20000d88                ep1_buf_in
 COMMON         0x20000dc8        0x1 usb_requests.o
                0x20000dc8                usb_configuration
 *fill*         0x20000dc9        0x3 
 COMMON         0x20000dcc        0x4 c:/program files (x86)/atmel/studio/7.0/toolchain/arm/arm-gnu-toolchain/bin/../lib/gcc/arm-none-eabi/6.2.1/../../../../arm-none-eabi/lib/thumb/v6-m\libc_nano.a(lib_a-reent.o)
                0x20000dcc                errno
                0x20000dd0                . = ALIGN (0x4)
                0x20000dd0                _ebss = .
                0x20000dd0                _ezero = .

.stack          0x20000dd0     0x2000 load address 0x00007360
                0x20000dd0                . = ALIGN (0x8)
                0x20000dd0                _sstack = .
                0x20002dd0                . = (. + STACK_SIZE)
 *fill*         0x20000dd0     0x2000 
                0x20002dd0                . = ALIGN (0x8)
                0x20002dd0                _estack = .
                0x20002dd0                . = ALIGN (0x4)
                0x20002dd0                _end = .
OUTPUT(SparkNode8.elf elf32-littlearm)

.ARM.attributes
                0x00000000       0x28
 .ARM.attributes
                0x00000000       0x1e c:/program files (x86)/atmel/studio/7.0/toolchain/arm/arm-gnu-toolchain/bin/../lib/gcc/arm-none-eabi/6.2.1/thumb/v6-m/crti.o
 .ARM.attributes
                0x0000001e       0x2c c:/program files (x86)/atmel/studio/7.0/toolchain/arm/arm-gnu-toolchain/bin/../lib/gcc/arm-none-eabi/6.2.1/thumb/v6-m/crtbegin.o
 .ARM.attributes
                0x0000004a       0x32 application.o
 .ARM.attributes
                0x0000007c       0x32 audio.o
 .ARM.attributes
                0x000000ae       0x32 common/clock.o
 .ARM.attributes
                0x000000e0       0x32 Device_Startup/startup_samd21.o
 .ARM.attributes
                0x00000112       0x32 Device_Startup/syscalls.o
 .ARM.attributes
                0x00000144       0x32 DMA_driver.o
 .ARM.attributes
                0x00000176       0x32 flash.o
 .ARM.attributes
                0x000001a8       0x32 hardware.o
 .ARM.attributes
                0x000001da       0x32 main.o
 .ARM.attributes
                0x0000020c       0x32 radio.o
 .ARM.attributes
                0x0000023e       0x32 samd/usb_samd.o
 .ARM.attributes
                0x00000270       0x32 usb.o
 .ARM.attributes
                0x000002a2       0x32 usb_requests.o
 .ARM.attributes
                0x000002d4       0x32 WM8731.o
 .ARM.attributes
                0x00000306       0x1e c:/program files (x86)/atmel/studio/7.0/toolchain/arm/arm-gnu-toolchain/bin/../lib/gcc/arm-none-eabi/6.2.1/thumb/v6-m\libgcc.a(_udivsi3.o)
 .ARM.attributes
                0x00000324       0x1e c:/program files (x86)/atmel/studio/7.0/toolchain/arm/arm-gnu-toolchain/bin/../lib/gcc/arm-none-eabi/6.2.1/thumb/v6-m\libgcc.a(_divsi3.o)
 .ARM.attributes
                0x00000342       0x1e c:/program files (x86)/atmel/studio/7.0/toolchain/arm/arm-gnu-toolchain/bin/../lib/gcc/arm-none-eabi/6.2.1/thumb/v6-m\libgcc.a(_dvmd_tls.o)
 .ARM.attributes
                0x00000360       0x2c c:/program files (x86)/atmel/studio/7.0/toolchain/arm/arm-gnu-toolchain/bin/../lib/gcc/arm-none-eabi/6.2.1/../../../../arm-none-eabi/lib/thumb/v6-m\libc_nano.a(lib_a-impure.o)
 .ARM.attributes
                0x0000038c       0x2c c:/program files (x86)/atmel/studio/7.0/toolchain/arm/arm-gnu-toolchain/bin/../lib/gcc/arm-none-eabi/6.2.1/../../../../arm-none-eabi/lib/thumb/v6-m\libc_nano.a(lib_a-init.o)
 .ARM.attributes
                0x000003b8       0x2c c:/program files (x86)/atmel/studio/7.0/toolchain/arm/arm-gnu-toolchain/bin/../lib/gcc/arm-none-eabi/6.2.1/../../../../arm-none-eabi/lib/thumb/v6-m\libc_nano.a(lib_a-malloc.o)
 .ARM.attributes
                0x000003e4       0x2c c:/program files (x86)/atmel/studio/7.0/toolchain/arm/arm-gnu-toolchain/bin/../lib/gcc/arm-none-eabi/6.2.1/../../../../arm-none-eabi/lib/thumb/v6-m\libc_nano.a(lib_a-memcpy-stub.o)
 .ARM.attributes
                0x00000410       0x2c c:/program files (x86)/atmel/studio/7.0/toolchain/arm/arm-gnu-toolchain/bin/../lib/gcc/arm-none-eabi/6.2.1/../../../../arm-none-eabi/lib/thumb/v6-m\libc_nano.a(lib_a-memset.o)
 .ARM.attributes
                0x0000043c       0x2c c:/program files (x86)/atmel/studio/7.0/toolchain/arm/arm-gnu-toolchain/bin/../lib/gcc/arm-none-eabi/6.2.1/../../../../arm-none-eabi/lib/thumb/v6-m\libc_nano.a(lib_a-nano-freer.o)
 .ARM.attributes
                0x00000468       0x2c c:/program files (x86)/atmel/studio/7.0/toolchain/arm/arm-gnu-toolchain/bin/../lib/gcc/arm-none-eabi/6.2.1/../../../../arm-none-eabi/lib/thumb/v6-m\libc_nano.a(lib_a-nano-mallocr.o)
 .ARM.attributes
                0x00000494       0x2c c:/program files (x86)/atmel/studio/7.0/toolchain/arm/arm-gnu-toolchain/bin/../lib/gcc/arm-none-eabi/6.2.1/../../../../arm-none-eabi/lib/thumb/v6-m\libc_nano.a(lib_a-sbrkr.o)
 .ARM.attributes
                0x000004c0       0x2c c:/program files (x86)/atmel/studio/7.0/toolchain/arm/arm-gnu-toolchain/bin/../lib/gcc/arm-none-eabi/6.2.1/../../../../arm-none-eabi/lib/thumb/v6-m\libc_nano.a(lib_a-sscanf.o)
 .ARM.attributes
                0x000004ec       0x2c c:/program files (x86)/atmel/studio/7.0/toolchain/arm/arm-gnu-toolchain/bin/../lib/gcc/arm-none-eabi/6.2.1/../../../../arm-none-eabi/lib/thumb/v6-m\libc_nano.a(lib_a-stdio.o)
 .ARM.attributes
                0x00000518       0x1c c:/program files (x86)/atmel/studio/7.0/toolchain/arm/arm-gnu-toolchain/bin/../lib/gcc/arm-none-eabi/6.2.1/../../../../arm-none-eabi/lib/thumb/v6-m\libc_nano.a(lib_a-strlen.o)
 .ARM.attributes
                0x00000534       0x2c c:/program files (x86)/atmel/studio/7.0/toolchain/arm/arm-gnu-toolchain/bin/../lib/gcc/arm-none-eabi/6.2.1/../../../../arm-none-eabi/lib/thumb/v6-m\libc_nano.a(lib_a-vsprintf.o)
 .ARM.attributes
                0x00000560       0x2c c:/program files (x86)/atmel/studio/7.0/toolchain/arm/arm-gnu-toolchain/bin/../lib/gcc/arm-none-eabi/6.2.1/../../../../arm-none-eabi/lib/thumb/v6-m\libc_nano.a(lib_a-mlock.o)
 .ARM.attributes
                0x0000058c       0x2c c:/program files (x86)/atmel/studio/7.0/toolchain/arm/arm-gnu-toolchain/bin/../lib/gcc/arm-none-eabi/6.2.1/../../../../arm-none-eabi/lib/thumb/v6-m\libc_nano.a(lib_a-nano-svfprintf.o)
 .ARM.attributes
                0x000005b8       0x2c c:/program files (x86)/atmel/studio/7.0/toolchain/arm/arm-gnu-toolchain/bin/../lib/gcc/arm-none-eabi/6.2.1/../../../../arm-none-eabi/lib/thumb/v6-m\libc_nano.a(lib_a-nano-svfscanf.o)
 .ARM.attributes
                0x000005e4       0x2c c:/program files (x86)/atmel/studio/7.0/toolchain/arm/arm-gnu-toolchain/bin/../lib/gcc/arm-none-eabi/6.2.1/../../../../arm-none-eabi/lib/thumb/v6-m\libc_nano.a(lib_a-nano-vfprintf_i.o)
 .ARM.attributes
                0x00000610       0x2c c:/program files (x86)/atmel/studio/7.0/toolchain/arm/arm-gnu-toolchain/bin/../lib/gcc/arm-none-eabi/6.2.1/../../../../arm-none-eabi/lib/thumb/v6-m\libc_nano.a(lib_a-nano-vfscanf_i.o)
 .ARM.attributes
                0x0000063c       0x2c c:/program files (x86)/atmel/studio/7.0/toolchain/arm/arm-gnu-toolchain/bin/../lib/gcc/arm-none-eabi/6.2.1/../../../../arm-none-eabi/lib/thumb/v6-m\libc_nano.a(lib_a-reent.o)
 .ARM.attributes
                0x00000668       0x2c c:/program files (x86)/atmel/studio/7.0/toolchain/arm/arm-gnu-toolchain/bin/../lib/gcc/arm-none-eabi/6.2.1/../../../../arm-none-eabi/lib/thumb/v6-m\libc_nano.a(lib_a-sccl.o)
 .ARM.attributes
                0x00000694       0x2c c:/program files (x86)/atmel/studio/7.0/toolchain/arm/arm-gnu-toolchain/bin/../lib/gcc/arm-none-eabi/6.2.1/../../../../arm-none-eabi/lib/thumb/v6-m\libc_nano.a(lib_a-strtol.o)
 .ARM.attributes
                0x000006c0       0x2c c:/program files (x86)/atmel/studio/7.0/toolchain/arm/arm-gnu-toolchain/bin/../lib/gcc/arm-none-eabi/6.2.1/../../../../arm-none-eabi/lib/thumb/v6-m\libc_nano.a(lib_a-strtoul.o)
 .ARM.attributes
                0x000006ec       0x2c c:/program files (x86)/atmel/studio/7.0/toolchain/arm/arm-gnu-toolchain/bin/../lib/gcc/arm-none-eabi/6.2.1/../../../../arm-none-eabi/lib/thumb/v6-m\libc_nano.a(lib_a-ungetc.o)
 .ARM.attributes
                0x00000718       0x2c c:/program files (x86)/atmel/studio/7.0/toolchain/arm/arm-gnu-toolchain/bin/../lib/gcc/arm-none-eabi/6.2.1/../../../../arm-none-eabi/lib/thumb/v6-m\libc_nano.a(lib_a-findfp.o)
 .ARM.attributes
                0x00000744       0x2c c:/program files (x86)/atmel/studio/7.0/toolchain/arm/arm-gnu-toolchain/bin/../lib/gcc/arm-none-eabi/6.2.1/../../../../arm-none-eabi/lib/thumb/v6-m\libc_nano.a(lib_a-locale.o)
 .ARM.attributes
                0x00000770       0x2c c:/program files (x86)/atmel/studio/7.0/toolchain/arm/arm-gnu-toolchain/bin/../lib/gcc/arm-none-eabi/6.2.1/../../../../arm-none-eabi/lib/thumb/v6-m\libc_nano.a(lib_a-mbtowc_r.o)
 .ARM.attributes
                0x0000079c       0x2c c:/program files (x86)/atmel/studio/7.0/toolchain/arm/arm-gnu-toolchain/bin/../lib/gcc/arm-none-eabi/6.2.1/../../../../arm-none-eabi/lib/thumb/v6-m\libc_nano.a(lib_a-memchr-stub.o)
 .ARM.attributes
                0x000007c8       0x2c c:/program files (x86)/atmel/studio/7.0/toolchain/arm/arm-gnu-toolchain/bin/../lib/gcc/arm-none-eabi/6.2.1/../../../../arm-none-eabi/lib/thumb/v6-m\libc_nano.a(lib_a-memmove.o)
 .ARM.attributes
                0x000007f4       0x2c c:/program files (x86)/atmel/studio/7.0/toolchain/arm/arm-gnu-toolchain/bin/../lib/gcc/arm-none-eabi/6.2.1/../../../../arm-none-eabi/lib/thumb/v6-m\libc_nano.a(lib_a-nano-reallocr.o)
 .ARM.attributes
                0x00000820       0x2c c:/program files (x86)/atmel/studio/7.0/toolchain/arm/arm-gnu-toolchain/bin/../lib/gcc/arm-none-eabi/6.2.1/../../../../arm-none-eabi/lib/thumb/v6-m\libc_nano.a(lib_a-wctomb_r.o)
 .ARM.attributes
                0x0000084c       0x2c c:/program files (x86)/atmel/studio/7.0/toolchain/arm/arm-gnu-toolchain/bin/../lib/gcc/arm-none-eabi/6.2.1/../../../../arm-none-eabi/lib/thumb/v6-m\libc_nano.a(lib_a-ctype_.o)
 .ARM.attributes
                0x00000878       0x2c c:/program files (x86)/atmel/studio/7.0/toolchain/arm/arm-gnu-toolchain/bin/../lib/gcc/arm-none-eabi/6.2.1/../../../../arm-none-eabi/lib/thumb/v6-m\libc_nano.a(lib_a-nano-msizer.o)
 .ARM.attributes
                0x000008a4       0x1e c:/program files (x86)/atmel/studio/7.0/toolchain/arm/arm-gnu-toolchain/bin/../lib/gcc/arm-none-eabi/6.2.1/thumb/v6-m/crtn.o

.comment        0x00000000       0x59
 .comment       0x00000000       0x59 application.o
                                 0x5a (size before relaxing)
 .comment       0x00000059       0x5a audio.o
 .comment       0x00000059       0x5a common/clock.o
 .comment       0x00000059       0x5a Device_Startup/startup_samd21.o
 .comment       0x00000059       0x5a Device_Startup/syscalls.o
 .comment       0x00000059       0x5a DMA_driver.o
 .comment       0x00000059       0x5a flash.o
 .comment       0x00000059       0x5a hardware.o
 .comment       0x00000059       0x5a main.o
 .comment       0x00000059       0x5a radio.o
 .comment       0x00000059       0x5a samd/usb_samd.o
 .comment       0x00000059       0x5a usb.o
 .comment       0x00000059       0x5a usb_requests.o
 .comment       0x00000059       0x5a WM8731.o

.debug_info     0x00000000    0x27736
 .debug_info    0x00000000     0x272e application.o
 .debug_info    0x0000272e     0x18b5 audio.o
 .debug_info    0x00003fe3     0x22e7 common/clock.o
 .debug_info    0x000062ca     0x3a80 Device_Startup/startup_samd21.o
 .debug_info    0x00009d4a      0xd8c Device_Startup/syscalls.o
 .debug_info    0x0000aad6     0x455a DMA_driver.o
 .debug_info    0x0000f030      0xfdd flash.o
 .debug_info    0x0001000d     0x7f87 hardware.o
 .debug_info    0x00017f94     0x15d6 main.o
 .debug_info    0x0001956a     0x3acc radio.o
 .debug_info    0x0001d036     0x4055 samd/usb_samd.o
 .debug_info    0x0002108b     0x1af8 usb.o
 .debug_info    0x00022b83      0xf1c usb_requests.o
 .debug_info    0x00023a9f     0x3c97 WM8731.o

.debug_abbrev   0x00000000     0x2ee8
 .debug_abbrev  0x00000000      0x3bb application.o
 .debug_abbrev  0x000003bb      0x434 audio.o
 .debug_abbrev  0x000007ef      0x210 common/clock.o
 .debug_abbrev  0x000009ff      0x268 Device_Startup/startup_samd21.o
 .debug_abbrev  0x00000c67      0x257 Device_Startup/syscalls.o
 .debug_abbrev  0x00000ebe      0x2f3 DMA_driver.o
 .debug_abbrev  0x000011b1      0x204 flash.o
 .debug_abbrev  0x000013b5      0x5a2 hardware.o
 .debug_abbrev  0x00001957      0x294 main.o
 .debug_abbrev  0x00001beb      0x463 radio.o
 .debug_abbrev  0x0000204e      0x4bc samd/usb_samd.o
 .debug_abbrev  0x0000250a      0x3ca usb.o
 .debug_abbrev  0x000028d4      0x295 usb_requests.o
 .debug_abbrev  0x00002b69      0x37f WM8731.o

.debug_loc      0x00000000     0x3f94
 .debug_loc     0x00000000      0xc3e application.o
 .debug_loc     0x00000c3e      0x81c audio.o
 .debug_loc     0x0000145a      0x16f common/clock.o
 .debug_loc     0x000015c9       0x78 Device_Startup/startup_samd21.o
 .debug_loc     0x00001641       0xef Device_Startup/syscalls.o
 .debug_loc     0x00001730      0x152 DMA_driver.o
 .debug_loc     0x00001882      0x1a8 flash.o
 .debug_loc     0x00001a2a      0x610 hardware.o
 .debug_loc     0x0000203a       0x20 main.o
 .debug_loc     0x0000205a      0xb27 radio.o
 .debug_loc     0x00002b81      0x8e3 samd/usb_samd.o
 .debug_loc     0x00003464      0x6e5 usb.o
 .debug_loc     0x00003b49      0x182 usb_requests.o
 .debug_loc     0x00003ccb      0x2c9 WM8731.o

.debug_aranges  0x00000000      0x618
 .debug_aranges
                0x00000000       0xc0 application.o
 .debug_aranges
                0x000000c0       0x78 audio.o
 .debug_aranges
                0x00000138       0x48 common/clock.o
 .debug_aranges
                0x00000180       0x28 Device_Startup/startup_samd21.o
 .debug_aranges
                0x000001a8       0x60 Device_Startup/syscalls.o
 .debug_aranges
                0x00000208       0x50 DMA_driver.o
 .debug_aranges
                0x00000258       0x38 flash.o
 .debug_aranges
                0x00000290       0xe0 hardware.o
 .debug_aranges
                0x00000370       0x20 main.o
 .debug_aranges
                0x00000390       0xc0 radio.o
 .debug_aranges
                0x00000450       0xc0 samd/usb_samd.o
 .debug_aranges
                0x00000510       0x88 usb.o
 .debug_aranges
                0x00000598       0x40 usb_requests.o
 .debug_aranges
                0x000005d8       0x40 WM8731.o

.debug_ranges   0x00000000      0x878
 .debug_ranges  0x00000000      0x160 application.o
 .debug_ranges  0x00000160      0x158 audio.o
 .debug_ranges  0x000002b8       0x38 common/clock.o
 .debug_ranges  0x000002f0       0x18 Device_Startup/startup_samd21.o
 .debug_ranges  0x00000308       0x50 Device_Startup/syscalls.o
 .debug_ranges  0x00000358       0x40 DMA_driver.o
 .debug_ranges  0x00000398       0x60 flash.o
 .debug_ranges  0x000003f8       0xd0 hardware.o
 .debug_ranges  0x000004c8       0x10 main.o
 .debug_ranges  0x000004d8      0x110 radio.o
 .debug_ranges  0x000005e8      0x110 samd/usb_samd.o
 .debug_ranges  0x000006f8      0x108 usb.o
 .debug_ranges  0x00000800       0x30 usb_requests.o
 .debug_ranges  0x00000830       0x48 WM8731.o

.debug_macro    0x00000000    0x17287
 .debug_macro   0x00000000      0x417 application.o
 .debug_macro   0x00000417      0x898 application.o
 .debug_macro   0x00000caf       0x22 application.o
 .debug_macro   0x00000cd1       0x22 application.o
 .debug_macro   0x00000cf3       0x87 application.o
 .debug_macro   0x00000d7a       0x51 application.o
 .debug_macro   0x00000dcb       0xef application.o
 .debug_macro   0x00000eba       0x6a application.o
 .debug_macro   0x00000f24      0x1df application.o
 .debug_macro   0x00001103       0x52 application.o
 .debug_macro   0x00001155       0x35 application.o
 .debug_macro   0x0000118a       0x9c application.o
 .debug_macro   0x00001226      0x16d application.o
 .debug_macro   0x00001393       0x52 application.o
 .debug_macro   0x000013e5       0x1f application.o
 .debug_macro   0x00001404       0x43 application.o
 .debug_macro   0x00001447       0x20 application.o
 .debug_macro   0x00001467      0x187 application.o
 .debug_macro   0x000015ee      0x330 application.o
 .debug_macro   0x0000191e       0x10 application.o
 .debug_macro   0x0000192e       0x35 application.o
 .debug_macro   0x00001963       0x46 application.o
 .debug_macro   0x000019a9       0x3a application.o
 .debug_macro   0x000019e3       0x1f application.o
 .debug_macro   0x00001a02      0x250 application.o
 .debug_macro   0x00001c52      0x67d application.o
 .debug_macro   0x000022cf      0x8b0 application.o
 .debug_macro   0x00002b7f      0x22e application.o
 .debug_macro   0x00002dad      0xd5c application.o
 .debug_macro   0x00003b09      0x4c6 application.o
 .debug_macro   0x00003fcf      0x9f6 application.o
 .debug_macro   0x000049c5      0x82a application.o
 .debug_macro   0x000051ef      0x450 application.o
 .debug_macro   0x0000563f       0x5e application.o
 .debug_macro   0x0000569d      0x8f8 application.o
 .debug_macro   0x00005f95      0x21c application.o
 .debug_macro   0x000061b1      0x734 application.o
 .debug_macro   0x000068e5       0x5e application.o
 .debug_macro   0x00006943      0x631 application.o
 .debug_macro   0x00006f74      0x3ab application.o
 .debug_macro   0x0000731f      0xc75 application.o
 .debug_macro   0x00007f94     0x1092 application.o
 .debug_macro   0x00009026      0xc4a application.o
 .debug_macro   0x00009c70      0x6ba application.o
 .debug_macro   0x0000a32a     0x1b3c application.o
 .debug_macro   0x0000be66     0x143b application.o
 .debug_macro   0x0000d2a1      0x33f application.o
 .debug_macro   0x0000d5e0       0x7c application.o
 .debug_macro   0x0000d65c       0xa0 application.o
 .debug_macro   0x0000d6fc       0x4c application.o
 .debug_macro   0x0000d748       0xca application.o
 .debug_macro   0x0000d812       0x94 application.o
 .debug_macro   0x0000d8a6       0x58 application.o
 .debug_macro   0x0000d8fe      0x340 application.o
 .debug_macro   0x0000dc3e       0x82 application.o
 .debug_macro   0x0000dcc0      0x188 application.o
 .debug_macro   0x0000de48       0xb8 application.o
 .debug_macro   0x0000df00       0xa0 application.o
 .debug_macro   0x0000dfa0       0xb2 application.o
 .debug_macro   0x0000e052       0x1c application.o
 .debug_macro   0x0000e06e       0x1c application.o
 .debug_macro   0x0000e08a       0x1c application.o
 .debug_macro   0x0000e0a6       0x7c application.o
 .debug_macro   0x0000e122      0x15a application.o
 .debug_macro   0x0000e27c       0xdc application.o
 .debug_macro   0x0000e358      0x124 application.o
 .debug_macro   0x0000e47c      0x124 application.o
 .debug_macro   0x0000e5a0      0x124 application.o
 .debug_macro   0x0000e6c4      0x124 application.o
 .debug_macro   0x0000e7e8      0x124 application.o
 .debug_macro   0x0000e90c      0x124 application.o
 .debug_macro   0x0000ea30      0x124 application.o
 .debug_macro   0x0000eb54       0xe2 application.o
 .debug_macro   0x0000ec36       0xe2 application.o
 .debug_macro   0x0000ed18       0xe2 application.o
 .debug_macro   0x0000edfa      0x12a application.o
 .debug_macro   0x0000ef24      0x100 application.o
 .debug_macro   0x0000f024       0xf4 application.o
 .debug_macro   0x0000f118      0x40f application.o
 .debug_macro   0x0000f527       0x40 application.o
 .debug_macro   0x0000f567      0x376 application.o
 .debug_macro   0x0000f8dd     0x17de application.o
 .debug_macro   0x000110bb       0x6d application.o
 .debug_macro   0x00011128       0x10 application.o
 .debug_macro   0x00011138       0x16 application.o
 .debug_macro   0x0001114e       0x16 application.o
 .debug_macro   0x00011164       0x10 application.o
 .debug_macro   0x00011174       0x10 application.o
 .debug_macro   0x00011184       0x10 application.o
 .debug_macro   0x00011194       0x34 application.o
 .debug_macro   0x000111c8      0x298 application.o
 .debug_macro   0x00011460       0x1c application.o
 .debug_macro   0x0001147c      0x461 audio.o
 .debug_macro   0x000118dd       0x16 audio.o
 .debug_macro   0x000118f3       0x16 audio.o
 .debug_macro   0x00011909       0x29 audio.o
 .debug_macro   0x00011932       0x16 audio.o
 .debug_macro   0x00011948      0x309 common/clock.o
 .debug_macro   0x00011c51       0x43 common/clock.o
 .debug_macro   0x00011c94      0x2e5 Device_Startup/startup_samd21.o
 .debug_macro   0x00011f79       0x40 Device_Startup/startup_samd21.o
 .debug_macro   0x00011fb9      0x1d6 Device_Startup/syscalls.o
 .debug_macro   0x0001218f       0x4c Device_Startup/syscalls.o
 .debug_macro   0x000121db       0x8d Device_Startup/syscalls.o
 .debug_macro   0x00012268       0x16 Device_Startup/syscalls.o
 .debug_macro   0x0001227e       0x57 Device_Startup/syscalls.o
 .debug_macro   0x000122d5       0x97 Device_Startup/syscalls.o
 .debug_macro   0x0001236c       0xf6 Device_Startup/syscalls.o
 .debug_macro   0x00012462       0x10 Device_Startup/syscalls.o
 .debug_macro   0x00012472       0x10 Device_Startup/syscalls.o
 .debug_macro   0x00012482       0x1c Device_Startup/syscalls.o
 .debug_macro   0x0001249e       0x52 Device_Startup/syscalls.o
 .debug_macro   0x000124f0       0x40 Device_Startup/syscalls.o
 .debug_macro   0x00012530       0x10 Device_Startup/syscalls.o
 .debug_macro   0x00012540       0x40 Device_Startup/syscalls.o
 .debug_macro   0x00012580       0xd7 Device_Startup/syscalls.o
 .debug_macro   0x00012657       0x16 Device_Startup/syscalls.o
 .debug_macro   0x0001266d      0x18b Device_Startup/syscalls.o
 .debug_macro   0x000127f8       0x4c Device_Startup/syscalls.o
 .debug_macro   0x00012844       0x16 Device_Startup/syscalls.o
 .debug_macro   0x0001285a       0x10 Device_Startup/syscalls.o
 .debug_macro   0x0001286a       0x10 Device_Startup/syscalls.o
 .debug_macro   0x0001287a       0x35 Device_Startup/syscalls.o
 .debug_macro   0x000128af      0x122 Device_Startup/syscalls.o
 .debug_macro   0x000129d1      0x3c2 DMA_driver.o
 .debug_macro   0x00012d93       0x40 DMA_driver.o
 .debug_macro   0x00012dd3       0xe2 DMA_driver.o
 .debug_macro   0x00012eb5       0xe2 DMA_driver.o
 .debug_macro   0x00012f97      0x392 DMA_driver.o
 .debug_macro   0x00013329     0x1faf DMA_driver.o
 .debug_macro   0x000152d8       0x6d DMA_driver.o
 .debug_macro   0x00015345      0x307 flash.o
 .debug_macro   0x0001564c       0x16 flash.o
 .debug_macro   0x00015662      0x4e0 hardware.o
 .debug_macro   0x00015b42       0x16 hardware.o
 .debug_macro   0x00015b58       0xca hardware.o
 .debug_macro   0x00015c22       0x2e hardware.o
 .debug_macro   0x00015c50       0x2e hardware.o
 .debug_macro   0x00015c7e       0x22 hardware.o
 .debug_macro   0x00015ca0      0x423 main.o
 .debug_macro   0x000160c3      0x416 radio.o
 .debug_macro   0x000164d9       0x2e radio.o
 .debug_macro   0x00016507      0x3fd samd/usb_samd.o
 .debug_macro   0x00016904       0x3a samd/usb_samd.o
 .debug_macro   0x0001693e      0x405 usb.o
 .debug_macro   0x00016d43      0x136 usb_requests.o
 .debug_macro   0x00016e79      0x40e WM8731.o

.debug_line     0x00000000     0x7819
 .debug_line    0x00000000      0xc6e application.o
 .debug_line    0x00000c6e      0xb13 audio.o
 .debug_line    0x00001781      0x73b common/clock.o
 .debug_line    0x00001ebc      0x6ec Device_Startup/startup_samd21.o
 .debug_line    0x000025a8      0x3f9 Device_Startup/syscalls.o
 .debug_line    0x000029a1      0x807 DMA_driver.o
 .debug_line    0x000031a8      0x749 flash.o
 .debug_line    0x000038f1      0xbe5 hardware.o
 .debug_line    0x000044d6      0x7f3 main.o
 .debug_line    0x00004cc9      0xb8d radio.o
 .debug_line    0x00005856      0xa2d samd/usb_samd.o
 .debug_line    0x00006283      0x992 usb.o
 .debug_line    0x00006c15      0x3a4 usb_requests.o
 .debug_line    0x00006fb9      0x860 WM8731.o

.debug_str      0x00000000    0x781b6
 .debug_str     0x00000000    0x6e907 application.o
                              0x6ed4c (size before relaxing)
 .debug_str     0x0006e907      0x3b5 audio.o
                              0x6ec45 (size before relaxing)
 .debug_str     0x0006ecbc      0x9ee common/clock.o
                              0x6b7a8 (size before relaxing)
 .debug_str     0x0006f6aa      0xf3e Device_Startup/startup_samd21.o
                              0x6bed4 (size before relaxing)
 .debug_str     0x000705e8     0x18da Device_Startup/syscalls.o
                               0x714f (size before relaxing)
 .debug_str     0x00071ec2     0x3bec DMA_driver.o
                              0x72232 (size before relaxing)
 .debug_str     0x00075aae       0xa4 flash.o
                              0x6e746 (size before relaxing)
 .debug_str     0x00075b52     0x1458 hardware.o
                              0x714b4 (size before relaxing)
 .debug_str     0x00076faa       0x64 main.o
                              0x6e81c (size before relaxing)
 .debug_str     0x0007700e      0x242 radio.o
                              0x6eec5 (size before relaxing)
 .debug_str     0x00077250      0x5f8 samd/usb_samd.o
                              0x6f428 (size before relaxing)
 .debug_str     0x00077848      0x5f2 usb.o
                              0x6ed6f (size before relaxing)
 .debug_str     0x00077e3a      0x12c usb_requests.o
                               0x6b0a (size before relaxing)
 .debug_str     0x00077f66      0x250 WM8731.o
                              0x6eb62 (size before relaxing)

.debug_frame    0x00000000     0x1774
 .debug_frame   0x00000000      0x234 application.o
 .debug_frame   0x00000234      0x144 audio.o
 .debug_frame   0x00000378       0x8c common/clock.o
 .debug_frame   0x00000404       0x40 Device_Startup/startup_samd21.o
 .debug_frame   0x00000444       0xa0 Device_Startup/syscalls.o
 .debug_frame   0x000004e4       0xb0 DMA_driver.o
 .debug_frame   0x00000594       0x68 flash.o
 .debug_frame   0x000005fc      0x218 hardware.o
 .debug_frame   0x00000814       0x28 main.o
 .debug_frame   0x0000083c      0x220 radio.o
 .debug_frame   0x00000a5c      0x1b8 samd/usb_samd.o
 .debug_frame   0x00000c14      0x134 usb.o
 .debug_frame   0x00000d48       0x94 usb_requests.o
 .debug_frame   0x00000ddc       0x88 WM8731.o
 .debug_frame   0x00000e64       0x20 c:/program files (x86)/atmel/studio/7.0/toolchain/arm/arm-gnu-toolchain/bin/../lib/gcc/arm-none-eabi/6.2.1/thumb/v6-m\libgcc.a(_udivsi3.o)
 .debug_frame   0x00000e84       0x20 c:/program files (x86)/atmel/studio/7.0/toolchain/arm/arm-gnu-toolchain/bin/../lib/gcc/arm-none-eabi/6.2.1/thumb/v6-m\libgcc.a(_divsi3.o)
 .debug_frame   0x00000ea4       0x2c c:/program files (x86)/atmel/studio/7.0/toolchain/arm/arm-gnu-toolchain/bin/../lib/gcc/arm-none-eabi/6.2.1/../../../../arm-none-eabi/lib/thumb/v6-m\libc_nano.a(lib_a-init.o)
 .debug_frame   0x00000ed0       0x40 c:/program files (x86)/atmel/studio/7.0/toolchain/arm/arm-gnu-toolchain/bin/../lib/gcc/arm-none-eabi/6.2.1/../../../../arm-none-eabi/lib/thumb/v6-m\libc_nano.a(lib_a-malloc.o)
 .debug_frame   0x00000f10       0x28 c:/program files (x86)/atmel/studio/7.0/toolchain/arm/arm-gnu-toolchain/bin/../lib/gcc/arm-none-eabi/6.2.1/../../../../arm-none-eabi/lib/thumb/v6-m\libc_nano.a(lib_a-memcpy-stub.o)
 .debug_frame   0x00000f38       0x20 c:/program files (x86)/atmel/studio/7.0/toolchain/arm/arm-gnu-toolchain/bin/../lib/gcc/arm-none-eabi/6.2.1/../../../../arm-none-eabi/lib/thumb/v6-m\libc_nano.a(lib_a-memset.o)
 .debug_frame   0x00000f58       0x2c c:/program files (x86)/atmel/studio/7.0/toolchain/arm/arm-gnu-toolchain/bin/../lib/gcc/arm-none-eabi/6.2.1/../../../../arm-none-eabi/lib/thumb/v6-m\libc_nano.a(lib_a-nano-freer.o)
 .debug_frame   0x00000f84       0x2c c:/program files (x86)/atmel/studio/7.0/toolchain/arm/arm-gnu-toolchain/bin/../lib/gcc/arm-none-eabi/6.2.1/../../../../arm-none-eabi/lib/thumb/v6-m\libc_nano.a(lib_a-nano-mallocr.o)
 .debug_frame   0x00000fb0       0x2c c:/program files (x86)/atmel/studio/7.0/toolchain/arm/arm-gnu-toolchain/bin/../lib/gcc/arm-none-eabi/6.2.1/../../../../arm-none-eabi/lib/thumb/v6-m\libc_nano.a(lib_a-sbrkr.o)
 .debug_frame   0x00000fdc       0x58 c:/program files (x86)/atmel/studio/7.0/toolchain/arm/arm-gnu-toolchain/bin/../lib/gcc/arm-none-eabi/6.2.1/../../../../arm-none-eabi/lib/thumb/v6-m\libc_nano.a(lib_a-sscanf.o)
 .debug_frame   0x00001034       0x90 c:/program files (x86)/atmel/studio/7.0/toolchain/arm/arm-gnu-toolchain/bin/../lib/gcc/arm-none-eabi/6.2.1/../../../../arm-none-eabi/lib/thumb/v6-m\libc_nano.a(lib_a-stdio.o)
 .debug_frame   0x000010c4       0x44 c:/program files (x86)/atmel/studio/7.0/toolchain/arm/arm-gnu-toolchain/bin/../lib/gcc/arm-none-eabi/6.2.1/../../../../arm-none-eabi/lib/thumb/v6-m\libc_nano.a(lib_a-vsprintf.o)
 .debug_frame   0x00001108       0x30 c:/program files (x86)/atmel/studio/7.0/toolchain/arm/arm-gnu-toolchain/bin/../lib/gcc/arm-none-eabi/6.2.1/../../../../arm-none-eabi/lib/thumb/v6-m\libc_nano.a(lib_a-mlock.o)
 .debug_frame   0x00001138       0x74 c:/program files (x86)/atmel/studio/7.0/toolchain/arm/arm-gnu-toolchain/bin/../lib/gcc/arm-none-eabi/6.2.1/../../../../arm-none-eabi/lib/thumb/v6-m\libc_nano.a(lib_a-nano-svfprintf.o)
 .debug_frame   0x000011ac       0x68 c:/program files (x86)/atmel/studio/7.0/toolchain/arm/arm-gnu-toolchain/bin/../lib/gcc/arm-none-eabi/6.2.1/../../../../arm-none-eabi/lib/thumb/v6-m\libc_nano.a(lib_a-nano-svfscanf.o)
 .debug_frame   0x00001214       0x54 c:/program files (x86)/atmel/studio/7.0/toolchain/arm/arm-gnu-toolchain/bin/../lib/gcc/arm-none-eabi/6.2.1/../../../../arm-none-eabi/lib/thumb/v6-m\libc_nano.a(lib_a-nano-vfprintf_i.o)
 .debug_frame   0x00001268       0x54 c:/program files (x86)/atmel/studio/7.0/toolchain/arm/arm-gnu-toolchain/bin/../lib/gcc/arm-none-eabi/6.2.1/../../../../arm-none-eabi/lib/thumb/v6-m\libc_nano.a(lib_a-nano-vfscanf_i.o)
 .debug_frame   0x000012bc       0x48 c:/program files (x86)/atmel/studio/7.0/toolchain/arm/arm-gnu-toolchain/bin/../lib/gcc/arm-none-eabi/6.2.1/../../../../arm-none-eabi/lib/thumb/v6-m\libc_nano.a(lib_a-reent.o)
 .debug_frame   0x00001304       0x2c c:/program files (x86)/atmel/studio/7.0/toolchain/arm/arm-gnu-toolchain/bin/../lib/gcc/arm-none-eabi/6.2.1/../../../../arm-none-eabi/lib/thumb/v6-m\libc_nano.a(lib_a-sccl.o)
 .debug_frame   0x00001330       0x88 c:/program files (x86)/atmel/studio/7.0/toolchain/arm/arm-gnu-toolchain/bin/../lib/gcc/arm-none-eabi/6.2.1/../../../../arm-none-eabi/lib/thumb/v6-m\libc_nano.a(lib_a-strtol.o)
 .debug_frame   0x000013b8       0x88 c:/program files (x86)/atmel/studio/7.0/toolchain/arm/arm-gnu-toolchain/bin/../lib/gcc/arm-none-eabi/6.2.1/../../../../arm-none-eabi/lib/thumb/v6-m\libc_nano.a(lib_a-strtoul.o)
 .debug_frame   0x00001440       0x6c c:/program files (x86)/atmel/studio/7.0/toolchain/arm/arm-gnu-toolchain/bin/../lib/gcc/arm-none-eabi/6.2.1/../../../../arm-none-eabi/lib/thumb/v6-m\libc_nano.a(lib_a-ungetc.o)
 .debug_frame   0x000014ac      0x140 c:/program files (x86)/atmel/studio/7.0/toolchain/arm/arm-gnu-toolchain/bin/../lib/gcc/arm-none-eabi/6.2.1/../../../../arm-none-eabi/lib/thumb/v6-m\libc_nano.a(lib_a-findfp.o)
 .debug_frame   0x000015ec       0x74 c:/program files (x86)/atmel/studio/7.0/toolchain/arm/arm-gnu-toolchain/bin/../lib/gcc/arm-none-eabi/6.2.1/../../../../arm-none-eabi/lib/thumb/v6-m\libc_nano.a(lib_a-locale.o)
 .debug_frame   0x00001660       0x44 c:/program files (x86)/atmel/studio/7.0/toolchain/arm/arm-gnu-toolchain/bin/../lib/gcc/arm-none-eabi/6.2.1/../../../../arm-none-eabi/lib/thumb/v6-m\libc_nano.a(lib_a-mbtowc_r.o)
 .debug_frame   0x000016a4       0x20 c:/program files (x86)/atmel/studio/7.0/toolchain/arm/arm-gnu-toolchain/bin/../lib/gcc/arm-none-eabi/6.2.1/../../../../arm-none-eabi/lib/thumb/v6-m\libc_nano.a(lib_a-memchr-stub.o)
 .debug_frame   0x000016c4       0x28 c:/program files (x86)/atmel/studio/7.0/toolchain/arm/arm-gnu-toolchain/bin/../lib/gcc/arm-none-eabi/6.2.1/../../../../arm-none-eabi/lib/thumb/v6-m\libc_nano.a(lib_a-memmove.o)
 .debug_frame   0x000016ec       0x30 c:/program files (x86)/atmel/studio/7.0/toolchain/arm/arm-gnu-toolchain/bin/../lib/gcc/arm-none-eabi/6.2.1/../../../../arm-none-eabi/lib/thumb/v6-m\libc_nano.a(lib_a-nano-reallocr.o)
 .debug_frame   0x0000171c       0x38 c:/program files (x86)/atmel/studio/7.0/toolchain/arm/arm-gnu-toolchain/bin/../lib/gcc/arm-none-eabi/6.2.1/../../../../arm-none-eabi/lib/thumb/v6-m\libc_nano.a(lib_a-wctomb_r.o)
 .debug_frame   0x00001754       0x20 c:/program files (x86)/atmel/studio/7.0/toolchain/arm/arm-gnu-toolchain/bin/../lib/gcc/arm-none-eabi/6.2.1/../../../../arm-none-eabi/lib/thumb/v6-m\libc_nano.a(lib_a-nano-msizer.o)
