Archive member included to satisfy reference by file (symbol)

c:/program files (x86)/atmel/studio/7.0/toolchain/arm/arm-gnu-toolchain/bin/../lib/gcc/arm-none-eabi/6.2.1/thumb/v6-m\libgcc.a(_udivsi3.o)
                              src/ASF/sam0/drivers/nvm/nvm.o (__aeabi_uidiv)
c:/program files (x86)/atmel/studio/7.0/toolchain/arm/arm-gnu-toolchain/bin/../lib/gcc/arm-none-eabi/6.2.1/thumb/v6-m\libgcc.a(_divsi3.o)
                              src/LCD.o (__aeabi_idiv)
c:/program files (x86)/atmel/studio/7.0/toolchain/arm/arm-gnu-toolchain/bin/../lib/gcc/arm-none-eabi/6.2.1/thumb/v6-m\libgcc.a(_dvmd_tls.o)
                              c:/program files (x86)/atmel/studio/7.0/toolchain/arm/arm-gnu-toolchain/bin/../lib/gcc/arm-none-eabi/6.2.1/thumb/v6-m\libgcc.a(_udivsi3.o) (__aeabi_idiv0)
c:/program files (x86)/atmel/studio/7.0/toolchain/arm/arm-gnu-toolchain/bin/../lib/gcc/arm-none-eabi/6.2.1/thumb/v6-m\libgcc.a(_clzsi2.o)
                              src/ASF/sam0/drivers/usb/usb_sam_d_r/usb.o (__clzsi2)
c:/program files (x86)/atmel/studio/7.0/toolchain/arm/arm-gnu-toolchain/bin/../lib/gcc/arm-none-eabi/6.2.1/thumb/v6-m\libgcc.a(_ctzsi2.o)
                              src/ASF/sam0/drivers/usb/usb_sam_d_r/usb.o (__ctzsi2)
c:/program files (x86)/atmel/studio/7.0/toolchain/arm/arm-gnu-toolchain/bin/../lib/gcc/arm-none-eabi/6.2.1/thumb/v6-m\libgcc.a(divdf3.o)
                              src/Si7021.o (__aeabi_ddiv)
c:/program files (x86)/atmel/studio/7.0/toolchain/arm/arm-gnu-toolchain/bin/../lib/gcc/arm-none-eabi/6.2.1/thumb/v6-m\libgcc.a(muldf3.o)
                              src/Si7021.o (__aeabi_dmul)
c:/program files (x86)/atmel/studio/7.0/toolchain/arm/arm-gnu-toolchain/bin/../lib/gcc/arm-none-eabi/6.2.1/thumb/v6-m\libgcc.a(subdf3.o)
                              src/Si7021.o (__aeabi_dsub)
c:/program files (x86)/atmel/studio/7.0/toolchain/arm/arm-gnu-toolchain/bin/../lib/gcc/arm-none-eabi/6.2.1/thumb/v6-m\libgcc.a(fixdfsi.o)
                              src/Si7021.o (__aeabi_d2iz)
c:/program files (x86)/atmel/studio/7.0/toolchain/arm/arm-gnu-toolchain/bin/../lib/gcc/arm-none-eabi/6.2.1/thumb/v6-m\libgcc.a(floatsidf.o)
                              src/Si7021.o (__aeabi_i2d)
c:/program files (x86)/atmel/studio/7.0/toolchain/arm/arm-gnu-toolchain/bin/../lib/gcc/arm-none-eabi/6.2.1/../../../../arm-none-eabi/lib/thumb/v6-m\libc_nano.a(lib_a-exit.o)
                              c:/program files (x86)/atmel/studio/7.0/toolchain/arm/arm-gnu-toolchain/bin/../lib/gcc/arm-none-eabi/6.2.1/../../../../arm-none-eabi/lib/thumb/v6-m/crt0.o (exit)
c:/program files (x86)/atmel/studio/7.0/toolchain/arm/arm-gnu-toolchain/bin/../lib/gcc/arm-none-eabi/6.2.1/../../../../arm-none-eabi/lib/thumb/v6-m\libc_nano.a(lib_a-impure.o)
                              c:/program files (x86)/atmel/studio/7.0/toolchain/arm/arm-gnu-toolchain/bin/../lib/gcc/arm-none-eabi/6.2.1/../../../../arm-none-eabi/lib/thumb/v6-m\libc_nano.a(lib_a-exit.o) (_global_impure_ptr)
c:/program files (x86)/atmel/studio/7.0/toolchain/arm/arm-gnu-toolchain/bin/../lib/gcc/arm-none-eabi/6.2.1/../../../../arm-none-eabi/lib/thumb/v6-m\libc_nano.a(lib_a-init.o)
                              c:/program files (x86)/atmel/studio/7.0/toolchain/arm/arm-gnu-toolchain/bin/../lib/gcc/arm-none-eabi/6.2.1/../../../../arm-none-eabi/lib/thumb/v6-m/crt0.o (__libc_init_array)
c:/program files (x86)/atmel/studio/7.0/toolchain/arm/arm-gnu-toolchain/bin/../lib/gcc/arm-none-eabi/6.2.1/../../../../arm-none-eabi/lib/thumb/v6-m\libc_nano.a(lib_a-memcpy-stub.o)
                              src/ASF/common/services/usb/class/cdc/device/udi_cdc.o (memcpy)
c:/program files (x86)/atmel/studio/7.0/toolchain/arm/arm-gnu-toolchain/bin/../lib/gcc/arm-none-eabi/6.2.1/../../../../arm-none-eabi/lib/thumb/v6-m\libc_nano.a(lib_a-memset.o)
                              c:/program files (x86)/atmel/studio/7.0/toolchain/arm/arm-gnu-toolchain/bin/../lib/gcc/arm-none-eabi/6.2.1/../../../../arm-none-eabi/lib/thumb/v6-m/crt0.o (memset)
c:/program files (x86)/atmel/studio/7.0/toolchain/arm/arm-gnu-toolchain/bin/../lib/gcc/arm-none-eabi/6.2.1/../../../../arm-none-eabi/lib/thumb/v6-m\libc_nano.a(lib_a-sprintf.o)
                              src/application.o (sprintf)
c:/program files (x86)/atmel/studio/7.0/toolchain/arm/arm-gnu-toolchain/bin/../lib/gcc/arm-none-eabi/6.2.1/../../../../arm-none-eabi/lib/thumb/v6-m\libc_nano.a(lib_a-nano-svfprintf.o)
                              c:/program files (x86)/atmel/studio/7.0/toolchain/arm/arm-gnu-toolchain/bin/../lib/gcc/arm-none-eabi/6.2.1/../../../../arm-none-eabi/lib/thumb/v6-m\libc_nano.a(lib_a-sprintf.o) (_svfprintf_r)
c:/program files (x86)/atmel/studio/7.0/toolchain/arm/arm-gnu-toolchain/bin/../lib/gcc/arm-none-eabi/6.2.1/../../../../arm-none-eabi/lib/thumb/v6-m\libc_nano.a(lib_a-nano-vfprintf_i.o)
[...]
Memory Configuration

Name             Origin             Length             Attributes
rom              0x00000000         0x00040000         xr
ram              0x20000000         0x00008000         xrw
*default*        0x00000000         0xffffffff

Linker script and memory map

LOAD c:/program files (x86)/atmel/studio/7.0/toolchain/arm/arm-gnu-toolchain/bin/../lib/gcc/arm-none-eabi/6.2.1/thumb/v6-m/crti.o
LOAD c:/program files (x86)/atmel/studio/7.0/toolchain/arm/arm-gnu-toolchain/bin/../lib/gcc/arm-none-eabi/6.2.1/thumb/v6-m/crtbegin.o
LOAD c:/program files (x86)/atmel/studio/7.0/toolchain/arm/arm-gnu-toolchain/bin/../lib/gcc/arm-none-eabi/6.2.1/../../../../arm-none-eabi/lib/thumb/v6-m/crt0.o
LOAD src/application.o
LOAD src/ASF/common/services/usb/class/cdc/device/udi_cdc.o
LOAD src/keypad.o
LOAD src/LCD.o
LOAD src/RTC.o
LOAD src/testbench.o
LOAD src/usart.o
LOAD src/WM8731.o
LOAD src/WM8731_Test.o
LOAD src/ASF/common/services/usb/class/cdc/device/example/samd21j18a_samd21_xplained_pro/ui.o
LOAD src/ASF/common/services/sleepmgr/samd/sleepmgr.o
LOAD src/ASF/common/services/usb/class/cdc/device/udi_cdc_desc.o
LOAD src/ASF/common/services/usb/udc/udc.o
LOAD src/ASF/common/utils/interrupt/interrupt_sam_nvic.o
LOAD src/ASF/sam0/boards/samd21_xplained_pro/board_init.o
LOAD src/ASF/sam0/drivers/extint/extint_callback.o
LOAD src/ASF/sam0/drivers/extint/extint_sam_d_r/extint.o
LOAD src/ASF/sam0/drivers/i2s/i2s.o
LOAD src/ASF/sam0/drivers/nvm/nvm.o
LOAD src/ASF/sam0/drivers/port/port.o
LOAD src/ASF/sam0/drivers/system/clock/clock_samd21_r21_da/clock.o
LOAD src/ASF/sam0/drivers/system/clock/clock_samd21_r21_da/gclk.o
LOAD src/ASF/sam0/drivers/system/interrupt/system_interrupt.o
LOAD src/ASF/sam0/drivers/system/pinmux/pinmux.o
LOAD src/ASF/sam0/drivers/system/system.o
LOAD src/ASF/sam0/drivers/usb/stack_interface/usb_device_udd.o
LOAD src/ASF/sam0/drivers/usb/stack_interface/usb_dual.o
LOAD src/ASF/sam0/drivers/usb/usb_sam_d_r/usb.o
LOAD src/ASF/sam0/utils/cmsis/samd21/source/gcc/startup_samd21.o
LOAD src/ASF/sam0/utils/cmsis/samd21/source/system_samd21.o
LOAD src/ASF/sam0/utils/syscalls/gcc/syscalls.o
LOAD src/flash.o
LOAD src/clockout.o
LOAD src/main.o
LOAD src/MMA8491Q.o
LOAD src/OPT3001.o
LOAD src/Si7021.o
START GROUP
LOAD ../src/ASF/thirdparty/CMSIS/Lib/GCC\libarm_cortexM0l_math.a
LOAD c:/program files (x86)/atmel/studio/7.0/toolchain/arm/arm-gnu-toolchain/bin/../lib/gcc/arm-none-eabi/6.2.1/../../../../arm-none-eabi/lib/thumb/v6-m\libm.a
END GROUP
START GROUP
LOAD c:/program files (x86)/atmel/studio/7.0/toolchain/arm/arm-gnu-toolchain/bin/../lib/gcc/arm-none-eabi/6.2.1/thumb/v6-m\libgcc.a
LOAD c:/program files (x86)/atmel/studio/7.0/toolchain/arm/arm-gnu-toolchain/bin/../lib/gcc/arm-none-eabi/6.2.1/../../../../arm-none-eabi/lib/thumb/v6-m\libc_nano.a
END GROUP
START GROUP
LOAD c:/program files (x86)/atmel/studio/7.0/toolchain/arm/arm-gnu-toolchain/bin/../lib/gcc/arm-none-eabi/6.2.1/thumb/v6-m\libgcc.a
LOAD c:/program files (x86)/atmel/studio/7.0/toolchain/arm/arm-gnu-toolchain/bin/../lib/gcc/arm-none-eabi/6.2.1/../../../../arm-none-eabi/lib/thumb/v6-m\libc_nano.a
END GROUP
LOAD c:/program files (x86)/atmel/studio/7.0/toolchain/arm/arm-gnu-toolchain/bin/../lib/gcc/arm-none-eabi/6.2.1/thumb/v6-m/crtend.o
LOAD c:/program files (x86)/atmel/studio/7.0/toolchain/arm/arm-gnu-toolchain/bin/../lib/gcc/arm-none-eabi/6.2.1/thumb/v6-m/crtn.o
                0x00002000                STACK_SIZE = DEFINED (STACK_SIZE)?STACK_SIZE:DEFINED (__stack_size__)?__stack_size__:0x2000

.text           0x00000000     0x6d44
                0x00000000                . = ALIGN (0x4)
                0x00000000                _sfixed = .
 *(.vectors .vectors.*)
 .vectors       0x00000000       0xb4 src/ASF/sam0/utils/cmsis/samd21/source/gcc/startup_samd21.o
                0x00000000                exception_table
 *(.text .text.* .gnu.linkonce.t.*)
 .text          0x000000b4       0x60 c:/program files (x86)/atmel/studio/7.0/toolchain/arm/arm-gnu-toolchain/bin/../lib/gcc/arm-none-eabi/6.2.1/thumb/v6-m/crtbegin.o
 .text.TurnLightOn
                0x00000114       0x10 src/application.o
 .text.TurnLightOff
                0x00000124       0x10 src/application.o
 .text.TurnLightOn1
                0x00000134       0x10 src/application.o
 .text.TurnLightOff1
                0x00000144       0x10 src/application.o
 .text.char2num
                0x00000154       0x3c src/application.o
                0x00000154                char2num
 .text.Get_time
                0x00000190      0x164 src/application.o
                0x00000190                Get_time
 .text.TC3_Handler
                0x000002f4       0xf0 src/application.o
                0x000002f4                TC3_Handler
 .text.RTC_Handler
                0x000003e4       0x58 src/application.o
                0x000003e4                RTC_Handler
 .text.Schedule_config
                0x0000043c       0x50 src/application.o
                0x0000043c                Schedule_config
 .text.configApp
                0x0000048c      0x1c0 src/application.o
                0x0000048c                configApp
 .text.udi_cdc_comm_disable
                0x0000064c       0x10 src/ASF/common/services/usb/class/cdc/device/udi_cdc.o
                0x0000064c                udi_cdc_comm_disable
 .text.udi_cdc_data_setup
                0x0000065c        0x4 src/ASF/common/services/usb/class/cdc/device/udi_cdc.o
                0x0000065c                udi_cdc_data_setup
 .text.udi_cdc_getsetting
                0x00000660        0x4 src/ASF/common/services/usb/class/cdc/device/udi_cdc.o
                0x00000660                udi_cdc_getsetting
 .text.udi_cdc_line_coding_received
                0x00000664        0x2 src/ASF/common/services/usb/class/cdc/device/udi_cdc.o
 *fill*         0x00000666        0x2 
 .text.udi_cdc_comm_enable
                0x00000668       0x5c src/ASF/common/services/usb/class/cdc/device/udi_cdc.o
                0x00000668                udi_cdc_comm_enable
 .text.udi_cdc_tx_send
                0x000006c4      0x158 src/ASF/common/services/usb/class/cdc/device/udi_cdc.o
 .text.udi_cdc_data_sent
                0x0000081c       0x3c src/ASF/common/services/usb/class/cdc/device/udi_cdc.o
 .text.udi_cdc_data_sof_notify
                0x00000858       0x10 src/ASF/common/services/usb/class/cdc/device/udi_cdc.o
                0x00000858                udi_cdc_data_sof_notify
 .text.udi_cdc_data_disable
                0x00000868       0x28 src/ASF/common/services/usb/class/cdc/device/udi_cdc.o
                0x00000868                udi_cdc_data_disable
 .text.udi_cdc_comm_setup
                0x00000890       0x94 src/ASF/common/services/usb/class/cdc/device/udi_cdc.o
                0x00000890                udi_cdc_comm_setup
 .text.udi_cdc_multi_get_nb_received_data
                0x00000924       0x50 src/ASF/common/services/usb/class/cdc/device/udi_cdc.o
                0x00000924                udi_cdc_multi_get_nb_received_data
 .text.udi_cdc_multi_is_rx_ready
                0x00000974       0x14 src/ASF/common/services/usb/class/cdc/device/udi_cdc.o
                0x00000974                udi_cdc_multi_is_rx_ready
 .text.udi_cdc_rx_start
                0x00000988       0xb8 src/ASF/common/services/usb/class/cdc/device/udi_cdc.o
 .text.udi_cdc_data_enable
                0x00000a40       0x90 src/ASF/common/services/usb/class/cdc/device/udi_cdc.o
                0x00000a40                udi_cdc_data_enable
 .text.udi_cdc_data_received
                0x00000ad0       0x64 src/ASF/common/services/usb/class/cdc/device/udi_cdc.o
 .text.udi_cdc_is_rx_ready
                0x00000b34       0x10 src/ASF/common/services/usb/class/cdc/device/udi_cdc.o
                0x00000b34                udi_cdc_is_rx_ready
 .text.udi_cdc_multi_getc
                0x00000b44       0xcc src/ASF/common/services/usb/class/cdc/device/udi_cdc.o
                0x00000b44                udi_cdc_multi_getc
 .text.udi_cdc_getc
                0x00000c10       0x10 src/ASF/common/services/usb/class/cdc/device/udi_cdc.o
                0x00000c10                udi_cdc_getc
 .text.udi_cdc_multi_get_free_tx_buffer
                0x00000c20       0x7c src/ASF/common/services/usb/class/cdc/device/udi_cdc.o
                0x00000c20                udi_cdc_multi_get_free_tx_buffer
 .text.udi_cdc_multi_is_tx_ready
                0x00000c9c       0x14 src/ASF/common/services/usb/class/cdc/device/udi_cdc.o
                0x00000c9c                udi_cdc_multi_is_tx_ready
 .text.udi_cdc_multi_putc
                0x00000cb0       0xb8 src/ASF/common/services/usb/class/cdc/device/udi_cdc.o
                0x00000cb0                udi_cdc_multi_putc
 .text.udi_cdc_putc
                0x00000d68       0x10 src/ASF/common/services/usb/class/cdc/device/udi_cdc.o
                0x00000d68                udi_cdc_putc
 .text.keypadInit
                0x00000d78       0x90 src/keypad.o
                0x00000d78                keypadInit
 .text.keypadScan
                0x00000e08       0xec src/keypad.o
                0x00000e08                keypadScan
 .text.i2cLcdClear
                0x00000ef4       0x9c src/LCD.o
                0x00000ef4                i2cLcdClear
 .text.i2cLcdPrint
                0x00000f90       0xc0 src/LCD.o
                0x00000f90                i2cLcdPrint
 .text.i2cLcdTime
                0x00001050       0x3c src/LCD.o
                0x00001050                i2cLcdTime
 .text.i2cLcdTemp
                0x0000108c       0x38 src/LCD.o
                0x0000108c                i2cLcdTemp
 .text.i2cLcdRH
                0x000010c4       0x30 src/LCD.o
                0x000010c4                i2cLcdRH
 .text.i2cLcdprintNum
                0x000010f4       0x44 src/LCD.o
                0x000010f4                i2cLcdprintNum
 .text.RTC_init
                0x00001138       0x60 src/RTC.o
                0x00001138                RTC_init
 .text.rtc_calendar_time_to_register_value
                0x00001198       0x26 src/RTC.o
                0x00001198                rtc_calendar_time_to_register_value
 .text.rtc_calendar_register_value_to_time
                0x000011be       0x2a src/RTC.o
                0x000011be                rtc_calendar_register_value_to_time
 .text.rtc_calendar_get_time
                0x000011e8       0x50 src/RTC.o
                0x000011e8                rtc_calendar_get_time
 .text.rtc_calendar_set_time
                0x00001238       0x20 src/RTC.o
                0x00001238                rtc_calendar_set_time
 .text.rtc_calendar_set_alarm
                0x00001258       0x2c src/RTC.o
                0x00001258                rtc_calendar_set_alarm
 .text.test_components
                0x00001284      0x1c8 src/testbench.o
                0x00001284                test_components
 .text.pin_set_peripheral_function
                0x0000144c       0x4c src/usart.o
                0x0000144c                pin_set_peripheral_function
 .text.uart_init
                0x00001498       0x64 src/usart.o
                0x00001498                uart_init
 .text.uart_read
                0x000014fc       0x20 src/usart.o
                0x000014fc                uart_read
 .text.uart_sendBuffer
                0x0000151c       0x70 src/usart.o
                0x0000151c                uart_sendBuffer
 .text.ui_powerdown
                0x0000158c       0x10 src/ASF/common/services/usb/class/cdc/device/example/samd21j18a_samd21_xplained_pro/ui.o
                0x0000158c                ui_powerdown
 .text.ui_wakeup_enable
                0x0000159c       0x10 src/ASF/common/services/usb/class/cdc/device/example/samd21j18a_samd21_xplained_pro/ui.o
                0x0000159c                ui_wakeup_enable
 .text.ui_wakeup_disable
                0x000015ac       0x10 src/ASF/common/services/usb/class/cdc/device/example/samd21j18a_samd21_xplained_pro/ui.o
                0x000015ac                ui_wakeup_disable
 .text.ui_wakeup
                0x000015bc       0x10 src/ASF/common/services/usb/class/cdc/device/example/samd21j18a_samd21_xplained_pro/ui.o
                0x000015bc                ui_wakeup
 .text.ui_com_open
                0x000015cc        0x2 src/ASF/common/services/usb/class/cdc/device/example/samd21j18a_samd21_xplained_pro/ui.o
                0x000015cc                ui_com_open
 .text.ui_com_close
                0x000015ce        0x2 src/ASF/common/services/usb/class/cdc/device/example/samd21j18a_samd21_xplained_pro/ui.o
                0x000015ce                ui_com_close
 .text.ui_process
                0x000015d0       0x34 src/ASF/common/services/usb/class/cdc/device/example/samd21j18a_samd21_xplained_pro/ui.o
                0x000015d0                ui_process
 .text.udc_next_desc_in_iface
                0x00001604       0x4c src/ASF/common/services/usb/udc/udc.o
 .text.udc_valid_address
                0x00001650       0x18 src/ASF/common/services/usb/udc/udc.o
 .text.udc_update_iface_desc
                0x00001668       0x74 src/ASF/common/services/usb/udc/udc.o
 .text.udc_iface_disable
                0x000016dc       0x6c src/ASF/common/services/usb/udc/udc.o
 .text.udc_iface_enable
                0x00001748       0x58 src/ASF/common/services/usb/udc/udc.o
 .text.udc_start
                0x000017a0        0xc src/ASF/common/services/usb/udc/udc.o
                0x000017a0                udc_start
 .text.udc_reset
                0x000017ac       0x4c src/ASF/common/services/usb/udc/udc.o
                0x000017ac                udc_reset
 .text.udc_sof_notify
                0x000017f8       0x44 src/ASF/common/services/usb/udc/udc.o
                0x000017f8                udc_sof_notify
 .text.udc_process_setup
                0x0000183c      0x440 src/ASF/common/services/usb/udc/udc.o
                0x0000183c                udc_process_setup
 .text.cpu_irq_enter_critical
                0x00001c7c       0x40 src/ASF/common/utils/interrupt/interrupt_sam_nvic.o
                0x00001c7c                cpu_irq_enter_critical
 .text.cpu_irq_leave_critical
                0x00001cbc       0x30 src/ASF/common/utils/interrupt/interrupt_sam_nvic.o
                0x00001cbc                cpu_irq_leave_critical
 .text.system_board_init
                0x00001cec       0x38 src/ASF/sam0/boards/samd21_xplained_pro/board_init.o
                0x00001cec                board_init
                0x00001cec                system_board_init
 .text.extint_register_callback
                0x00001d24       0x2c src/ASF/sam0/drivers/extint/extint_callback.o
                0x00001d24                extint_register_callback
 .text.extint_chan_enable_callback
                0x00001d50       0x20 src/ASF/sam0/drivers/extint/extint_callback.o
                0x00001d50                extint_chan_enable_callback
 .text.extint_chan_disable_callback
                0x00001d70       0x20 src/ASF/sam0/drivers/extint/extint_callback.o
                0x00001d70                extint_chan_disable_callback
 .text.EIC_Handler
                0x00001d90       0x54 src/ASF/sam0/drivers/extint/extint_callback.o
                0x00001d90                EIC_Handler
 .text._extint_enable
                0x00001de4       0x18 src/ASF/sam0/drivers/extint/extint_sam_d_r/extint.o
 .text._system_extint_init
                0x00001dfc       0x6c src/ASF/sam0/drivers/extint/extint_sam_d_r/extint.o
                0x00001dfc                _system_extint_init
 .text.extint_chan_get_config_defaults
                0x00001e68       0x14 src/ASF/sam0/drivers/extint/extint_sam_d_r/extint.o
                0x00001e68                extint_chan_get_config_defaults
 .text.extint_chan_set_config
                0x00001e7c       0x78 src/ASF/sam0/drivers/extint/extint_sam_d_r/extint.o
                0x00001e7c                extint_chan_set_config
 .text.nvm_set_config
                0x00001ef4       0x88 src/ASF/sam0/drivers/nvm/nvm.o
                0x00001ef4                nvm_set_config
 .text.nvm_execute_command
                0x00001f7c       0xa0 src/ASF/sam0/drivers/nvm/nvm.o
                0x00001f7c                nvm_execute_command
 .text.nvm_write_buffer
                0x0000201c       0xa8 src/ASF/sam0/drivers/nvm/nvm.o
                0x0000201c                nvm_write_buffer
 .text.nvm_read_buffer
                0x000020c4       0x6c src/ASF/sam0/drivers/nvm/nvm.o
                0x000020c4                nvm_read_buffer
 .text.nvm_erase_row
                0x00002130       0x5c src/ASF/sam0/drivers/nvm/nvm.o
                0x00002130                nvm_erase_row
 .text.port_pin_set_config
                0x0000218c       0x24 src/ASF/sam0/drivers/port/port.o
                0x0000218c                port_pin_set_config
 .text.system_clock_source_osc8m_set_config
                0x000021b0       0x3c src/ASF/sam0/drivers/system/clock/clock_samd21_r21_da/clock.o
                0x000021b0                system_clock_source_osc8m_set_config
 .text.system_clock_source_osc32k_set_config
                0x000021ec       0x7c src/ASF/sam0/drivers/system/clock/clock_samd21_r21_da/clock.o
                0x000021ec                system_clock_source_osc32k_set_config
 .text.system_clock_source_xosc32k_set_config
                0x00002268       0xb8 src/ASF/sam0/drivers/system/clock/clock_samd21_r21_da/clock.o
                0x00002268                system_clock_source_xosc32k_set_config
 .text.system_clock_source_dfll_set_config
                0x00002320       0x80 src/ASF/sam0/drivers/system/clock/clock_samd21_r21_da/clock.o
                0x00002320                system_clock_source_dfll_set_config
 .text.system_clock_source_enable
                0x000023a0       0xa8 src/ASF/sam0/drivers/system/clock/clock_samd21_r21_da/clock.o
                0x000023a0                system_clock_source_enable
 .text.system_clock_init
                0x00002448      0x1d4 src/ASF/sam0/drivers/system/clock/clock_samd21_r21_da/clock.o
                0x00002448                system_clock_init
 .text.system_gclk_init
                0x0000261c       0x24 src/ASF/sam0/drivers/system/clock/clock_samd21_r21_da/gclk.o
                0x0000261c                system_gclk_init
 .text.system_gclk_gen_set_config
                0x00002640       0xb8 src/ASF/sam0/drivers/system/clock/clock_samd21_r21_da/gclk.o
                0x00002640                system_gclk_gen_set_config
 .text.system_gclk_gen_enable
                0x000026f8       0x44 src/ASF/sam0/drivers/system/clock/clock_samd21_r21_da/gclk.o
                0x000026f8                system_gclk_gen_enable
 .text.system_gclk_chan_enable
                0x0000273c       0x30 src/ASF/sam0/drivers/system/clock/clock_samd21_r21_da/gclk.o
                0x0000273c                system_gclk_chan_enable
 .text.system_gclk_chan_disable
                0x0000276c       0x5c src/ASF/sam0/drivers/system/clock/clock_samd21_r21_da/gclk.o
                0x0000276c                system_gclk_chan_disable
 .text.system_gclk_chan_set_config
                0x000027c8       0x1c src/ASF/sam0/drivers/system/clock/clock_samd21_r21_da/gclk.o
                0x000027c8                system_gclk_chan_set_config
 .text._system_pinmux_config
                0x000027e4       0xa8 src/ASF/sam0/drivers/system/pinmux/pinmux.o
 .text.system_pinmux_pin_set_config
                0x0000288c       0x30 src/ASF/sam0/drivers/system/pinmux/pinmux.o
                0x0000288c                system_pinmux_pin_set_config
 .text._system_dummy_init
                0x000028bc        0x2 src/ASF/sam0/drivers/system/system.o
                0x000028bc                _system_events_init
                0x000028bc                _system_dummy_init
                0x000028bc                _system_divas_init
 *fill*         0x000028be        0x2 
 .text.system_init
                0x000028c0       0x2c src/ASF/sam0/drivers/system/system.o
                0x000028c0                system_init
 .text.udd_sleep_mode
                0x000028ec       0xc0 src/ASF/sam0/drivers/usb/stack_interface/usb_device_udd.o
 .text.udd_ep_get_job
                0x000029ac       0x1c src/ASF/sam0/drivers/usb/stack_interface/usb_device_udd.o
 .text.udd_ep_transfer_process
                0x000029c8      0x1b4 src/ASF/sam0/drivers/usb/stack_interface/usb_device_udd.o
 .text.udd_ctrl_stall_data
                0x00002b7c       0x2c src/ASF/sam0/drivers/usb/stack_interface/usb_device_udd.o
 .text._usb_device_lpm_suspend
                0x00002ba8       0x5c src/ASF/sam0/drivers/usb/stack_interface/usb_device_udd.o
 .text._usb_on_wakeup
                0x00002c04       0x70 src/ASF/sam0/drivers/usb/stack_interface/usb_device_udd.o
 .text._usb_on_bus_reset
                0x00002c74       0xb0 src/ASF/sam0/drivers/usb/stack_interface/usb_device_udd.o
 .text.udd_ctrl_send_zlp_in
                0x00002d24       0x3c src/ASF/sam0/drivers/usb/stack_interface/usb_device_udd.o
 .text._usb_ep0_on_tansfer_fail
                0x00002d60       0x54 src/ASF/sam0/drivers/usb/stack_interface/usb_device_udd.o
 .text.udd_ctrl_in_sent
                0x00002db4       0xa8 src/ASF/sam0/drivers/usb/stack_interface/usb_device_udd.o
 .text._usb_ep0_on_setup
                0x00002e5c       0xe4 src/ASF/sam0/drivers/usb/stack_interface/usb_device_udd.o
 .text._usb_on_sof_notify
                0x00002f40       0x14 src/ASF/sam0/drivers/usb/stack_interface/usb_device_udd.o
 .text._usb_on_suspend
                0x00002f54       0x34 src/ASF/sam0/drivers/usb/stack_interface/usb_device_udd.o
 .text.udd_ep_abort
                0x00002f88       0x3c src/ASF/sam0/drivers/usb/stack_interface/usb_device_udd.o
                0x00002f88                udd_ep_abort
 .text.udd_is_high_speed
                0x00002fc4        0x4 src/ASF/sam0/drivers/usb/stack_interface/usb_device_udd.o
                0x00002fc4                udd_is_high_speed
 .text.udd_get_frame_number
                0x00002fc8       0x10 src/ASF/sam0/drivers/usb/stack_interface/usb_device_udd.o
                0x00002fc8                udd_get_frame_number
 .text.udd_get_micro_frame_number
                0x00002fd8       0x10 src/ASF/sam0/drivers/usb/stack_interface/usb_device_udd.o
                0x00002fd8                udd_get_micro_frame_number
 .text.udd_ep_free
                0x00002fe8       0x58 src/ASF/sam0/drivers/usb/stack_interface/usb_device_udd.o
                0x00002fe8                udd_ep_free
 .text.udd_ep_alloc
                0x00003040      0x108 src/ASF/sam0/drivers/usb/stack_interface/usb_device_udd.o
                0x00003040                udd_ep_alloc
 .text.udd_ep_is_halted
                0x00003148       0x14 src/ASF/sam0/drivers/usb/stack_interface/usb_device_udd.o
                0x00003148                udd_ep_is_halted
 .text.udd_ep_set_halt
                0x0000315c       0x30 src/ASF/sam0/drivers/usb/stack_interface/usb_device_udd.o
                0x0000315c                udd_ep_set_halt
 .text._usb_ep0_on_tansfer_ok
                0x0000318c      0x100 src/ASF/sam0/drivers/usb/stack_interface/usb_device_udd.o
 .text.udd_ep_clear_halt
                0x0000328c       0x44 src/ASF/sam0/drivers/usb/stack_interface/usb_device_udd.o
                0x0000328c                udd_ep_clear_halt
 .text.udd_ep_run
                0x000032d0      0x1d8 src/ASF/sam0/drivers/usb/stack_interface/usb_device_udd.o
                0x000032d0                udd_ep_run
 .text.udd_set_address
                0x000034a8       0x10 src/ASF/sam0/drivers/usb/stack_interface/usb_device_udd.o
                0x000034a8                udd_set_address
 .text.udd_getaddress
                0x000034b8       0x10 src/ASF/sam0/drivers/usb/stack_interface/usb_device_udd.o
                0x000034b8                udd_getaddress
 .text.udd_set_setup_payload
                0x000034c8        0xc src/ASF/sam0/drivers/usb/stack_interface/usb_device_udd.o
                0x000034c8                udd_set_setup_payload
 .text.udd_detach
                0x000034d4       0x20 src/ASF/sam0/drivers/usb/stack_interface/usb_device_udd.o
                0x000034d4                udd_detach
 .text.udd_attach
                0x000034f4       0x84 src/ASF/sam0/drivers/usb/stack_interface/usb_device_udd.o
                0x000034f4                udd_attach
 .text._uhd_vbus_handler
                0x00003578       0x3c src/ASF/sam0/drivers/usb/stack_interface/usb_device_udd.o
 .text.udd_enable
                0x000035b4       0xf8 src/ASF/sam0/drivers/usb/stack_interface/usb_device_udd.o
                0x000035b4                udd_enable
 .text.usb_device_register_callback
                0x000036ac       0x24 src/ASF/sam0/drivers/usb/usb_sam_d_r/usb.o
                0x000036ac                usb_device_register_callback
 .text.usb_device_enable_callback
                0x000036d0       0x20 src/ASF/sam0/drivers/usb/usb_sam_d_r/usb.o
                0x000036d0                usb_device_enable_callback
 .text.usb_device_disable_callback
                0x000036f0       0x1c src/ASF/sam0/drivers/usb/usb_sam_d_r/usb.o
                0x000036f0                usb_device_disable_callback
 .text.usb_device_endpoint_register_callback
                0x0000370c       0x28 src/ASF/sam0/drivers/usb/usb_sam_d_r/usb.o
                0x0000370c                usb_device_endpoint_register_callback
 .text.usb_device_endpoint_unregister_callback
                0x00003734       0x28 src/ASF/sam0/drivers/usb/usb_sam_d_r/usb.o
                0x00003734                usb_device_endpoint_unregister_callback
 .text.usb_device_endpoint_enable_callback
                0x0000375c       0xd0 src/ASF/sam0/drivers/usb/usb_sam_d_r/usb.o
                0x0000375c                usb_device_endpoint_enable_callback
 .text.usb_device_endpoint_disable_callback
                0x0000382c       0xd0 src/ASF/sam0/drivers/usb/usb_sam_d_r/usb.o
                0x0000382c                usb_device_endpoint_disable_callback
 .text.usb_device_endpoint_get_config_defaults
                0x000038fc        0xe src/ASF/sam0/drivers/usb/usb_sam_d_r/usb.o
                0x000038fc                usb_device_endpoint_get_config_defaults
 *fill*         0x0000390a        0x2 
 .text.usb_device_endpoint_set_config
                0x0000390c      0x244 src/ASF/sam0/drivers/usb/usb_sam_d_r/usb.o
                0x0000390c                usb_device_endpoint_set_config
 .text.usb_device_endpoint_abort_job
                0x00003b50       0x36 src/ASF/sam0/drivers/usb/usb_sam_d_r/usb.o
                0x00003b50                usb_device_endpoint_abort_job
 .text.usb_device_endpoint_is_halted
                0x00003b86       0x2a src/ASF/sam0/drivers/usb/usb_sam_d_r/usb.o
                0x00003b86                usb_device_endpoint_is_halted
 .text.usb_device_endpoint_set_halt
                0x00003bb0       0x26 src/ASF/sam0/drivers/usb/usb_sam_d_r/usb.o
                0x00003bb0                usb_device_endpoint_set_halt
 .text.usb_device_endpoint_clear_halt
                0x00003bd6       0x84 src/ASF/sam0/drivers/usb/usb_sam_d_r/usb.o
                0x00003bd6                usb_device_endpoint_clear_halt
 *fill*         0x00003c5a        0x2 
 .text.usb_device_endpoint_write_buffer_job
                0x00003c5c       0x54 src/ASF/sam0/drivers/usb/usb_sam_d_r/usb.o
                0x00003c5c                usb_device_endpoint_write_buffer_job
 .text.usb_device_endpoint_read_buffer_job
                0x00003cb0       0x50 src/ASF/sam0/drivers/usb/usb_sam_d_r/usb.o
                0x00003cb0                usb_device_endpoint_read_buffer_job
 .text.usb_device_endpoint_setup_buffer_job
                0x00003d00       0x30 src/ASF/sam0/drivers/usb/usb_sam_d_r/usb.o
                0x00003d00                usb_device_endpoint_setup_buffer_job
 .text.usb_enable
                0x00003d30       0x14 src/ASF/sam0/drivers/usb/usb_sam_d_r/usb.o
                0x00003d30                usb_enable
 .text.USB_Handler
                0x00003d44      0x5c8 src/ASF/sam0/drivers/usb/usb_sam_d_r/usb.o
                0x00003d44                USB_Handler
 .text.usb_get_config_defaults
                0x0000430c        0xe src/ASF/sam0/drivers/usb/usb_sam_d_r/usb.o
                0x0000430c                usb_get_config_defaults
 *fill*         0x0000431a        0x2 
 .text.usb_init
                0x0000431c      0x200 src/ASF/sam0/drivers/usb/usb_sam_d_r/usb.o
                0x0000431c                usb_init
 .text.Dummy_Handler
                0x0000451c        0x2 src/ASF/sam0/utils/cmsis/samd21/source/gcc/startup_samd21.o
                0x0000451c                DMAC_Handler
                0x0000451c                HardFault_Handler
                0x0000451c                AC_Handler
                0x0000451c                SysTick_Handler
                0x0000451c                PendSV_Handler
                0x0000451c                NMI_Handler
                0x0000451c                TC7_Handler
                0x0000451c                SERCOM1_Handler
                0x0000451c                ADC_Handler
                0x0000451c                TCC1_Handler
                0x0000451c                SERCOM2_Handler
                0x0000451c                TCC0_Handler
                0x0000451c                TC6_Handler
                0x0000451c                WDT_Handler
                0x0000451c                TC4_Handler
                0x0000451c                Dummy_Handler
                0x0000451c                PM_Handler
                0x0000451c                SERCOM5_Handler
                0x0000451c                SVC_Handler
                0x0000451c                TCC2_Handler
                0x0000451c                EVSYS_Handler
                0x0000451c                SERCOM3_Handler
                0x0000451c                SERCOM4_Handler
                0x0000451c                I2S_Handler
                0x0000451c                NVMCTRL_Handler
                0x0000451c                SERCOM0_Handler
                0x0000451c                DAC_Handler
                0x0000451c                PTC_Handler
                0x0000451c                TC5_Handler
                0x0000451c                SYSCTRL_Handler
 *fill*         0x0000451e        0x2 
 .text.Reset_Handler
                0x00004520       0xe4 src/ASF/sam0/utils/cmsis/samd21/source/gcc/startup_samd21.o
                0x00004520                Reset_Handler
 .text._sbrk    0x00004604       0x24 src/ASF/sam0/utils/syscalls/gcc/syscalls.o
                0x00004604                _sbrk
 .text.configure_nvm
                0x00004628       0x30 src/flash.o
                0x00004628                configure_nvm
 .text.main     0x00004658      0x130 src/main.o
                0x00004658                main
 .text.main_suspend_action
                0x00004788        0xc src/main.o
                0x00004788                main_suspend_action
 .text.main_resume_action
                0x00004794        0xc src/main.o
                0x00004794                main_resume_action
 .text.main_sof_action
                0x000047a0       0x2c src/main.o
                0x000047a0                main_sof_action
 .text.main_suspend_lpm_action
                0x000047cc        0xc src/main.o
                0x000047cc                main_suspend_lpm_action
 .text.main_remotewakeup_lpm_disable
                0x000047d8        0xc src/main.o
                0x000047d8                main_remotewakeup_lpm_disable
 .text.main_remotewakeup_lpm_enable
                0x000047e4        0xc src/main.o
                0x000047e4                main_remotewakeup_lpm_enable
 .text.main_cdc_enable
                0x000047f0       0x10 src/main.o
                0x000047f0                main_cdc_enable
 .text.main_cdc_disable
                0x00004800        0xc src/main.o
                0x00004800                main_cdc_disable
 .text.main_cdc_set_dtr
                0x0000480c       0x1c src/main.o
                0x0000480c                main_cdc_set_dtr
 .text.OPT3001_read
                0x00004828       0x94 src/OPT3001.o
                0x00004828                OPT3001_read
 .text.OPT3001_write
                0x000048bc       0x88 src/OPT3001.o
                0x000048bc                OPT3001_write
 .text.OPT3001_init
                0x00004944       0x1c src/OPT3001.o
                0x00004944                OPT3001_init
 .text.Si7021_init
                0x00004960        0x2 src/Si7021.o
                0x00004960                Si7021_init
 *fill*         0x00004962        0x2 
 .text.Si7021_read
                0x00004964       0x80 src/Si7021.o
                0x00004964                Si7021_read
 .text.Si7021_command
                0x000049e4       0x78 src/Si7021.o
                0x000049e4                Si7021_command
 .text.Si7021_GetTemp
                0x00004a5c       0x98 src/Si7021.o
                0x00004a5c                Si7021_GetTemp
 .text.Si7021_GetRH
                0x00004af4       0xa0 src/Si7021.o
                0x00004af4                Si7021_GetRH
 .text          0x00004b94      0x114 c:/program files (x86)/atmel/studio/7.0/toolchain/arm/arm-gnu-toolchain/bin/../lib/gcc/arm-none-eabi/6.2.1/thumb/v6-m\libgcc.a(_udivsi3.o)
                0x00004b94                __aeabi_uidiv
                0x00004b94                __udivsi3
                0x00004ca0                __aeabi_uidivmod
 .text          0x00004ca8      0x1d4 c:/program files (x86)/atmel/studio/7.0/toolchain/arm/arm-gnu-toolchain/bin/../lib/gcc/arm-none-eabi/6.2.1/thumb/v6-m\libgcc.a(_divsi3.o)
                0x00004ca8                __divsi3
                0x00004ca8                __aeabi_idiv
                0x00004e74                __aeabi_idivmod
 .text          0x00004e7c        0x4 c:/program files (x86)/atmel/studio/7.0/toolchain/arm/arm-gnu-toolchain/bin/../lib/gcc/arm-none-eabi/6.2.1/thumb/v6-m\libgcc.a(_dvmd_tls.o)
                0x00004e7c                __aeabi_idiv0
                0x00004e7c                __aeabi_ldiv0
 .text          0x00004e80       0x3c c:/program files (x86)/atmel/studio/7.0/toolchain/arm/arm-gnu-toolchain/bin/../lib/gcc/arm-none-eabi/6.2.1/thumb/v6-m\libgcc.a(_clzsi2.o)
                0x00004e80                __clzsi2
 .text          0x00004ebc       0x40 c:/program files (x86)/atmel/studio/7.0/toolchain/arm/arm-gnu-toolchain/bin/../lib/gcc/arm-none-eabi/6.2.1/thumb/v6-m\libgcc.a(_ctzsi2.o)
                0x00004ebc                __ctzsi2
 .text          0x00004efc      0x668 c:/program files (x86)/atmel/studio/7.0/toolchain/arm/arm-gnu-toolchain/bin/../lib/gcc/arm-none-eabi/6.2.1/thumb/v6-m\libgcc.a(divdf3.o)
                0x00004efc                __aeabi_ddiv
 .text          0x00005564      0x500 c:/program files (x86)/atmel/studio/7.0/toolchain/arm/arm-gnu-toolchain/bin/../lib/gcc/arm-none-eabi/6.2.1/thumb/v6-m\libgcc.a(muldf3.o)
                0x00005564                __aeabi_dmul
 .text          0x00005a64      0x62c c:/program files (x86)/atmel/studio/7.0/toolchain/arm/arm-gnu-toolchain/bin/../lib/gcc/arm-none-eabi/6.2.1/thumb/v6-m\libgcc.a(subdf3.o)
                0x00005a64                __aeabi_dsub
 .text          0x00006090       0x68 c:/program files (x86)/atmel/studio/7.0/toolchain/arm/arm-gnu-toolchain/bin/../lib/gcc/arm-none-eabi/6.2.1/thumb/v6-m\libgcc.a(fixdfsi.o)
                0x00006090                __aeabi_d2iz
 .text          0x000060f8       0x84 c:/program files (x86)/atmel/studio/7.0/toolchain/arm/arm-gnu-toolchain/bin/../lib/gcc/arm-none-eabi/6.2.1/thumb/v6-m\libgcc.a(floatsidf.o)
                0x000060f8                __aeabi_i2d
 .text.__libc_init_array
                0x0000617c       0x48 c:/program files (x86)/atmel/studio/7.0/toolchain/arm/arm-gnu-toolchain/bin/../lib/gcc/arm-none-eabi/6.2.1/../../../../arm-none-eabi/lib/thumb/v6-m\libc_nano.a(lib_a-init.o)
                0x0000617c                __libc_init_array
 .text.memcpy   0x000061c4       0x12 c:/program files (x86)/atmel/studio/7.0/toolchain/arm/arm-gnu-toolchain/bin/../lib/gcc/arm-none-eabi/6.2.1/../../../../arm-none-eabi/lib/thumb/v6-m\libc_nano.a(lib_a-memcpy-stub.o)
                0x000061c4                memcpy
 .text.memset   0x000061d6       0x10 c:/program files (x86)/atmel/studio/7.0/toolchain/arm/arm-gnu-toolchain/bin/../lib/gcc/arm-none-eabi/6.2.1/../../../../arm-none-eabi/lib/thumb/v6-m\libc_nano.a(lib_a-memset.o)
                0x000061d6                memset
 *fill*         0x000061e6        0x2 
 .text.sprintf  0x000061e8       0x44 c:/program files (x86)/atmel/studio/7.0/toolchain/arm/arm-gnu-toolchain/bin/../lib/gcc/arm-none-eabi/6.2.1/../../../../arm-none-eabi/lib/thumb/v6-m\libc_nano.a(lib_a-sprintf.o)
                0x000061e8                siprintf
                0x000061e8                sprintf
 .text.__ssputs_r
                0x0000622c       0xc4 c:/program files (x86)/atmel/studio/7.0/toolchain/arm/arm-gnu-toolchain/bin/../lib/gcc/arm-none-eabi/6.2.1/../../../../arm-none-eabi/lib/thumb/v6-m\libc_nano.a(lib_a-nano-svfprintf.o)
                0x0000622c                __ssputs_r
 .text._svfprintf_r
                0x000062f0      0x208 c:/program files (x86)/atmel/studio/7.0/toolchain/arm/arm-gnu-toolchain/bin/../lib/gcc/arm-none-eabi/6.2.1/../../../../arm-none-eabi/lib/thumb/v6-m\libc_nano.a(lib_a-nano-svfprintf.o)
                0x000062f0                _svfiprintf_r
                0x000062f0                _svfprintf_r
 .text._printf_common
                0x000064f8       0xda c:/program files (x86)/atmel/studio/7.0/toolchain/arm/arm-gnu-toolchain/bin/../lib/gcc/arm-none-eabi/6.2.1/../../../../arm-none-eabi/lib/thumb/v6-m\libc_nano.a(lib_a-nano-vfprintf_i.o)
                0x000064f8                _printf_common
 *fill*         0x000065d2        0x2 
 .text._printf_i
                0x000065d4      0x234 c:/program files (x86)/atmel/studio/7.0/toolchain/arm/arm-gnu-toolchain/bin/../lib/gcc/arm-none-eabi/6.2.1/../../../../arm-none-eabi/lib/thumb/v6-m\libc_nano.a(lib_a-nano-vfprintf_i.o)
                0x000065d4                _printf_i
 .text.memchr   0x00006808       0x16 c:/program files (x86)/atmel/studio/7.0/toolchain/arm/arm-gnu-toolchain/bin/../lib/gcc/arm-none-eabi/6.2.1/../../../../arm-none-eabi/lib/thumb/v6-m\libc_nano.a(lib_a-memchr-stub.o)
                0x00006808                memchr
 .text.memmove  0x0000681e       0x24 c:/program files (x86)/atmel/studio/7.0/toolchain/arm/arm-gnu-toolchain/bin/../lib/gcc/arm-none-eabi/6.2.1/../../../../arm-none-eabi/lib/thumb/v6-m\libc_nano.a(lib_a-memmove.o)
                0x0000681e                memmove
 *fill*         0x00006842        0x2 
 .text._free_r  0x00006844       0x94 c:/program files (x86)/atmel/studio/7.0/toolchain/arm/arm-gnu-toolchain/bin/../lib/gcc/arm-none-eabi/6.2.1/../../../../arm-none-eabi/lib/thumb/v6-m\libc_nano.a(lib_a-nano-freer.o)
                0x00006844                _free_r
 .text._malloc_r
                0x000068d8       0xbc c:/program files (x86)/atmel/studio/7.0/toolchain/arm/arm-gnu-toolchain/bin/../lib/gcc/arm-none-eabi/6.2.1/../../../../arm-none-eabi/lib/thumb/v6-m\libc_nano.a(lib_a-nano-mallocr.o)
                0x000068d8                _malloc_r
 .text._realloc_r
                0x00006994       0x4c c:/program files (x86)/atmel/studio/7.0/toolchain/arm/arm-gnu-toolchain/bin/../lib/gcc/arm-none-eabi/6.2.1/../../../../arm-none-eabi/lib/thumb/v6-m\libc_nano.a(lib_a-nano-reallocr.o)
                0x00006994                _realloc_r
 .text._sbrk_r  0x000069e0       0x24 c:/program files (x86)/atmel/studio/7.0/toolchain/arm/arm-gnu-toolchain/bin/../lib/gcc/arm-none-eabi/6.2.1/../../../../arm-none-eabi/lib/thumb/v6-m\libc_nano.a(lib_a-sbrkr.o)
                0x000069e0                _sbrk_r
 .text.__malloc_lock
                0x00006a04        0x2 c:/program files (x86)/atmel/studio/7.0/toolchain/arm/arm-gnu-toolchain/bin/../lib/gcc/arm-none-eabi/6.2.1/../../../../arm-none-eabi/lib/thumb/v6-m\libc_nano.a(lib_a-mlock.o)
                0x00006a04                __malloc_lock
 .text.__malloc_unlock
                0x00006a06        0x2 c:/program files (x86)/atmel/studio/7.0/toolchain/arm/arm-gnu-toolchain/bin/../lib/gcc/arm-none-eabi/6.2.1/../../../../arm-none-eabi/lib/thumb/v6-m\libc_nano.a(lib_a-mlock.o)
                0x00006a06                __malloc_unlock
 .text._malloc_usable_size_r
                0x00006a08       0x10 c:/program files (x86)/atmel/studio/7.0/toolchain/arm/arm-gnu-toolchain/bin/../lib/gcc/arm-none-eabi/6.2.1/../../../../arm-none-eabi/lib/thumb/v6-m\libc_nano.a(lib_a-nano-msizer.o)
                0x00006a08                _malloc_usable_size_r
 *(.glue_7t)
 .glue_7t       0x00006a18        0x0 linker stubs
 *(.glue_7)
 .glue_7        0x00006a18        0x0 linker stubs
 *(.rodata .rodata* .gnu.linkonce.r.*)
 .rodata.char2num
                0x00006a18       0x28 src/application.o
 .rodata.TC3_Handler.str1.4
                0x00006a40       0x2c src/application.o
 .rodata.test_components
                0x00006a6c       0xa0 src/testbench.o
 .rodata.nvm_execute_command
                0x00006b0c      0x118 src/ASF/sam0/drivers/nvm/nvm.o
 .rodata.system_clock_source_enable
                0x00006c24       0x24 src/ASF/sam0/drivers/system/clock/clock_samd21_r21_da/clock.o
 .rodata.usb_device_endpoint_set_config
                0x00006c48       0x14 src/ASF/sam0/drivers/usb/usb_sam_d_r/usb.o
 .rodata._usb_device_irq_bits
                0x00006c5c        0xe src/ASF/sam0/drivers/usb/usb_sam_d_r/usb.o
 *fill*         0x00006c6a        0x2 
 .rodata._usb_endpoint_irq_bits
                0x00006c6c        0x4 src/ASF/sam0/drivers/usb/usb_sam_d_r/usb.o
 .rodata        0x00006c70       0x40 c:/program files (x86)/atmel/studio/7.0/toolchain/arm/arm-gnu-toolchain/bin/../lib/gcc/arm-none-eabi/6.2.1/thumb/v6-m\libgcc.a(divdf3.o)
 .rodata        0x00006cb0       0x40 c:/program files (x86)/atmel/studio/7.0/toolchain/arm/arm-gnu-toolchain/bin/../lib/gcc/arm-none-eabi/6.2.1/thumb/v6-m\libgcc.a(muldf3.o)
 .rodata._svfprintf_r.str1.1
                0x00006cf0       0x11 c:/program files (x86)/atmel/studio/7.0/toolchain/arm/arm-gnu-toolchain/bin/../lib/gcc/arm-none-eabi/6.2.1/../../../../arm-none-eabi/lib/thumb/v6-m\libc_nano.a(lib_a-nano-svfprintf.o)
 .rodata._printf_i.str1.1
                0x00006d01       0x22 c:/program files (x86)/atmel/studio/7.0/toolchain/arm/arm-gnu-toolchain/bin/../lib/gcc/arm-none-eabi/6.2.1/../../../../arm-none-eabi/lib/thumb/v6-m\libc_nano.a(lib_a-nano-vfprintf_i.o)
 *(.ARM.extab* .gnu.linkonce.armextab.*)
                0x00006d24                . = ALIGN (0x4)
 *fill*         0x00006d23        0x1 
 *(.init)
 .init          0x00006d24        0x4 c:/program files (x86)/atmel/studio/7.0/toolchain/arm/arm-gnu-toolchain/bin/../lib/gcc/arm-none-eabi/6.2.1/thumb/v6-m/crti.o
                0x00006d24                _init
 .init          0x00006d28        0x8 c:/program files (x86)/atmel/studio/7.0/toolchain/arm/arm-gnu-toolchain/bin/../lib/gcc/arm-none-eabi/6.2.1/thumb/v6-m/crtn.o
                0x00006d30                . = ALIGN (0x4)
                0x00006d30                __preinit_array_start = .
 *(.preinit_array)
                0x00006d30                __preinit_array_end = .
                0x00006d30                . = ALIGN (0x4)
                0x00006d30                __init_array_start = .
 *(SORT(.init_array.*))
 *(.init_array)
 .init_array    0x00006d30        0x4 c:/program files (x86)/atmel/studio/7.0/toolchain/arm/arm-gnu-toolchain/bin/../lib/gcc/arm-none-eabi/6.2.1/thumb/v6-m/crtbegin.o
                0x00006d34                __init_array_end = .
                0x00006d34                . = ALIGN (0x4)
 *crtbegin.o(.ctors)
 *(EXCLUDE_FILE(*crtend.o) .ctors)
 *(SORT(.ctors.*))
 *crtend.o(.ctors)
                0x00006d34                . = ALIGN (0x4)
 *(.fini)
 .fini          0x00006d34        0x4 c:/program files (x86)/atmel/studio/7.0/toolchain/arm/arm-gnu-toolchain/bin/../lib/gcc/arm-none-eabi/6.2.1/thumb/v6-m/crti.o
                0x00006d34                _fini
 .fini          0x00006d38        0x8 c:/program files (x86)/atmel/studio/7.0/toolchain/arm/arm-gnu-toolchain/bin/../lib/gcc/arm-none-eabi/6.2.1/thumb/v6-m/crtn.o
                0x00006d40                . = ALIGN (0x4)
                0x00006d40                __fini_array_start = .
 *(.fini_array)
 .fini_array    0x00006d40        0x4 c:/program files (x86)/atmel/studio/7.0/toolchain/arm/arm-gnu-toolchain/bin/../lib/gcc/arm-none-eabi/6.2.1/thumb/v6-m/crtbegin.o
 *(SORT(.fini_array.*))
                0x00006d44                __fini_array_end = .
 *crtbegin.o(.dtors)
 *(EXCLUDE_FILE(*crtend.o) .dtors)
 *(SORT(.dtors.*))
 *crtend.o(.dtors)
                0x00006d44                . = ALIGN (0x4)
                0x00006d44                _efixed = .
                [!provide]                PROVIDE (__exidx_start, .)

.vfp11_veneer   0x00006d44        0x0
 .vfp11_veneer  0x00006d44        0x0 linker stubs

.v4_bx          0x00006d44        0x0
 .v4_bx         0x00006d44        0x0 linker stubs

.iplt           0x00006d44        0x0
 .iplt          0x00006d44        0x0 c:/program files (x86)/atmel/studio/7.0/toolchain/arm/arm-gnu-toolchain/bin/../lib/gcc/arm-none-eabi/6.2.1/thumb/v6-m/crtbegin.o

.eh_frame       0x00006d44        0x0
 .eh_frame      0x00006d44        0x0 c:/program files (x86)/atmel/studio/7.0/toolchain/arm/arm-gnu-toolchain/bin/../lib/gcc/arm-none-eabi/6.2.1/thumb/v6-m/crtbegin.o

.rel.dyn        0x00006d44        0x0
 .rel.iplt      0x00006d44        0x0 c:/program files (x86)/atmel/studio/7.0/toolchain/arm/arm-gnu-toolchain/bin/../lib/gcc/arm-none-eabi/6.2.1/thumb/v6-m/crtbegin.o

.jcr            0x00006d44        0x0
 .jcr           0x00006d44        0x0 c:/program files (x86)/atmel/studio/7.0/toolchain/arm/arm-gnu-toolchain/bin/../lib/gcc/arm-none-eabi/6.2.1/thumb/v6-m/crtbegin.o

.igot.plt       0x00006d44        0x0
 .igot.plt      0x00006d44        0x0 c:/program files (x86)/atmel/studio/7.0/toolchain/arm/arm-gnu-toolchain/bin/../lib/gcc/arm-none-eabi/6.2.1/thumb/v6-m/crtbegin.o

.ARM.exidx
 *(.ARM.exidx* .gnu.linkonce.armexidx.*)
                [!provide]                PROVIDE (__exidx_end, .)
                0x00006d44                . = ALIGN (0x4)
                0x00006d44                _etext = .

.relocate       0x20000000      0x174 load address 0x00006d44
                0x20000000                . = ALIGN (0x4)
                0x20000000                _srelocate = .
 *(.ramfunc .ramfunc.*)
 *(.data .data.*)
 .data.udi_api_cdc_comm
                0x20000000       0x14 src/ASF/common/services/usb/class/cdc/device/udi_cdc.o
                0x20000000                udi_api_cdc_comm
 .data.udi_api_cdc_data
                0x20000014       0x14 src/ASF/common/services/usb/class/cdc/device/udi_cdc.o
                0x20000014                udi_api_cdc_data
 .data.keyPadMatrix
                0x20000028       0x11 src/keypad.o
                0x20000028                keyPadMatrix
 *fill*         0x20000039        0x3 
 .data.string1  0x2000003c        0xd src/testbench.o
                0x2000003c                string1
 *fill*         0x20000049        0x3 
 .data.udc_config
                0x2000004c        0xc src/ASF/common/services/usb/class/cdc/device/udi_cdc_desc.o
                0x2000004c                udc_config
 .data.udc_config_fs
                0x20000058        0x8 src/ASF/common/services/usb/class/cdc/device/udi_cdc_desc.o
                0x20000058                udc_config_fs
 .data.udc_desc_fs
                0x20000060       0x43 src/ASF/common/services/usb/class/cdc/device/udi_cdc_desc.o
                0x20000060                udc_desc_fs
 *fill*         0x200000a3        0x1 
 .data.udc_device_desc
                0x200000a4       0x12 src/ASF/common/services/usb/class/cdc/device/udi_cdc_desc.o
                0x200000a4                udc_device_desc
 *fill*         0x200000b6        0x2 
 .data.udc_device_lpm
                0x200000b8        0xc src/ASF/common/services/usb/class/cdc/device/udi_cdc_desc.o
                0x200000b8                udc_device_lpm
 .data.udi_apis
                0x200000c4        0x8 src/ASF/common/services/usb/class/cdc/device/udi_cdc_desc.o
                0x200000c4                udi_apis
 .data.udc_string_desc
                0x200000cc       0x20 src/ASF/common/services/usb/udc/udc.o
 .data.udc_string_desc_languageid
                0x200000ec        0x4 src/ASF/common/services/usb/udc/udc.o
 .data.udc_string_manufacturer_name
                0x200000f0        0xa src/ASF/common/services/usb/udc/udc.o
 *fill*         0x200000fa        0x2 
 .data.udc_string_product_name
                0x200000fc       0x10 src/ASF/common/services/usb/udc/udc.o
 .data.g_interrupt_enabled
                0x2000010c        0x1 src/ASF/common/utils/interrupt/interrupt_sam_nvic.o
                0x2000010c                g_interrupt_enabled
 *fill*         0x2000010d        0x3 
 .data._impure_ptr
                0x20000110        0x4 c:/program files (x86)/atmel/studio/7.0/toolchain/arm/arm-gnu-toolchain/bin/../lib/gcc/arm-none-eabi/6.2.1/../../../../arm-none-eabi/lib/thumb/v6-m\libc_nano.a(lib_a-impure.o)
                0x20000110                _impure_ptr
 .data.impure_data
                0x20000114       0x60 c:/program files (x86)/atmel/studio/7.0/toolchain/arm/arm-gnu-toolchain/bin/../lib/gcc/arm-none-eabi/6.2.1/../../../../arm-none-eabi/lib/thumb/v6-m\libc_nano.a(lib_a-impure.o)
                0x20000174                . = ALIGN (0x4)
                0x20000174                _erelocate = .

.bss            0x20000174      0x7c4 load address 0x00006eb8
                0x20000174                . = ALIGN (0x4)
                0x20000174                _sbss = .
                0x20000174                _szero = .
 *(.bss .bss.*)
 .bss           0x20000174       0x1c c:/program files (x86)/atmel/studio/7.0/toolchain/arm/arm-gnu-toolchain/bin/../lib/gcc/arm-none-eabi/6.2.1/thumb/v6-m/crtbegin.o
 .bss.myTask1   0x20000190       0x10 src/application.o
 .bss.sof_zlp_counter.12397
                0x200001a0        0x2 src/ASF/common/services/usb/class/cdc/device/udi_cdc.o
 .bss.udi_cdc_data_running
                0x200001a2        0x1 src/ASF/common/services/usb/class/cdc/device/udi_cdc.o
 *fill*         0x200001a3        0x1 
 .bss.udi_cdc_line_coding
                0x200001a4        0x7 src/ASF/common/services/usb/class/cdc/device/udi_cdc.o
 .bss.udi_cdc_nb_comm_enabled
                0x200001ab        0x1 src/ASF/common/services/usb/class/cdc/device/udi_cdc.o
 .bss.udi_cdc_nb_data_enabled
                0x200001ac        0x1 src/ASF/common/services/usb/class/cdc/device/udi_cdc.o
 *fill*         0x200001ad        0x3 
 .bss.udi_cdc_rx_buf
                0x200001b0       0x80 src/ASF/common/services/usb/class/cdc/device/udi_cdc.o
 .bss.udi_cdc_rx_buf_nb
                0x20000230        0x4 src/ASF/common/services/usb/class/cdc/device/udi_cdc.o
 .bss.udi_cdc_rx_buf_sel
                0x20000234        0x1 src/ASF/common/services/usb/class/cdc/device/udi_cdc.o
 *fill*         0x20000235        0x3 
 .bss.udi_cdc_rx_pos
                0x20000238        0x2 src/ASF/common/services/usb/class/cdc/device/udi_cdc.o
 *fill*         0x2000023a        0x2 
 .bss.udi_cdc_rx_trans_ongoing
                0x2000023c        0x1 src/ASF/common/services/usb/class/cdc/device/udi_cdc.o
 *fill*         0x2000023d        0x3 
 .bss.udi_cdc_state
                0x20000240        0x2 src/ASF/common/services/usb/class/cdc/device/udi_cdc.o
 *fill*         0x20000242        0x2 
 .bss.udi_cdc_tx_both_buf_to_send
                0x20000244        0x1 src/ASF/common/services/usb/class/cdc/device/udi_cdc.o
 *fill*         0x20000245        0x3 
 .bss.udi_cdc_tx_buf
                0x20000248       0x80 src/ASF/common/services/usb/class/cdc/device/udi_cdc.o
 .bss.udi_cdc_tx_buf_nb
                0x200002c8        0x4 src/ASF/common/services/usb/class/cdc/device/udi_cdc.o
 .bss.udi_cdc_tx_buf_sel
                0x200002cc        0x1 src/ASF/common/services/usb/class/cdc/device/udi_cdc.o
 *fill*         0x200002cd        0x3 
 .bss.udi_cdc_tx_sof_num
                0x200002d0        0x2 src/ASF/common/services/usb/class/cdc/device/udi_cdc.o
 *fill*         0x200002d2        0x2 
 .bss.udi_cdc_tx_trans_ongoing
                0x200002d4        0x1 src/ASF/common/services/usb/class/cdc/device/udi_cdc.o
 *fill*         0x200002d5        0x3 
 .bss.uid_cdc_state_msg
                0x200002d8        0xa src/ASF/common/services/usb/class/cdc/device/udi_cdc.o
 *fill*         0x200002e2        0x2 
 .bss.LCD_write_buffer
                0x200002e4       0x28 src/LCD.o
 .bss.rx_data   0x2000030c        0x1 src/testbench.o
 *fill*         0x2000030d        0x1 
 .bss.udc_device_status
                0x2000030e        0x2 src/ASF/common/services/usb/udc/udc.o
 .bss.udc_ep_status.12044
                0x20000310        0x2 src/ASF/common/services/usb/udc/udc.o
 *fill*         0x20000312        0x2 
 .bss.udc_iface_setting
                0x20000314        0x1 src/ASF/common/services/usb/udc/udc.o
 *fill*         0x20000315        0x3 
 .bss.udc_num_configuration
                0x20000318        0x1 src/ASF/common/services/usb/udc/udc.o
 *fill*         0x20000319        0x3 
 .bss.udc_ptr_conf
                0x2000031c        0x4 src/ASF/common/services/usb/udc/udc.o
 .bss.udc_ptr_iface
                0x20000320        0x4 src/ASF/common/services/usb/udc/udc.o
 .bss.cpu_irq_critical_section_counter
                0x20000324        0x4 src/ASF/common/utils/interrupt/interrupt_sam_nvic.o
 .bss.cpu_irq_prev_interrupt_state
                0x20000328        0x1 src/ASF/common/utils/interrupt/interrupt_sam_nvic.o
 *fill*         0x20000329        0x3 
 .bss._nvm_dev  0x2000032c        0x6 src/ASF/sam0/drivers/nvm/nvm.o
 *fill*         0x20000332        0x2 
 .bss._system_clock_inst
                0x20000334       0x18 src/ASF/sam0/drivers/system/clock/clock_samd21_r21_da/clock.o
 .bss.b_shortpacket.13323
                0x2000034c        0x1 src/ASF/sam0/drivers/usb/stack_interface/usb_device_udd.o
 *fill*         0x2000034d        0x1 
 .bss.udd_ctrl_payload_nb_trans
                0x2000034e        0x2 src/ASF/sam0/drivers/usb/stack_interface/usb_device_udd.o
 .bss.udd_ctrl_prev_payload_nb_trans
                0x20000350        0x2 src/ASF/sam0/drivers/usb/stack_interface/usb_device_udd.o
 .bss.udd_ep_control_state
                0x20000352        0x1 src/ASF/sam0/drivers/usb/stack_interface/usb_device_udd.o
 *fill*         0x20000353        0x1 
 .bss.udd_ep_job
                0x20000354       0x78 src/ASF/sam0/drivers/usb/stack_interface/usb_device_udd.o
 .bss.udd_state.13180
                0x200003cc        0x1 src/ASF/sam0/drivers/usb/stack_interface/usb_device_udd.o
 *fill*         0x200003cd        0x3 
 .bss._usb_instances
                0x200003d0        0x4 src/ASF/sam0/drivers/usb/usb_sam_d_r/usb.o
 .bss.device_callback_lpm_wakeup_enable
                0x200003d4        0x4 src/ASF/sam0/drivers/usb/usb_sam_d_r/usb.o
 .bss.ep_callback_para
                0x200003d8        0x8 src/ASF/sam0/drivers/usb/usb_sam_d_r/usb.o
 .bss.host_pipe_job_busy_status
                0x200003e0        0x4 src/ASF/sam0/drivers/usb/usb_sam_d_r/usb.o
                0x200003e0                host_pipe_job_busy_status
 .bss.pipe_callback_para
                0x200003e4        0x6 src/ASF/sam0/drivers/usb/usb_sam_d_r/usb.o
 *fill*         0x200003ea        0x2 
 .bss.heap.5276
                0x200003ec        0x4 src/ASF/sam0/utils/syscalls/gcc/syscalls.o
 .bss.main_b_cdc_enable
                0x200003f0        0x1 src/main.o
 *fill*         0x200003f1        0x3 
 .bss.OPT3001_read_buffer
                0x200003f4        0x3 src/OPT3001.o
 *fill*         0x200003f7        0x1 
 .bss.OPT3001_write_buffer
                0x200003f8        0x3 src/OPT3001.o
 *fill*         0x200003fb        0x1 
 .bss.Si7021_read_buffer
                0x200003fc        0x2 src/Si7021.o
 *fill*         0x200003fe        0x2 
 .bss.Si7021_write_buffer
                0x20000400        0x2 src/Si7021.o
 *fill*         0x20000402        0x2 
 .bss.__malloc_free_list
                0x20000404        0x4 c:/program files (x86)/atmel/studio/7.0/toolchain/arm/arm-gnu-toolchain/bin/../lib/gcc/arm-none-eabi/6.2.1/../../../../arm-none-eabi/lib/thumb/v6-m\libc_nano.a(lib_a-nano-mallocr.o)
                0x20000404                __malloc_free_list
 .bss.__malloc_sbrk_start
                0x20000408        0x4 c:/program files (x86)/atmel/studio/7.0/toolchain/arm/arm-gnu-toolchain/bin/../lib/gcc/arm-none-eabi/6.2.1/../../../../arm-none-eabi/lib/thumb/v6-m\libc_nano.a(lib_a-nano-mallocr.o)
                0x20000408                __malloc_sbrk_start
 *(COMMON)
 COMMON         0x2000040c       0x50 src/application.o
                0x2000040c                myTime
                0x20000418                uart_data_rx
                0x20000419                currentTask
                0x2000041a                minute
                0x2000041c                mySchedule
                0x2000044c                temp1
                0x20000450                hour
                0x20000451                key
                0x20000454                str
                0x20000458                RH1
 COMMON         0x2000045c       0xa0 src/LCD.o
                0x2000045c                str4
                0x20000484                str3
                0x200004ac                str1
                0x200004d4                str2
 COMMON         0x200004fc       0x6a src/testbench.o
                0x200004fc                n
                0x20000500                OPT3001_data
                0x20000504                Codec_data
                0x20000508                Si7021_data
                0x2000050c                contrast
                0x2000050d                mysecond
                0x20000510                page_buffer
                0x20000550                uart_data_rx1
                0x20000554                MMA8491Q_data
                0x20000558                mytime
                0x20000564                error_code
                0x20000565                bright
 *fill*         0x20000566        0x2 
 COMMON         0x20000568        0x5 src/ASF/common/services/sleepmgr/samd/sleepmgr.o
                0x20000568                sleepmgr_locks
 COMMON         0x2000056d        0x1 src/ASF/sam0/drivers/extint/extint_callback.o
                0x2000056d                _current_channel
 *fill*         0x2000056e        0x2 
 COMMON         0x20000570       0x40 src/ASF/sam0/drivers/extint/extint_sam_d_r/extint.o
                0x20000570                _extint_dev
 COMMON         0x200005b0      0x280 src/ASF/sam0/drivers/usb/stack_interface/usb_device_udd.o
                0x200005b0                udd_ep_out_cache_buffer
                0x20000670                usb_device
                0x200007d8                udd_g_ctrlreq
                0x200007f0                udd_ctrl_buffer
 COMMON         0x20000830      0x100 src/ASF/sam0/drivers/usb/usb_sam_d_r/usb.o
                0x20000830                usb_descriptor_table
 COMMON         0x20000930        0x4 src/Si7021.o
                0x20000930                RH_data
                0x20000932                temp_data
 COMMON         0x20000934        0x4 c:/program files (x86)/atmel/studio/7.0/toolchain/arm/arm-gnu-toolchain/bin/../lib/gcc/arm-none-eabi/6.2.1/../../../../arm-none-eabi/lib/thumb/v6-m\libc_nano.a(lib_a-reent.o)
                0x20000934                errno
                0x20000938                . = ALIGN (0x4)
                0x20000938                _ebss = .
                0x20000938                _ezero = .

.stack          0x20000938     0x2000 load address 0x0000767c
                0x20000938                . = ALIGN (0x8)
                0x20000938                _sstack = .
                0x20002938                . = (. + STACK_SIZE)
 *fill*         0x20000938     0x2000 
                0x20002938                . = ALIGN (0x8)
                0x20002938                _estack = .
                0x20002938                . = ALIGN (0x4)
                0x20002938                _end = .
OUTPUT(DEVICE_EXAMPLE3.elf elf32-littlearm)

.ARM.attributes
                0x00000000       0x28
 .ARM.attributes
                0x00000000       0x1e c:/program files (x86)/atmel/studio/7.0/toolchain/arm/arm-gnu-toolchain/bin/../lib/gcc/arm-none-eabi/6.2.1/thumb/v6-m/crti.o
 .ARM.attributes
                0x0000001e       0x2c c:/program files (x86)/atmel/studio/7.0/toolchain/arm/arm-gnu-toolchain/bin/../lib/gcc/arm-none-eabi/6.2.1/thumb/v6-m/crtbegin.o
 .ARM.attributes
                0x0000004a       0x32 src/application.o
 .ARM.attributes
                0x0000007c       0x32 src/ASF/common/services/usb/class/cdc/device/udi_cdc.o
 .ARM.attributes
                0x000000ae       0x32 src/keypad.o
 .ARM.attributes
                0x000000e0       0x32 src/LCD.o
 .ARM.attributes
                0x00000112       0x32 src/RTC.o
 .ARM.attributes
                0x00000144       0x32 src/testbench.o
 .ARM.attributes
                0x00000176       0x32 src/usart.o
 .ARM.attributes
                0x000001a8       0x32 src/ASF/common/services/usb/class/cdc/device/example/samd21j18a_samd21_xplained_pro/ui.o
 .ARM.attributes
                0x000001da       0x32 src/ASF/common/services/sleepmgr/samd/sleepmgr.o
 .ARM.attributes
                0x0000020c       0x32 src/ASF/common/services/usb/class/cdc/device/udi_cdc_desc.o
 .ARM.attributes
                0x0000023e       0x32 src/ASF/common/services/usb/udc/udc.o
 .ARM.attributes
                0x00000270       0x32 src/ASF/common/utils/interrupt/interrupt_sam_nvic.o
 .ARM.attributes
                0x000002a2       0x32 src/ASF/sam0/boards/samd21_xplained_pro/board_init.o
 .ARM.attributes
                0x000002d4       0x32 src/ASF/sam0/drivers/extint/extint_callback.o
 .ARM.attributes
                0x00000306       0x32 src/ASF/sam0/drivers/extint/extint_sam_d_r/extint.o
 .ARM.attributes
                0x00000338       0x32 src/ASF/sam0/drivers/nvm/nvm.o
 .ARM.attributes
                0x0000036a       0x32 src/ASF/sam0/drivers/port/port.o
 .ARM.attributes
                0x0000039c       0x32 src/ASF/sam0/drivers/system/clock/clock_samd21_r21_da/clock.o
 .ARM.attributes
                0x000003ce       0x32 src/ASF/sam0/drivers/system/clock/clock_samd21_r21_da/gclk.o
 .ARM.attributes
                0x00000400       0x32 src/ASF/sam0/drivers/system/pinmux/pinmux.o
 .ARM.attributes
                0x00000432       0x32 src/ASF/sam0/drivers/system/system.o
 .ARM.attributes
                0x00000464       0x32 src/ASF/sam0/drivers/usb/stack_interface/usb_device_udd.o
 .ARM.attributes
                0x00000496       0x32 src/ASF/sam0/drivers/usb/usb_sam_d_r/usb.o
 .ARM.attributes
                0x000004c8       0x32 src/ASF/sam0/utils/cmsis/samd21/source/gcc/startup_samd21.o
 .ARM.attributes
                0x000004fa       0x32 src/ASF/sam0/utils/syscalls/gcc/syscalls.o
 .ARM.attributes
                0x0000052c       0x32 src/flash.o
 .ARM.attributes
                0x0000055e       0x32 src/main.o
 .ARM.attributes
                0x00000590       0x32 src/OPT3001.o
 .ARM.attributes
                0x000005c2       0x32 src/Si7021.o
 .ARM.attributes
                0x000005f4       0x1e c:/program files (x86)/atmel/studio/7.0/toolchain/arm/arm-gnu-toolchain/bin/../lib/gcc/arm-none-eabi/6.2.1/thumb/v6-m\libgcc.a(_udivsi3.o)
 .ARM.attributes
                0x00000612       0x1e c:/program files (x86)/atmel/studio/7.0/toolchain/arm/arm-gnu-toolchain/bin/../lib/gcc/arm-none-eabi/6.2.1/thumb/v6-m\libgcc.a(_divsi3.o)
 .ARM.attributes
                0x00000630       0x1e c:/program files (x86)/atmel/studio/7.0/toolchain/arm/arm-gnu-toolchain/bin/../lib/gcc/arm-none-eabi/6.2.1/thumb/v6-m\libgcc.a(_dvmd_tls.o)
 .ARM.attributes
                0x0000064e       0x1e c:/program files (x86)/atmel/studio/7.0/toolchain/arm/arm-gnu-toolchain/bin/../lib/gcc/arm-none-eabi/6.2.1/thumb/v6-m\libgcc.a(_clzsi2.o)
 .ARM.attributes
                0x0000066c       0x1e c:/program files (x86)/atmel/studio/7.0/toolchain/arm/arm-gnu-toolchain/bin/../lib/gcc/arm-none-eabi/6.2.1/thumb/v6-m\libgcc.a(_ctzsi2.o)
 .ARM.attributes
                0x0000068a       0x2c c:/program files (x86)/atmel/studio/7.0/toolchain/arm/arm-gnu-toolchain/bin/../lib/gcc/arm-none-eabi/6.2.1/thumb/v6-m\libgcc.a(divdf3.o)
 .ARM.attributes
                0x000006b6       0x2c c:/program files (x86)/atmel/studio/7.0/toolchain/arm/arm-gnu-toolchain/bin/../lib/gcc/arm-none-eabi/6.2.1/thumb/v6-m\libgcc.a(muldf3.o)
 .ARM.attributes
                0x000006e2       0x2c c:/program files (x86)/atmel/studio/7.0/toolchain/arm/arm-gnu-toolchain/bin/../lib/gcc/arm-none-eabi/6.2.1/thumb/v6-m\libgcc.a(subdf3.o)
 .ARM.attributes
                0x0000070e       0x2c c:/program files (x86)/atmel/studio/7.0/toolchain/arm/arm-gnu-toolchain/bin/../lib/gcc/arm-none-eabi/6.2.1/thumb/v6-m\libgcc.a(fixdfsi.o)
 .ARM.attributes
                0x0000073a       0x2c c:/program files (x86)/atmel/studio/7.0/toolchain/arm/arm-gnu-toolchain/bin/../lib/gcc/arm-none-eabi/6.2.1/thumb/v6-m\libgcc.a(floatsidf.o)
 .ARM.attributes
                0x00000766       0x2c c:/program files (x86)/atmel/studio/7.0/toolchain/arm/arm-gnu-toolchain/bin/../lib/gcc/arm-none-eabi/6.2.1/../../../../arm-none-eabi/lib/thumb/v6-m\libc_nano.a(lib_a-impure.o)
 .ARM.attributes
                0x00000792       0x2c c:/program files (x86)/atmel/studio/7.0/toolchain/arm/arm-gnu-toolchain/bin/../lib/gcc/arm-none-eabi/6.2.1/../../../../arm-none-eabi/lib/thumb/v6-m\libc_nano.a(lib_a-init.o)
 .ARM.attributes
                0x000007be       0x2c c:/program files (x86)/atmel/studio/7.0/toolchain/arm/arm-gnu-toolchain/bin/../lib/gcc/arm-none-eabi/6.2.1/../../../../arm-none-eabi/lib/thumb/v6-m\libc_nano.a(lib_a-memcpy-stub.o)
 .ARM.attributes
                0x000007ea       0x2c c:/program files (x86)/atmel/studio/7.0/toolchain/arm/arm-gnu-toolchain/bin/../lib/gcc/arm-none-eabi/6.2.1/../../../../arm-none-eabi/lib/thumb/v6-m\libc_nano.a(lib_a-memset.o)
 .ARM.attributes
                0x00000816       0x2c c:/program files (x86)/atmel/studio/7.0/toolchain/arm/arm-gnu-toolchain/bin/../lib/gcc/arm-none-eabi/6.2.1/../../../../arm-none-eabi/lib/thumb/v6-m\libc_nano.a(lib_a-sprintf.o)
 .ARM.attributes
                0x00000842       0x2c c:/program files (x86)/atmel/studio/7.0/toolchain/arm/arm-gnu-toolchain/bin/../lib/gcc/arm-none-eabi/6.2.1/../../../../arm-none-eabi/lib/thumb/v6-m\libc_nano.a(lib_a-nano-svfprintf.o)
 .ARM.attributes
                0x0000086e       0x2c c:/program files (x86)/atmel/studio/7.0/toolchain/arm/arm-gnu-toolchain/bin/../lib/gcc/arm-none-eabi/6.2.1/../../../../arm-none-eabi/lib/thumb/v6-m\libc_nano.a(lib_a-nano-vfprintf_i.o)
 .ARM.attributes
                0x0000089a       0x2c c:/program files (x86)/atmel/studio/7.0/toolchain/arm/arm-gnu-toolchain/bin/../lib/gcc/arm-none-eabi/6.2.1/../../../../arm-none-eabi/lib/thumb/v6-m\libc_nano.a(lib_a-memchr-stub.o)
 .ARM.attributes
                0x000008c6       0x2c c:/program files (x86)/atmel/studio/7.0/toolchain/arm/arm-gnu-toolchain/bin/../lib/gcc/arm-none-eabi/6.2.1/../../../../arm-none-eabi/lib/thumb/v6-m\libc_nano.a(lib_a-memmove.o)
 .ARM.attributes
                0x000008f2       0x2c c:/program files (x86)/atmel/studio/7.0/toolchain/arm/arm-gnu-toolchain/bin/../lib/gcc/arm-none-eabi/6.2.1/../../../../arm-none-eabi/lib/thumb/v6-m\libc_nano.a(lib_a-nano-freer.o)
 .ARM.attributes
                0x0000091e       0x2c c:/program files (x86)/atmel/studio/7.0/toolchain/arm/arm-gnu-toolchain/bin/../lib/gcc/arm-none-eabi/6.2.1/../../../../arm-none-eabi/lib/thumb/v6-m\libc_nano.a(lib_a-nano-mallocr.o)
 .ARM.attributes
                0x0000094a       0x2c c:/program files (x86)/atmel/studio/7.0/toolchain/arm/arm-gnu-toolchain/bin/../lib/gcc/arm-none-eabi/6.2.1/../../../../arm-none-eabi/lib/thumb/v6-m\libc_nano.a(lib_a-nano-reallocr.o)
 .ARM.attributes
                0x00000976       0x2c c:/program files (x86)/atmel/studio/7.0/toolchain/arm/arm-gnu-toolchain/bin/../lib/gcc/arm-none-eabi/6.2.1/../../../../arm-none-eabi/lib/thumb/v6-m\libc_nano.a(lib_a-sbrkr.o)
 .ARM.attributes
                0x000009a2       0x2c c:/program files (x86)/atmel/studio/7.0/toolchain/arm/arm-gnu-toolchain/bin/../lib/gcc/arm-none-eabi/6.2.1/../../../../arm-none-eabi/lib/thumb/v6-m\libc_nano.a(lib_a-mlock.o)
 .ARM.attributes
                0x000009ce       0x2c c:/program files (x86)/atmel/studio/7.0/toolchain/arm/arm-gnu-toolchain/bin/../lib/gcc/arm-none-eabi/6.2.1/../../../../arm-none-eabi/lib/thumb/v6-m\libc_nano.a(lib_a-nano-msizer.o)
 .ARM.attributes
                0x000009fa       0x2c c:/program files (x86)/atmel/studio/7.0/toolchain/arm/arm-gnu-toolchain/bin/../lib/gcc/arm-none-eabi/6.2.1/../../../../arm-none-eabi/lib/thumb/v6-m\libc_nano.a(lib_a-reent.o)
 .ARM.attributes
                0x00000a26       0x1e c:/program files (x86)/atmel/studio/7.0/toolchain/arm/arm-gnu-toolchain/bin/../lib/gcc/arm-none-eabi/6.2.1/thumb/v6-m/crtn.o

.comment        0x00000000       0x59
 .comment       0x00000000       0x59 src/application.o
                                 0x5a (size before relaxing)
 .comment       0x00000059       0x5a src/ASF/common/services/usb/class/cdc/device/udi_cdc.o
 .comment       0x00000059       0x5a src/keypad.o
 .comment       0x00000059       0x5a src/LCD.o
 .comment       0x00000059       0x5a src/RTC.o
 .comment       0x00000059       0x5a src/testbench.o
 .comment       0x00000059       0x5a src/usart.o
 .comment       0x00000059       0x5a src/ASF/common/services/usb/class/cdc/device/example/samd21j18a_samd21_xplained_pro/ui.o
 .comment       0x00000059       0x5a src/ASF/common/services/sleepmgr/samd/sleepmgr.o
 .comment       0x00000059       0x5a src/ASF/common/services/usb/class/cdc/device/udi_cdc_desc.o
 .comment       0x00000059       0x5a src/ASF/common/services/usb/udc/udc.o
 .comment       0x00000059       0x5a src/ASF/common/utils/interrupt/interrupt_sam_nvic.o
 .comment       0x00000059       0x5a src/ASF/sam0/boards/samd21_xplained_pro/board_init.o
 .comment       0x00000059       0x5a src/ASF/sam0/drivers/extint/extint_callback.o
 .comment       0x00000059       0x5a src/ASF/sam0/drivers/extint/extint_sam_d_r/extint.o
 .comment       0x00000059       0x5a src/ASF/sam0/drivers/nvm/nvm.o
 .comment       0x00000059       0x5a src/ASF/sam0/drivers/port/port.o
 .comment       0x00000059       0x5a src/ASF/sam0/drivers/system/clock/clock_samd21_r21_da/clock.o
 .comment       0x00000059       0x5a src/ASF/sam0/drivers/system/clock/clock_samd21_r21_da/gclk.o
 .comment       0x00000059       0x5a src/ASF/sam0/drivers/system/pinmux/pinmux.o
 .comment       0x00000059       0x5a src/ASF/sam0/drivers/system/system.o
 .comment       0x00000059       0x5a src/ASF/sam0/drivers/usb/stack_interface/usb_device_udd.o
 .comment       0x00000059       0x5a src/ASF/sam0/drivers/usb/usb_sam_d_r/usb.o
 .comment       0x00000059       0x5a src/ASF/sam0/utils/cmsis/samd21/source/gcc/startup_samd21.o
 .comment       0x00000059       0x5a src/ASF/sam0/utils/syscalls/gcc/syscalls.o
 .comment       0x00000059       0x5a src/flash.o
 .comment       0x00000059       0x5a src/main.o
 .comment       0x00000059       0x5a src/OPT3001.o
 .comment       0x00000059       0x5a src/Si7021.o

.debug_info     0x00000000    0x49df0
 .debug_info    0x00000000     0x500f src/application.o
 .debug_info    0x0000500f     0x294d src/ASF/common/services/usb/class/cdc/device/udi_cdc.o
 .debug_info    0x0000795c     0x16f0 src/keypad.o
 .debug_info    0x0000904c     0x447c src/LCD.o
 .debug_info    0x0000d4c8     0x33b1 src/RTC.o
 .debug_info    0x00010879     0x165a src/testbench.o
 .debug_info    0x00011ed3     0x3f3c src/usart.o
 .debug_info    0x00015e0f     0x1a15 src/ASF/common/services/usb/class/cdc/device/example/samd21j18a_samd21_xplained_pro/ui.o
 .debug_info    0x00017824      0xa82 src/ASF/common/services/sleepmgr/samd/sleepmgr.o
 .debug_info    0x000182a6     0x1316 src/ASF/common/services/usb/class/cdc/device/udi_cdc_desc.o
 .debug_info    0x000195bc     0x1a69 src/ASF/common/services/usb/udc/udc.o
 .debug_info    0x0001b025      0xafb src/ASF/common/utils/interrupt/interrupt_sam_nvic.o
 .debug_info    0x0001bb20     0x12a1 src/ASF/sam0/boards/samd21_xplained_pro/board_init.o
 .debug_info    0x0001cdc1     0x199b src/ASF/sam0/drivers/extint/extint_callback.o
 .debug_info    0x0001e75c     0x2b1a src/ASF/sam0/drivers/extint/extint_sam_d_r/extint.o
 .debug_info    0x00021276     0x262e src/ASF/sam0/drivers/nvm/nvm.o
 .debug_info    0x000238a4     0x12aa src/ASF/sam0/drivers/port/port.o
 .debug_info    0x00024b4e     0x3a8c src/ASF/sam0/drivers/system/clock/clock_samd21_r21_da/clock.o
 .debug_info    0x000285da     0x1ec5 src/ASF/sam0/drivers/system/clock/clock_samd21_r21_da/gclk.o
 .debug_info    0x0002a49f     0x13e9 src/ASF/sam0/drivers/system/pinmux/pinmux.o
 .debug_info    0x0002b888      0xa67 src/ASF/sam0/drivers/system/system.o
 .debug_info    0x0002c2ef     0x6de2 src/ASF/sam0/drivers/usb/stack_interface/usb_device_udd.o
 .debug_info    0x000330d1     0x526d src/ASF/sam0/drivers/usb/usb_sam_d_r/usb.o
 .debug_info    0x0003833e     0x3a49 src/ASF/sam0/utils/cmsis/samd21/source/gcc/startup_samd21.o
 .debug_info    0x0003bd87      0xd8c src/ASF/sam0/utils/syscalls/gcc/syscalls.o
 .debug_info    0x0003cb13     0x1442 src/flash.o
 .debug_info    0x0003df55     0x5101 src/main.o
 .debug_info    0x00043056     0x2fd5 src/OPT3001.o
 .debug_info    0x0004602b     0x3dc5 src/Si7021.o

.debug_abbrev   0x00000000     0x633e
 .debug_abbrev  0x00000000      0x4b2 src/application.o
 .debug_abbrev  0x000004b2      0x4ab src/ASF/common/services/usb/class/cdc/device/udi_cdc.o
 .debug_abbrev  0x0000095d      0x286 src/keypad.o
 .debug_abbrev  0x00000be3      0x3e3 src/LCD.o
 .debug_abbrev  0x00000fc6      0x352 src/RTC.o
 .debug_abbrev  0x00001318      0x277 src/testbench.o
 .debug_abbrev  0x0000158f      0x31d src/usart.o
 .debug_abbrev  0x000018ac      0x3b9 src/ASF/common/services/usb/class/cdc/device/example/samd21j18a_samd21_xplained_pro/ui.o
 .debug_abbrev  0x00001c65      0x1b2 src/ASF/common/services/sleepmgr/samd/sleepmgr.o
 .debug_abbrev  0x00001e17      0x1e7 src/ASF/common/services/usb/class/cdc/device/udi_cdc_desc.o
 .debug_abbrev  0x00001ffe      0x3f5 src/ASF/common/services/usb/udc/udc.o
 .debug_abbrev  0x000023f3      0x22c src/ASF/common/utils/interrupt/interrupt_sam_nvic.o
 .debug_abbrev  0x0000261f      0x2dc src/ASF/sam0/boards/samd21_xplained_pro/board_init.o
 .debug_abbrev  0x000028fb      0x333 src/ASF/sam0/drivers/extint/extint_callback.o
 .debug_abbrev  0x00002c2e      0x4a7 src/ASF/sam0/drivers/extint/extint_sam_d_r/extint.o
 .debug_abbrev  0x000030d5      0x491 src/ASF/sam0/drivers/nvm/nvm.o
 .debug_abbrev  0x00003566      0x298 src/ASF/sam0/drivers/port/port.o
 .debug_abbrev  0x000037fe      0x493 src/ASF/sam0/drivers/system/clock/clock_samd21_r21_da/clock.o
 .debug_abbrev  0x00003c91      0x3f1 src/ASF/sam0/drivers/system/clock/clock_samd21_r21_da/gclk.o
 .debug_abbrev  0x00004082      0x37b src/ASF/sam0/drivers/system/pinmux/pinmux.o
 .debug_abbrev  0x000043fd      0x1e1 src/ASF/sam0/drivers/system/system.o
 .debug_abbrev  0x000045de      0x61c src/ASF/sam0/drivers/usb/stack_interface/usb_device_udd.o
 .debug_abbrev  0x00004bfa      0x4e9 src/ASF/sam0/drivers/usb/usb_sam_d_r/usb.o
 .debug_abbrev  0x000050e3      0x234 src/ASF/sam0/utils/cmsis/samd21/source/gcc/startup_samd21.o
 .debug_abbrev  0x00005317      0x257 src/ASF/sam0/utils/syscalls/gcc/syscalls.o
 .debug_abbrev  0x0000556e      0x2ae src/flash.o
 .debug_abbrev  0x0000581c      0x3f5 src/main.o
 .debug_abbrev  0x00005c11      0x316 src/OPT3001.o
 .debug_abbrev  0x00005f27      0x417 src/Si7021.o

.debug_loc      0x00000000     0x9a83
 .debug_loc     0x00000000      0x531 src/application.o
 .debug_loc     0x00000531     0x11bd src/ASF/common/services/usb/class/cdc/device/udi_cdc.o
 .debug_loc     0x000016ee       0x3f src/keypad.o
 .debug_loc     0x0000172d      0xd86 src/LCD.o
 .debug_loc     0x000024b3      0x367 src/RTC.o
 .debug_loc     0x0000281a       0x74 src/testbench.o
 .debug_loc     0x0000288e      0x2af src/usart.o
 .debug_loc     0x00002b3d      0x208 src/ASF/common/services/usb/class/cdc/device/example/samd21j18a_samd21_xplained_pro/ui.o
 .debug_loc     0x00002d45      0x4d6 src/ASF/common/services/usb/udc/udc.o
 .debug_loc     0x0000321b       0x8b src/ASF/sam0/boards/samd21_xplained_pro/board_init.o
 .debug_loc     0x000032a6      0x2ac src/ASF/sam0/drivers/extint/extint_callback.o
 .debug_loc     0x00003552      0x43d src/ASF/sam0/drivers/extint/extint_sam_d_r/extint.o
 .debug_loc     0x0000398f     0x10c4 src/ASF/sam0/drivers/nvm/nvm.o
 .debug_loc     0x00004a53      0x13d src/ASF/sam0/drivers/port/port.o
 .debug_loc     0x00004b90      0xfff src/ASF/sam0/drivers/system/clock/clock_samd21_r21_da/clock.o
 .debug_loc     0x00005b8f      0x504 src/ASF/sam0/drivers/system/clock/clock_samd21_r21_da/gclk.o
 .debug_loc     0x00006093      0x36d src/ASF/sam0/drivers/system/pinmux/pinmux.o
 .debug_loc     0x00006400       0x20 src/ASF/sam0/drivers/system/system.o
 .debug_loc     0x00006420     0x136e src/ASF/sam0/drivers/usb/stack_interface/usb_device_udd.o
 .debug_loc     0x0000778e     0x1aff src/ASF/sam0/drivers/usb/usb_sam_d_r/usb.o
 .debug_loc     0x0000928d       0x40 src/ASF/sam0/utils/cmsis/samd21/source/gcc/startup_samd21.o
 .debug_loc     0x000092cd       0xef src/ASF/sam0/utils/syscalls/gcc/syscalls.o
 .debug_loc     0x000093bc       0x3f src/flash.o
 .debug_loc     0x000093fb      0x259 src/main.o
 .debug_loc     0x00009654      0x1d0 src/OPT3001.o
 .debug_loc     0x00009824      0x25f src/Si7021.o

.debug_aranges  0x00000000      0xb48
 .debug_aranges
                0x00000000       0x70 src/application.o
 .debug_aranges
                0x00000070      0x170 src/ASF/common/services/usb/class/cdc/device/udi_cdc.o
 .debug_aranges
                0x000001e0       0x28 src/keypad.o
 .debug_aranges
                0x00000208       0x88 src/LCD.o
 .debug_aranges
                0x00000290       0x48 src/RTC.o
 .debug_aranges
                0x000002d8       0x20 src/testbench.o
 .debug_aranges
                0x000002f8       0x40 src/usart.o
 .debug_aranges
                0x00000338       0x90 src/ASF/common/services/usb/class/cdc/device/example/samd21j18a_samd21_xplained_pro/ui.o
 .debug_aranges
                0x000003c8       0x18 src/ASF/common/services/sleepmgr/samd/sleepmgr.o
 .debug_aranges
                0x000003e0       0x18 src/ASF/common/services/usb/class/cdc/device/udi_cdc_desc.o
 .debug_aranges
                0x000003f8       0x70 src/ASF/common/services/usb/udc/udc.o
 .debug_aranges
                0x00000468       0x28 src/ASF/common/utils/interrupt/interrupt_sam_nvic.o
 .debug_aranges
                0x00000490       0x20 src/ASF/sam0/boards/samd21_xplained_pro/board_init.o
 .debug_aranges
                0x000004b0       0x48 src/ASF/sam0/drivers/extint/extint_callback.o
 .debug_aranges
                0x000004f8       0x50 src/ASF/sam0/drivers/extint/extint_sam_d_r/extint.o
 .debug_aranges
                0x00000548       0x68 src/ASF/sam0/drivers/nvm/nvm.o
 .debug_aranges
                0x000005b0       0x28 src/ASF/sam0/drivers/port/port.o
 .debug_aranges
                0x000005d8       0x78 src/ASF/sam0/drivers/system/clock/clock_samd21_r21_da/clock.o
 .debug_aranges
                0x00000650       0x80 src/ASF/sam0/drivers/system/clock/clock_samd21_r21_da/gclk.o
 .debug_aranges
                0x000006d0       0x40 src/ASF/sam0/drivers/system/pinmux/pinmux.o
 .debug_aranges
                0x00000710       0x28 src/ASF/sam0/drivers/system/system.o
 .debug_aranges
                0x00000738      0x130 src/ASF/sam0/drivers/usb/stack_interface/usb_device_udd.o
 .debug_aranges
                0x00000868      0x158 src/ASF/sam0/drivers/usb/usb_sam_d_r/usb.o
 .debug_aranges
                0x000009c0       0x28 src/ASF/sam0/utils/cmsis/samd21/source/gcc/startup_samd21.o
 .debug_aranges
                0x000009e8       0x60 src/ASF/sam0/utils/syscalls/gcc/syscalls.o
 .debug_aranges
                0x00000a48       0x20 src/flash.o
 .debug_aranges
                0x00000a68       0x68 src/main.o
 .debug_aranges
                0x00000ad0       0x30 src/OPT3001.o
 .debug_aranges
                0x00000b00       0x48 src/Si7021.o

.debug_ranges   0x00000000      0xf80
 .debug_ranges  0x00000000       0xb0 src/application.o
 .debug_ranges  0x000000b0      0x1d8 src/ASF/common/services/usb/class/cdc/device/udi_cdc.o
 .debug_ranges  0x00000288       0x18 src/keypad.o
 .debug_ranges  0x000002a0      0x298 src/LCD.o
 .debug_ranges  0x00000538       0x38 src/RTC.o
 .debug_ranges  0x00000570       0x10 src/testbench.o
 .debug_ranges  0x00000580       0x60 src/usart.o
 .debug_ranges  0x000005e0       0x80 src/ASF/common/services/usb/class/cdc/device/example/samd21j18a_samd21_xplained_pro/ui.o
 .debug_ranges  0x00000660       0xc8 src/ASF/common/services/usb/udc/udc.o
 .debug_ranges  0x00000728       0x18 src/ASF/common/utils/interrupt/interrupt_sam_nvic.o
 .debug_ranges  0x00000740       0x10 src/ASF/sam0/boards/samd21_xplained_pro/board_init.o
 .debug_ranges  0x00000750       0x90 src/ASF/sam0/drivers/extint/extint_callback.o
 .debug_ranges  0x000007e0       0x40 src/ASF/sam0/drivers/extint/extint_sam_d_r/extint.o
 .debug_ranges  0x00000820      0x118 src/ASF/sam0/drivers/nvm/nvm.o
 .debug_ranges  0x00000938       0x18 src/ASF/sam0/drivers/port/port.o
 .debug_ranges  0x00000950       0x68 src/ASF/sam0/drivers/system/clock/clock_samd21_r21_da/clock.o
 .debug_ranges  0x000009b8       0x88 src/ASF/sam0/drivers/system/clock/clock_samd21_r21_da/gclk.o
 .debug_ranges  0x00000a40       0x30 src/ASF/sam0/drivers/system/pinmux/pinmux.o
 .debug_ranges  0x00000a70       0x18 src/ASF/sam0/drivers/system/system.o
 .debug_ranges  0x00000a88      0x1b0 src/ASF/sam0/drivers/usb/stack_interface/usb_device_udd.o
 .debug_ranges  0x00000c38      0x190 src/ASF/sam0/drivers/usb/usb_sam_d_r/usb.o
 .debug_ranges  0x00000dc8       0x18 src/ASF/sam0/utils/cmsis/samd21/source/gcc/startup_samd21.o
 .debug_ranges  0x00000de0       0x50 src/ASF/sam0/utils/syscalls/gcc/syscalls.o
 .debug_ranges  0x00000e30       0x10 src/flash.o
 .debug_ranges  0x00000e40       0x58 src/main.o
 .debug_ranges  0x00000e98       0x68 src/OPT3001.o
 .debug_ranges  0x00000f00       0x80 src/Si7021.o

.debug_macro    0x00000000    0x20c9b
 .debug_macro   0x00000000      0x787 src/application.o
 .debug_macro   0x00000787      0x8c2 src/application.o
 .debug_macro   0x00001049      0x16d src/application.o
 .debug_macro   0x000011b6      0x652 src/application.o
 .debug_macro   0x00001808       0x22 src/application.o
 .debug_macro   0x0000182a       0x87 src/application.o
 .debug_macro   0x000018b1       0x51 src/application.o
 .debug_macro   0x00001902       0xef src/application.o
 .debug_macro   0x000019f1       0x6a src/application.o
 .debug_macro   0x00001a5b      0x1df src/application.o
 .debug_macro   0x00001c3a       0x10 src/application.o
 .debug_macro   0x00001c4a       0x76 src/application.o
 .debug_macro   0x00001cc0       0x16 src/application.o
 .debug_macro   0x00001cd6      0x6e5 src/application.o
 .debug_macro   0x000023bb      0xde2 src/application.o
 .debug_macro   0x0000319d       0x22 src/application.o
 .debug_macro   0x000031bf       0x40 src/application.o
 .debug_macro   0x000031ff       0x3a src/application.o
 .debug_macro   0x00003239       0x1f src/application.o
 .debug_macro   0x00003258      0x250 src/application.o
 .debug_macro   0x000034a8      0x682 src/application.o
 .debug_macro   0x00003b2a      0x8bf src/application.o
 .debug_macro   0x000043e9      0x235 src/application.o
 .debug_macro   0x0000461e      0xd6a src/application.o
 .debug_macro   0x00005388      0x4ce src/application.o
 .debug_macro   0x00005856      0x9f8 src/application.o
 .debug_macro   0x0000624e      0x82b src/application.o
 .debug_macro   0x00006a79      0x45f src/application.o
 .debug_macro   0x00006ed8       0x5e src/application.o
 .debug_macro   0x00006f36      0x906 src/application.o
 .debug_macro   0x0000783c      0x225 src/application.o
 .debug_macro   0x00007a61      0x963 src/application.o
 .debug_macro   0x000083c4       0x5e src/application.o
 .debug_macro   0x00008422      0x671 src/application.o
 .debug_macro   0x00008a93      0x3af src/application.o
 .debug_macro   0x00008e42      0xc7f src/application.o
 .debug_macro   0x00009ac1     0x1092 src/application.o
 .debug_macro   0x0000ab53      0xc4a src/application.o
 .debug_macro   0x0000b79d      0x6bf src/application.o
 .debug_macro   0x0000be5c     0x1bc9 src/application.o
 .debug_macro   0x0000da25     0x144a src/application.o
 .debug_macro   0x0000ee6f      0x34e src/application.o
 .debug_macro   0x0000f1bd       0x7c src/application.o
 .debug_macro   0x0000f239       0xa0 src/application.o
 .debug_macro   0x0000f2d9       0x4c src/application.o
 .debug_macro   0x0000f325       0xca src/application.o
 .debug_macro   0x0000f3ef       0x94 src/application.o
 .debug_macro   0x0000f483       0x58 src/application.o
 .debug_macro   0x0000f4db      0x387 src/application.o
 .debug_macro   0x0000f862       0x82 src/application.o
 .debug_macro   0x0000f8e4      0x197 src/application.o
 .debug_macro   0x0000fa7b       0xb8 src/application.o
 .debug_macro   0x0000fb33       0xa0 src/application.o
 .debug_macro   0x0000fbd3       0xb8 src/application.o
 .debug_macro   0x0000fc8b       0x1c src/application.o
 .debug_macro   0x0000fca7       0x1c src/application.o
 .debug_macro   0x0000fcc3       0x1c src/application.o
 .debug_macro   0x0000fcdf       0x82 src/application.o
 .debug_macro   0x0000fd61      0x161 src/application.o
 .debug_macro   0x0000fec2       0xdc src/application.o
 .debug_macro   0x0000ff9e      0x12f src/application.o
 .debug_macro   0x000100cd      0x12f src/application.o
 .debug_macro   0x000101fc      0x12f src/application.o
 .debug_macro   0x0001032b      0x12f src/application.o
 .debug_macro   0x0001045a      0x12f src/application.o
 .debug_macro   0x00010589      0x12f src/application.o
 .debug_macro   0x000106b8      0x124 src/application.o
 .debug_macro   0x000107dc       0xe2 src/application.o
 .debug_macro   0x000108be       0xe2 src/application.o
 .debug_macro   0x000109a0       0xe2 src/application.o
 .debug_macro   0x00010a82       0xe2 src/application.o
 .debug_macro   0x00010b64       0xe2 src/application.o
 .debug_macro   0x00010c46      0x133 src/application.o
 .debug_macro   0x00010d79      0x106 src/application.o
 .debug_macro   0x00010e7f       0xfa src/application.o
 .debug_macro   0x00010f79      0x40f src/application.o
 .debug_macro   0x00011388       0x40 src/application.o
 .debug_macro   0x000113c8      0x37d src/application.o
 .debug_macro   0x00011745     0x1e5c src/application.o
 .debug_macro   0x000135a1       0x6d src/application.o
 .debug_macro   0x0001360e       0x52 src/application.o
 .debug_macro   0x00013660       0x35 src/application.o
 .debug_macro   0x00013695       0x9c src/application.o
 .debug_macro   0x00013731       0x16 src/application.o
 .debug_macro   0x00013747       0x35 src/application.o
 .debug_macro   0x0001377c      0x330 src/application.o
 .debug_macro   0x00013aac       0x10 src/application.o
 .debug_macro   0x00013abc       0x52 src/application.o
 .debug_macro   0x00013b0e       0x1f src/application.o
 .debug_macro   0x00013b2d       0x43 src/application.o
 .debug_macro   0x00013b70       0x20 src/application.o
 .debug_macro   0x00013b90      0x187 src/application.o
 .debug_macro   0x00013d17       0x10 src/application.o
 .debug_macro   0x00013d27       0x1c src/application.o
 .debug_macro   0x00013d43       0x52 src/application.o
 .debug_macro   0x00013d95       0x40 src/application.o
 .debug_macro   0x00013dd5       0x10 src/application.o
 .debug_macro   0x00013de5       0x40 src/application.o
 .debug_macro   0x00013e25       0xd7 src/application.o
 .debug_macro   0x00013efc       0x16 src/application.o
 .debug_macro   0x00013f12      0x18b src/application.o
 .debug_macro   0x0001409d       0x16 src/application.o
 .debug_macro   0x000140b3       0x16 src/application.o
 .debug_macro   0x000140c9       0x29 src/application.o
 .debug_macro   0x000140f2       0x51 src/application.o
 .debug_macro   0x00014143       0x3f src/application.o
 .debug_macro   0x00014182      0x3df src/application.o
 .debug_macro   0x00014561       0x18 src/application.o
 .debug_macro   0x00014579       0x19 src/application.o
 .debug_macro   0x00014592      0x2bf src/application.o
 .debug_macro   0x00014851       0x10 src/application.o
 .debug_macro   0x00014861      0x9bf src/application.o
 .debug_macro   0x00015220       0x11 src/application.o
 .debug_macro   0x00015231       0x27 src/application.o
 .debug_macro   0x00015258       0x11 src/application.o
 .debug_macro   0x00015269       0x18 src/application.o
 .debug_macro   0x00015281       0x22 src/application.o
 .debug_macro   0x000152a3       0x2e src/application.o
 .debug_macro   0x000152d1       0x10 src/application.o
 .debug_macro   0x000152e1      0x228 src/application.o
 .debug_macro   0x00015509       0xbf src/application.o
 .debug_macro   0x000155c8       0x9c src/application.o
 .debug_macro   0x00015664      0x24b src/application.o
 .debug_macro   0x000158af      0x162 src/application.o
 .debug_macro   0x00015a11       0x16 src/application.o
 .debug_macro   0x00015a27       0x1c src/application.o
 .debug_macro   0x00015a43      0x192 src/application.o
 .debug_macro   0x00015bd5       0x40 src/application.o
 .debug_macro   0x00015c15       0x52 src/application.o
 .debug_macro   0x00015c67       0x40 src/application.o
 .debug_macro   0x00015ca7       0x10 src/application.o
 .debug_macro   0x00015cb7       0x34 src/application.o
 .debug_macro   0x00015ceb       0x10 src/application.o
 .debug_macro   0x00015cfb       0x10 src/application.o
 .debug_macro   0x00015d0b       0x52 src/application.o
 .debug_macro   0x00015d5d       0x10 src/application.o
 .debug_macro   0x00015d6d       0x10 src/application.o
 .debug_macro   0x00015d7d       0xa0 src/application.o
 .debug_macro   0x00015e1d       0x10 src/application.o
 .debug_macro   0x00015e2d      0x1e1 src/application.o
 .debug_macro   0x0001600e      0x674 src/ASF/common/services/usb/class/cdc/device/udi_cdc.o
 .debug_macro   0x00016682       0xb9 src/ASF/common/services/usb/class/cdc/device/udi_cdc.o
 .debug_macro   0x0001673b       0x16 src/ASF/common/services/usb/class/cdc/device/udi_cdc.o
 .debug_macro   0x00016751      0x6cc src/keypad.o
 .debug_macro   0x00016e1d      0x6ea src/LCD.o
 .debug_macro   0x00017507      0x6c2 src/RTC.o
 .debug_macro   0x00017bc9      0x753 src/testbench.o
 .debug_macro   0x0001831c       0x16 src/testbench.o
 .debug_macro   0x00018332      0x6ec src/usart.o
 .debug_macro   0x00018a1e      0x6c3 src/ASF/common/services/usb/class/cdc/device/example/samd21j18a_samd21_xplained_pro/ui.o
 .debug_macro   0x000190e1      0x573 src/ASF/common/services/sleepmgr/samd/sleepmgr.o
 .debug_macro   0x00019654      0x5dc src/ASF/common/services/usb/class/cdc/device/udi_cdc_desc.o
 .debug_macro   0x00019c30      0x5c8 src/ASF/common/services/usb/udc/udc.o
 .debug_macro   0x0001a1f8      0x512 src/ASF/common/utils/interrupt/interrupt_sam_nvic.o
 .debug_macro   0x0001a70a      0x54d src/ASF/sam0/boards/samd21_xplained_pro/board_init.o
 .debug_macro   0x0001ac57       0x12 src/ASF/sam0/boards/samd21_xplained_pro/board_init.o
 .debug_macro   0x0001ac69      0x537 src/ASF/sam0/drivers/extint/extint_callback.o
 .debug_macro   0x0001b1a0      0x592 src/ASF/sam0/drivers/extint/extint_sam_d_r/extint.o
 .debug_macro   0x0001b732       0x1f src/ASF/sam0/drivers/extint/extint_sam_d_r/extint.o
 .debug_macro   0x0001b751       0x10 src/ASF/sam0/drivers/extint/extint_sam_d_r/extint.o
 .debug_macro   0x0001b761      0x5ae src/ASF/sam0/drivers/nvm/nvm.o
 .debug_macro   0x0001bd0f      0x52c src/ASF/sam0/drivers/port/port.o
 .debug_macro   0x0001c23b      0x592 src/ASF/sam0/drivers/system/clock/clock_samd21_r21_da/clock.o
 .debug_macro   0x0001c7cd      0x29d src/ASF/sam0/drivers/system/clock/clock_samd21_r21_da/clock.o
 .debug_macro   0x0001ca6a      0x548 src/ASF/sam0/drivers/system/clock/clock_samd21_r21_da/gclk.o
 .debug_macro   0x0001cfb2      0x522 src/ASF/sam0/drivers/system/pinmux/pinmux.o
 .debug_macro   0x0001d4d4       0x12 src/ASF/sam0/drivers/system/pinmux/pinmux.o
 .debug_macro   0x0001d4e6      0x556 src/ASF/sam0/drivers/system/system.o
 .debug_macro   0x0001da3c      0x6b1 src/ASF/sam0/drivers/usb/stack_interface/usb_device_udd.o
 .debug_macro   0x0001e0ed       0x4c src/ASF/sam0/drivers/usb/stack_interface/usb_device_udd.o
 .debug_macro   0x0001e139       0x8d src/ASF/sam0/drivers/usb/stack_interface/usb_device_udd.o
 .debug_macro   0x0001e1c6       0x57 src/ASF/sam0/drivers/usb/stack_interface/usb_device_udd.o
 .debug_macro   0x0001e21d       0x10 src/ASF/sam0/drivers/usb/stack_interface/usb_device_udd.o
 .debug_macro   0x0001e22d       0x1c src/ASF/sam0/drivers/usb/stack_interface/usb_device_udd.o
 .debug_macro   0x0001e249       0x1c src/ASF/sam0/drivers/usb/stack_interface/usb_device_udd.o
 .debug_macro   0x0001e265      0x5dc src/ASF/sam0/drivers/usb/usb_sam_d_r/usb.o
 .debug_macro   0x0001e841      0x2f9 src/ASF/sam0/utils/cmsis/samd21/source/gcc/startup_samd21.o
 .debug_macro   0x0001eb3a       0x3a src/ASF/sam0/utils/cmsis/samd21/source/gcc/startup_samd21.o
 .debug_macro   0x0001eb74      0x1d6 src/ASF/sam0/utils/syscalls/gcc/syscalls.o
 .debug_macro   0x0001ed4a       0x97 src/ASF/sam0/utils/syscalls/gcc/syscalls.o
 .debug_macro   0x0001ede1       0xf6 src/ASF/sam0/utils/syscalls/gcc/syscalls.o
 .debug_macro   0x0001eed7       0x4c src/ASF/sam0/utils/syscalls/gcc/syscalls.o
 .debug_macro   0x0001ef23       0x16 src/ASF/sam0/utils/syscalls/gcc/syscalls.o
 .debug_macro   0x0001ef39       0x10 src/ASF/sam0/utils/syscalls/gcc/syscalls.o
 .debug_macro   0x0001ef49       0x10 src/ASF/sam0/utils/syscalls/gcc/syscalls.o
 .debug_macro   0x0001ef59       0x35 src/ASF/sam0/utils/syscalls/gcc/syscalls.o