Archive member included to satisfy reference by file (symbol)

c:/program files (x86)/atmel/studio/7.0/toolchain/arm/arm-gnu-toolchain/bin/../lib/gcc/arm-none-eabi/6.2.1/thumb/v6-m\libgcc.a(_udivsi3.o)
                              src/ASF/sam0/drivers/nvm/nvm.o (__aeabi_uidiv)
c:/program files (x86)/atmel/studio/7.0/toolchain/arm/arm-gnu-toolchain/bin/../lib/gcc/arm-none-eabi/6.2.1/thumb/v6-m\libgcc.a(_divsi3.o)
                              src/LCD.o (__aeabi_idiv)
c:/program files (x86)/atmel/studio/7.0/toolchain/arm/arm-gnu-toolchain/bin/../lib/gcc/arm-none-eabi/6.2.1/thumb/v6-m\libgcc.a(_dvmd_tls.o)
                              c:/program files (x86)/atmel/studio/7.0/toolchain/arm/arm-gnu-toolchain/bin/../lib/gcc/arm-none-eabi/6.2.1/thumb/v6-m\libgcc.a(_udivsi3.o) (__aeabi_idiv0)
c:/program files (x86)/atmel/studio/7.0/toolchain/arm/arm-gnu-toolchain/bin/../lib/gcc/arm-none-eabi/6.2.1/thumb/v6-m\libgcc.a(_clzsi2.o)
                              src/ASF/sam0/drivers/usb/usb_sam_d_r/usb.o (__clzsi2)
c:/program files (x86)/atmel/studio/7.0/toolchain/arm/arm-gnu-toolchain/bin/../lib/gcc/arm-none-eabi/6.2.1/thumb/v6-m\libgcc.a(_ctzsi2.o)
                              src/ASF/sam0/drivers/usb/usb_sam_d_r/usb.o (__ctzsi2)
c:/program files (x86)/atmel/studio/7.0/toolchain/arm/arm-gnu-toolchain/bin/../lib/gcc/arm-none-eabi/6.2.1/thumb/v6-m\libgcc.a(divdf3.o)
                              src/Si7021.o (__aeabi_ddiv)
c:/program files (x86)/atmel/studio/7.0/toolchain/arm/arm-gnu-toolchain/bin/../lib/gcc/arm-none-eabi/6.2.1/thumb/v6-m\libgcc.a(muldf3.o)
                              src/Si7021.o (__aeabi_dmul)
c:/program files (x86)/atmel/studio/7.0/toolchain/arm/arm-gnu-toolchain/bin/../lib/gcc/arm-none-eabi/6.2.1/thumb/v6-m\libgcc.a(subdf3.o)
                              src/Si7021.o (__aeabi_dsub)
c:/program files (x86)/atmel/studio/7.0/toolchain/arm/arm-gnu-toolchain/bin/../lib/gcc/arm-none-eabi/6.2.1/thumb/v6-m\libgcc.a(fixdfsi.o)
                              src/Si7021.o (__aeabi_d2iz)
c:/program files (x86)/atmel/studio/7.0/toolchain/arm/arm-gnu-toolchain/bin/../lib/gcc/arm-none-eabi/6.2.1/thumb/v6-m\libgcc.a(floatsidf.o)
                              src/Si7021.o (__aeabi_i2d)
c:/program files (x86)/atmel/studio/7.0/toolchain/arm/arm-gnu-toolchain/bin/../lib/gcc/arm-none-eabi/6.2.1/../../../../arm-none-eabi/lib/thumb/v6-m\libc_nano.a(lib_a-exit.o)
                              c:/program files (x86)/atmel/studio/7.0/toolchain/arm/arm-gnu-toolchain/bin/../lib/gcc/arm-none-eabi/6.2.1/../../../../arm-none-eabi/lib/thumb/v6-m/crt0.o (exit)
c:/program files (x86)/atmel/studio/7.0/toolchain/arm/arm-gnu-toolchain/bin/../lib/gcc/arm-none-eabi/6.2.1/../../../../arm-none-eabi/lib/thumb/v6-m\libc_nano.a(lib_a-impure.o)
                              c:/program files (x86)/atmel/studio/7.0/toolchain/arm/arm-gnu-toolchain/bin/../lib/gcc/arm-none-eabi/6.2.1/../../../../arm-none-eabi/lib/thumb/v6-m\libc_nano.a(lib_a-exit.o) (_global_impure_ptr)
c:/program files (x86)/atmel/studio/7.0/toolchain/arm/arm-gnu-toolchain/bin/../lib/gcc/arm-none-eabi/6.2.1/../../../../arm-none-eabi/lib/thumb/v6-m\libc_nano.a(lib_a-init.o)
                              c:/program files (x86)/atmel/studio/7.0/toolchain/arm/arm-gnu-toolchain/bin/../lib/gcc/arm-none-eabi/6.2.1/../../../../arm-none-eabi/lib/thumb/v6-m/crt0.o (__libc_init_array)
c:/program files (x86)/atmel/studio/7.0/toolchain/arm/arm-gnu-toolchain/bin/../lib/gcc/arm-none-eabi/6.2.1/../../../../arm-none-eabi/lib/thumb/v6-m\libc_nano.a(lib_a-memcpy-stub.o)
                              src/ASF/common/services/usb/class/cdc/device/udi_cdc.o (memcpy)
c:/program files (x86)/atmel/studio/7.0/toolchain/arm/arm-gnu-toolchain/bin/../lib/gcc/arm-none-eabi/6.2.1/../../../../arm-none-eabi/lib/thumb/v6-m\libc_nano.a(lib_a-memset.o)
                              c:/program files (x86)/atmel/studio/7.0/toolchain/arm/arm-gnu-toolchain/bin/../lib/gcc/arm-none-eabi/6.2.1/../../../../arm-none-eabi/lib/thumb/v6-m/crt0.o (memset)

Allocating common symbols
Common symbol       size              file

udd_ep_out_cache_buffer
                    0xc0              src/ASF/sam0/drivers/usb/stack_interface/usb_device_udd.o
usb_descriptor_table
                    0x100             src/ASF/sam0/drivers/usb/usb_sam_d_r/usb.o
myTime              0xc               src/application.o
RH_data             0x2               src/Si7021.o
n                   0x4               src/testbench.o
usb_device          0x168             src/ASF/sam0/drivers/usb/stack_interface/usb_device_udd.o
temp_data           0x2               src/Si7021.o
str3                0x1               src/LCD.o
OPT3001_data        0x4               src/testbench.o
currentTask         0x1               src/application.o
Codec_data          0x1               src/testbench.o
mySchedule          0x30              src/application.o
temp1               0x4               src/application.o
Si7021_data         0x4               src/testbench.o
[...]
Memory Configuration

Name             Origin             Length             Attributes
rom              0x00000000         0x00040000         xr
ram              0x20000000         0x00008000         xrw
*default*        0x00000000         0xffffffff

Linker script and memory map

LOAD c:/program files (x86)/atmel/studio/7.0/toolchain/arm/arm-gnu-toolchain/bin/../lib/gcc/arm-none-eabi/6.2.1/thumb/v6-m/crti.o
LOAD c:/program files (x86)/atmel/studio/7.0/toolchain/arm/arm-gnu-toolchain/bin/../lib/gcc/arm-none-eabi/6.2.1/thumb/v6-m/crtbegin.o
LOAD c:/program files (x86)/atmel/studio/7.0/toolchain/arm/arm-gnu-toolchain/bin/../lib/gcc/arm-none-eabi/6.2.1/../../../../arm-none-eabi/lib/thumb/v6-m/crt0.o
LOAD src/application.o
LOAD src/ASF/common/services/usb/class/cdc/device/udi_cdc.o
LOAD src/keypad.o
LOAD src/LCD.o
LOAD src/RTC.o
LOAD src/testbench.o
LOAD src/WM8731.o
LOAD src/WM8731_Test.o
LOAD src/ASF/common/services/usb/class/cdc/device/example/samd21j18a_samd21_xplained_pro/ui.o
LOAD src/ASF/common/services/sleepmgr/samd/sleepmgr.o
LOAD src/ASF/common/services/usb/class/cdc/device/udi_cdc_desc.o
LOAD src/ASF/common/services/usb/udc/udc.o
LOAD src/ASF/common/utils/interrupt/interrupt_sam_nvic.o
LOAD src/ASF/sam0/boards/samd21_xplained_pro/board_init.o
LOAD src/ASF/sam0/drivers/extint/extint_callback.o
LOAD src/ASF/sam0/drivers/extint/extint_sam_d_r/extint.o
LOAD src/ASF/sam0/drivers/i2s/i2s.o
LOAD src/ASF/sam0/drivers/nvm/nvm.o
LOAD src/ASF/sam0/drivers/port/port.o
LOAD src/ASF/sam0/drivers/system/clock/clock_samd21_r21_da/clock.o
LOAD src/ASF/sam0/drivers/system/clock/clock_samd21_r21_da/gclk.o
LOAD src/ASF/sam0/drivers/system/interrupt/system_interrupt.o
LOAD src/ASF/sam0/drivers/system/pinmux/pinmux.o
LOAD src/ASF/sam0/drivers/system/system.o
LOAD src/ASF/sam0/drivers/usb/stack_interface/usb_device_udd.o
LOAD src/ASF/sam0/drivers/usb/stack_interface/usb_dual.o
LOAD src/ASF/sam0/drivers/usb/usb_sam_d_r/usb.o
LOAD src/ASF/sam0/utils/cmsis/samd21/source/gcc/startup_samd21.o
LOAD src/ASF/sam0/utils/cmsis/samd21/source/system_samd21.o
LOAD src/ASF/sam0/utils/syscalls/gcc/syscalls.o
LOAD src/flash.o
LOAD src/clockout.o
LOAD src/main.o
LOAD src/MMA8491Q.o
LOAD src/OPT3001.o
LOAD src/Si7021.o
START GROUP
LOAD ../src/ASF/thirdparty/CMSIS/Lib/GCC\libarm_cortexM0l_math.a
LOAD c:/program files (x86)/atmel/studio/7.0/toolchain/arm/arm-gnu-toolchain/bin/../lib/gcc/arm-none-eabi/6.2.1/../../../../arm-none-eabi/lib/thumb/v6-m\libm.a
END GROUP
START GROUP
LOAD c:/program files (x86)/atmel/studio/7.0/toolchain/arm/arm-gnu-toolchain/bin/../lib/gcc/arm-none-eabi/6.2.1/thumb/v6-m\libgcc.a
LOAD c:/program files (x86)/atmel/studio/7.0/toolchain/arm/arm-gnu-toolchain/bin/../lib/gcc/arm-none-eabi/6.2.1/../../../../arm-none-eabi/lib/thumb/v6-m\libc_nano.a
END GROUP
START GROUP
LOAD c:/program files (x86)/atmel/studio/7.0/toolchain/arm/arm-gnu-toolchain/bin/../lib/gcc/arm-none-eabi/6.2.1/thumb/v6-m\libgcc.a
LOAD c:/program files (x86)/atmel/studio/7.0/toolchain/arm/arm-gnu-toolchain/bin/../lib/gcc/arm-none-eabi/6.2.1/../../../../arm-none-eabi/lib/thumb/v6-m\libc_nano.a
END GROUP
LOAD c:/program files (x86)/atmel/studio/7.0/toolchain/arm/arm-gnu-toolchain/bin/../lib/gcc/arm-none-eabi/6.2.1/thumb/v6-m/crtend.o
LOAD c:/program files (x86)/atmel/studio/7.0/toolchain/arm/arm-gnu-toolchain/bin/../lib/gcc/arm-none-eabi/6.2.1/thumb/v6-m/crtn.o
                0x00002000                STACK_SIZE = DEFINED (STACK_SIZE)?STACK_SIZE:DEFINED (__stack_size__)?__stack_size__:0x2000

.text           0x00000000     0x61c4
                0x00000000                . = ALIGN (0x4)
                0x00000000                _sfixed = .
 *(.vectors .vectors.*)
 .vectors       0x00000000       0xb4 src/ASF/sam0/utils/cmsis/samd21/source/gcc/startup_samd21.o
                0x00000000                exception_table
 *(.text .text.* .gnu.linkonce.t.*)
 .text          0x000000b4       0x60 c:/program files (x86)/atmel/studio/7.0/toolchain/arm/arm-gnu-toolchain/bin/../lib/gcc/arm-none-eabi/6.2.1/thumb/v6-m/crtbegin.o
 .text.TurnLightOn
                0x00000114       0x10 src/application.o
 .text.TurnLightOff
                0x00000124       0x10 src/application.o
 .text.TurnLightOn1
                0x00000134       0x10 src/application.o
 .text.TurnLightOff1
                0x00000144       0x10 src/application.o
 .text.Get_time
                0x00000154       0x14 src/application.o
                0x00000154                Get_time
 .text.TC3_Handler
                0x00000168       0xdc src/application.o
                0x00000168                TC3_Handler
 .text.RTC_Handler
                0x00000244       0x58 src/application.o
                0x00000244                RTC_Handler
 .text.Schedule_config
                0x0000029c       0x58 src/application.o
                0x0000029c                Schedule_config
 .text.configApp
                0x000002f4      0x10c src/application.o
                0x000002f4                configApp
 .text.udi_cdc_comm_disable
                0x00000400       0x10 src/ASF/common/services/usb/class/cdc/device/udi_cdc.o
                0x00000400                udi_cdc_comm_disable
 .text.udi_cdc_data_setup
                0x00000410        0x4 src/ASF/common/services/usb/class/cdc/device/udi_cdc.o
                0x00000410                udi_cdc_data_setup
 .text.udi_cdc_getsetting
                0x00000414        0x4 src/ASF/common/services/usb/class/cdc/device/udi_cdc.o
                0x00000414                udi_cdc_getsetting
 .text.udi_cdc_line_coding_received
                0x00000418        0x2 src/ASF/common/services/usb/class/cdc/device/udi_cdc.o
 *fill*         0x0000041a        0x2 
 .text.udi_cdc_comm_enable
                0x0000041c       0x5c src/ASF/common/services/usb/class/cdc/device/udi_cdc.o
                0x0000041c                udi_cdc_comm_enable
 .text.udi_cdc_tx_send
                0x00000478      0x158 src/ASF/common/services/usb/class/cdc/device/udi_cdc.o
 .text.udi_cdc_data_sent
                0x000005d0       0x3c src/ASF/common/services/usb/class/cdc/device/udi_cdc.o
 .text.udi_cdc_data_sof_notify
                0x0000060c       0x10 src/ASF/common/services/usb/class/cdc/device/udi_cdc.o
                0x0000060c                udi_cdc_data_sof_notify
 .text.udi_cdc_data_disable
                0x0000061c       0x28 src/ASF/common/services/usb/class/cdc/device/udi_cdc.o
                0x0000061c                udi_cdc_data_disable
 .text.udi_cdc_comm_setup
                0x00000644       0x94 src/ASF/common/services/usb/class/cdc/device/udi_cdc.o
                0x00000644                udi_cdc_comm_setup
 .text.udi_cdc_multi_get_nb_received_data
                0x000006d8       0x50 src/ASF/common/services/usb/class/cdc/device/udi_cdc.o
                0x000006d8                udi_cdc_multi_get_nb_received_data
 .text.udi_cdc_multi_is_rx_ready
                0x00000728       0x14 src/ASF/common/services/usb/class/cdc/device/udi_cdc.o
                0x00000728                udi_cdc_multi_is_rx_ready
 .text.udi_cdc_rx_start
                0x0000073c       0xb8 src/ASF/common/services/usb/class/cdc/device/udi_cdc.o
 .text.udi_cdc_data_enable
                0x000007f4       0x90 src/ASF/common/services/usb/class/cdc/device/udi_cdc.o
                0x000007f4                udi_cdc_data_enable
 .text.udi_cdc_data_received
                0x00000884       0x64 src/ASF/common/services/usb/class/cdc/device/udi_cdc.o
 .text.udi_cdc_is_rx_ready
                0x000008e8       0x10 src/ASF/common/services/usb/class/cdc/device/udi_cdc.o
                0x000008e8                udi_cdc_is_rx_ready
 .text.udi_cdc_multi_getc
                0x000008f8       0xcc src/ASF/common/services/usb/class/cdc/device/udi_cdc.o
                0x000008f8                udi_cdc_multi_getc
 .text.udi_cdc_getc
                0x000009c4       0x10 src/ASF/common/services/usb/class/cdc/device/udi_cdc.o
                0x000009c4                udi_cdc_getc
 .text.udi_cdc_multi_get_free_tx_buffer
                0x000009d4       0x7c src/ASF/common/services/usb/class/cdc/device/udi_cdc.o
                0x000009d4                udi_cdc_multi_get_free_tx_buffer
 .text.udi_cdc_multi_is_tx_ready
                0x00000a50       0x14 src/ASF/common/services/usb/class/cdc/device/udi_cdc.o
                0x00000a50                udi_cdc_multi_is_tx_ready
 .text.udi_cdc_multi_putc
                0x00000a64       0xb8 src/ASF/common/services/usb/class/cdc/device/udi_cdc.o
                0x00000a64                udi_cdc_multi_putc
 .text.udi_cdc_putc
                0x00000b1c       0x10 src/ASF/common/services/usb/class/cdc/device/udi_cdc.o
                0x00000b1c                udi_cdc_putc
 .text.keypadScan
                0x00000b2c       0x30 src/keypad.o
                0x00000b2c                keypadScan
 .text.i2cLcdClear
                0x00000b5c       0x9c src/LCD.o
                0x00000b5c                i2cLcdClear
 .text.i2cLcdPrint
                0x00000bf8       0xc0 src/LCD.o
                0x00000bf8                i2cLcdPrint
 .text.i2cLcdTemp
                0x00000cb8       0x38 src/LCD.o
                0x00000cb8                i2cLcdTemp
 .text.i2cLcdRH
                0x00000cf0       0x30 src/LCD.o
                0x00000cf0                i2cLcdRH
 .text.i2cLcdprintNum
                0x00000d20       0x44 src/LCD.o
                0x00000d20                i2cLcdprintNum
 .text.i2cGetBright
                0x00000d64       0xe4 src/LCD.o
                0x00000d64                i2cGetBright
 .text.i2cGetContrast
                0x00000e48       0xe4 src/LCD.o
                0x00000e48                i2cGetContrast
 .text.RTC_init
                0x00000f2c       0x64 src/RTC.o
                0x00000f2c                RTC_init
 .text.rtc_calendar_time_to_register_value
                0x00000f90       0x32 src/RTC.o
                0x00000f90                rtc_calendar_time_to_register_value
 .text.rtc_calendar_register_value_to_time
                0x00000fc2       0x3c src/RTC.o
                0x00000fc2                rtc_calendar_register_value_to_time
 *fill*         0x00000ffe        0x2 
 .text.rtc_calendar_get_time
                0x00001000       0x50 src/RTC.o
                0x00001000                rtc_calendar_get_time
 .text.rtc_calendar_set_time
                0x00001050       0x20 src/RTC.o
                0x00001050                rtc_calendar_set_time
 .text.rtc_calendar_set_alarm
                0x00001070       0x2c src/RTC.o
                0x00001070                rtc_calendar_set_alarm
 .text.test_components
                0x0000109c      0x1c4 src/testbench.o
                0x0000109c                test_components
 .text.ui_powerdown
                0x00001260       0x10 src/ASF/common/services/usb/class/cdc/device/example/samd21j18a_samd21_xplained_pro/ui.o
                0x00001260                ui_powerdown
 .text.ui_wakeup_enable
                0x00001270       0x10 src/ASF/common/services/usb/class/cdc/device/example/samd21j18a_samd21_xplained_pro/ui.o
                0x00001270                ui_wakeup_enable
 .text.ui_wakeup_disable
                0x00001280       0x10 src/ASF/common/services/usb/class/cdc/device/example/samd21j18a_samd21_xplained_pro/ui.o
                0x00001280                ui_wakeup_disable
 .text.ui_wakeup
                0x00001290       0x10 src/ASF/common/services/usb/class/cdc/device/example/samd21j18a_samd21_xplained_pro/ui.o
                0x00001290                ui_wakeup
 .text.ui_com_open
                0x000012a0        0x2 src/ASF/common/services/usb/class/cdc/device/example/samd21j18a_samd21_xplained_pro/ui.o
                0x000012a0                ui_com_open
 .text.ui_com_close
                0x000012a2        0x2 src/ASF/common/services/usb/class/cdc/device/example/samd21j18a_samd21_xplained_pro/ui.o
                0x000012a2                ui_com_close
 .text.ui_process
                0x000012a4       0x34 src/ASF/common/services/usb/class/cdc/device/example/samd21j18a_samd21_xplained_pro/ui.o
                0x000012a4                ui_process
 .text.udc_next_desc_in_iface
                0x000012d8       0x4c src/ASF/common/services/usb/udc/udc.o
 .text.udc_valid_address
                0x00001324       0x18 src/ASF/common/services/usb/udc/udc.o
 .text.udc_update_iface_desc
                0x0000133c       0x74 src/ASF/common/services/usb/udc/udc.o
 .text.udc_iface_disable
                0x000013b0       0x6c src/ASF/common/services/usb/udc/udc.o
 .text.udc_iface_enable
                0x0000141c       0x58 src/ASF/common/services/usb/udc/udc.o
 .text.udc_start
                0x00001474        0xc src/ASF/common/services/usb/udc/udc.o
                0x00001474                udc_start
 .text.udc_reset
                0x00001480       0x4c src/ASF/common/services/usb/udc/udc.o
                0x00001480                udc_reset
 .text.udc_sof_notify
                0x000014cc       0x44 src/ASF/common/services/usb/udc/udc.o
                0x000014cc                udc_sof_notify
 .text.udc_process_setup
                0x00001510      0x440 src/ASF/common/services/usb/udc/udc.o
                0x00001510                udc_process_setup
 .text.cpu_irq_enter_critical
                0x00001950       0x40 src/ASF/common/utils/interrupt/interrupt_sam_nvic.o
                0x00001950                cpu_irq_enter_critical
 .text.cpu_irq_leave_critical
                0x00001990       0x30 src/ASF/common/utils/interrupt/interrupt_sam_nvic.o
                0x00001990                cpu_irq_leave_critical
 .text.system_board_init
                0x000019c0       0x38 src/ASF/sam0/boards/samd21_xplained_pro/board_init.o
                0x000019c0                board_init
                0x000019c0                system_board_init
 .text.extint_register_callback
                0x000019f8       0x2c src/ASF/sam0/drivers/extint/extint_callback.o
                0x000019f8                extint_register_callback
 .text.extint_chan_enable_callback
                0x00001a24       0x20 src/ASF/sam0/drivers/extint/extint_callback.o
                0x00001a24                extint_chan_enable_callback
 .text.extint_chan_disable_callback
                0x00001a44       0x20 src/ASF/sam0/drivers/extint/extint_callback.o
                0x00001a44                extint_chan_disable_callback
 .text.EIC_Handler
                0x00001a64       0x54 src/ASF/sam0/drivers/extint/extint_callback.o
                0x00001a64                EIC_Handler
 .text._extint_enable
                0x00001ab8       0x18 src/ASF/sam0/drivers/extint/extint_sam_d_r/extint.o
 .text._system_extint_init
                0x00001ad0       0x6c src/ASF/sam0/drivers/extint/extint_sam_d_r/extint.o
                0x00001ad0                _system_extint_init
 .text.extint_chan_get_config_defaults
                0x00001b3c       0x14 src/ASF/sam0/drivers/extint/extint_sam_d_r/extint.o
                0x00001b3c                extint_chan_get_config_defaults
 .text.extint_chan_set_config
                0x00001b50       0x78 src/ASF/sam0/drivers/extint/extint_sam_d_r/extint.o
                0x00001b50                extint_chan_set_config
 .text.nvm_set_config
                0x00001bc8       0x88 src/ASF/sam0/drivers/nvm/nvm.o
                0x00001bc8                nvm_set_config
 .text.nvm_execute_command
                0x00001c50       0xa0 src/ASF/sam0/drivers/nvm/nvm.o
                0x00001c50                nvm_execute_command
 .text.nvm_write_buffer
                0x00001cf0       0xa8 src/ASF/sam0/drivers/nvm/nvm.o
                0x00001cf0                nvm_write_buffer
 .text.nvm_read_buffer
                0x00001d98       0x6c src/ASF/sam0/drivers/nvm/nvm.o
                0x00001d98                nvm_read_buffer
 .text.nvm_erase_row
                0x00001e04       0x5c src/ASF/sam0/drivers/nvm/nvm.o
                0x00001e04                nvm_erase_row
 .text.port_pin_set_config
                0x00001e60       0x24 src/ASF/sam0/drivers/port/port.o
                0x00001e60                port_pin_set_config
 .text.system_clock_source_osc8m_set_config
                0x00001e84       0x3c src/ASF/sam0/drivers/system/clock/clock_samd21_r21_da/clock.o
                0x00001e84                system_clock_source_osc8m_set_config
 .text.system_clock_source_osc32k_set_config
                0x00001ec0       0x7c src/ASF/sam0/drivers/system/clock/clock_samd21_r21_da/clock.o
                0x00001ec0                system_clock_source_osc32k_set_config
 .text.system_clock_source_xosc32k_set_config
                0x00001f3c       0xb8 src/ASF/sam0/drivers/system/clock/clock_samd21_r21_da/clock.o
                0x00001f3c                system_clock_source_xosc32k_set_config
 .text.system_clock_source_dfll_set_config
                0x00001ff4       0x80 src/ASF/sam0/drivers/system/clock/clock_samd21_r21_da/clock.o
                0x00001ff4                system_clock_source_dfll_set_config
 .text.system_clock_source_enable
                0x00002074       0xa8 src/ASF/sam0/drivers/system/clock/clock_samd21_r21_da/clock.o
                0x00002074                system_clock_source_enable
 .text.system_clock_init
                0x0000211c      0x1d4 src/ASF/sam0/drivers/system/clock/clock_samd21_r21_da/clock.o
                0x0000211c                system_clock_init
 .text.system_gclk_init
                0x000022f0       0x24 src/ASF/sam0/drivers/system/clock/clock_samd21_r21_da/gclk.o
                0x000022f0                system_gclk_init
 .text.system_gclk_gen_set_config
                0x00002314       0xb8 src/ASF/sam0/drivers/system/clock/clock_samd21_r21_da/gclk.o
                0x00002314                system_gclk_gen_set_config
 .text.system_gclk_gen_enable
                0x000023cc       0x44 src/ASF/sam0/drivers/system/clock/clock_samd21_r21_da/gclk.o
                0x000023cc                system_gclk_gen_enable
 .text.system_gclk_chan_enable
                0x00002410       0x30 src/ASF/sam0/drivers/system/clock/clock_samd21_r21_da/gclk.o
                0x00002410                system_gclk_chan_enable
 .text.system_gclk_chan_disable
                0x00002440       0x5c src/ASF/sam0/drivers/system/clock/clock_samd21_r21_da/gclk.o
                0x00002440                system_gclk_chan_disable
 .text.system_gclk_chan_set_config
                0x0000249c       0x1c src/ASF/sam0/drivers/system/clock/clock_samd21_r21_da/gclk.o
                0x0000249c                system_gclk_chan_set_config
 .text._system_pinmux_config
                0x000024b8       0xa8 src/ASF/sam0/drivers/system/pinmux/pinmux.o
 .text.system_pinmux_pin_set_config
                0x00002560       0x30 src/ASF/sam0/drivers/system/pinmux/pinmux.o
                0x00002560                system_pinmux_pin_set_config
 .text._system_dummy_init
                0x00002590        0x2 src/ASF/sam0/drivers/system/system.o
                0x00002590                _system_events_init
                0x00002590                _system_dummy_init
                0x00002590                _system_divas_init
 *fill*         0x00002592        0x2 
 .text.system_init
                0x00002594       0x2c src/ASF/sam0/drivers/system/system.o
                0x00002594                system_init
 .text.udd_sleep_mode
                0x000025c0       0xc0 src/ASF/sam0/drivers/usb/stack_interface/usb_device_udd.o
 .text.udd_ep_get_job
                0x00002680       0x1c src/ASF/sam0/drivers/usb/stack_interface/usb_device_udd.o
 .text.udd_ep_transfer_process
                0x0000269c      0x1b4 src/ASF/sam0/drivers/usb/stack_interface/usb_device_udd.o
 .text.udd_ctrl_stall_data
                0x00002850       0x2c src/ASF/sam0/drivers/usb/stack_interface/usb_device_udd.o
 .text._usb_device_lpm_suspend
                0x0000287c       0x5c src/ASF/sam0/drivers/usb/stack_interface/usb_device_udd.o
 .text._usb_on_wakeup
                0x000028d8       0x70 src/ASF/sam0/drivers/usb/stack_interface/usb_device_udd.o
 .text._usb_on_bus_reset
                0x00002948       0xb0 src/ASF/sam0/drivers/usb/stack_interface/usb_device_udd.o
 .text.udd_ctrl_send_zlp_in
                0x000029f8       0x3c src/ASF/sam0/drivers/usb/stack_interface/usb_device_udd.o
 .text._usb_ep0_on_tansfer_fail
                0x00002a34       0x54 src/ASF/sam0/drivers/usb/stack_interface/usb_device_udd.o
 .text.udd_ctrl_in_sent
                0x00002a88       0xa8 src/ASF/sam0/drivers/usb/stack_interface/usb_device_udd.o
 .text._usb_ep0_on_setup
                0x00002b30       0xe4 src/ASF/sam0/drivers/usb/stack_interface/usb_device_udd.o
 .text._usb_on_sof_notify
                0x00002c14       0x14 src/ASF/sam0/drivers/usb/stack_interface/usb_device_udd.o
 .text._usb_on_suspend
                0x00002c28       0x34 src/ASF/sam0/drivers/usb/stack_interface/usb_device_udd.o
 .text.udd_ep_abort
                0x00002c5c       0x3c src/ASF/sam0/drivers/usb/stack_interface/usb_device_udd.o
                0x00002c5c                udd_ep_abort
 .text.udd_is_high_speed
                0x00002c98        0x4 src/ASF/sam0/drivers/usb/stack_interface/usb_device_udd.o
                0x00002c98                udd_is_high_speed
 .text.udd_get_frame_number
                0x00002c9c       0x10 src/ASF/sam0/drivers/usb/stack_interface/usb_device_udd.o
                0x00002c9c                udd_get_frame_number
 .text.udd_get_micro_frame_number
                0x00002cac       0x10 src/ASF/sam0/drivers/usb/stack_interface/usb_device_udd.o
                0x00002cac                udd_get_micro_frame_number
 .text.udd_ep_free
                0x00002cbc       0x58 src/ASF/sam0/drivers/usb/stack_interface/usb_device_udd.o
                0x00002cbc                udd_ep_free
 .text.udd_ep_alloc
                0x00002d14      0x108 src/ASF/sam0/drivers/usb/stack_interface/usb_device_udd.o
                0x00002d14                udd_ep_alloc
 .text.udd_ep_is_halted
                0x00002e1c       0x14 src/ASF/sam0/drivers/usb/stack_interface/usb_device_udd.o
                0x00002e1c                udd_ep_is_halted
 .text.udd_ep_set_halt
                0x00002e30       0x30 src/ASF/sam0/drivers/usb/stack_interface/usb_device_udd.o
                0x00002e30                udd_ep_set_halt
 .text._usb_ep0_on_tansfer_ok
                0x00002e60      0x100 src/ASF/sam0/drivers/usb/stack_interface/usb_device_udd.o
 .text.udd_ep_clear_halt
                0x00002f60       0x44 src/ASF/sam0/drivers/usb/stack_interface/usb_device_udd.o
                0x00002f60                udd_ep_clear_halt
 .text.udd_ep_run
                0x00002fa4      0x1d8 src/ASF/sam0/drivers/usb/stack_interface/usb_device_udd.o
                0x00002fa4                udd_ep_run
 .text.udd_set_address
                0x0000317c       0x10 src/ASF/sam0/drivers/usb/stack_interface/usb_device_udd.o
                0x0000317c                udd_set_address
 .text.udd_getaddress
                0x0000318c       0x10 src/ASF/sam0/drivers/usb/stack_interface/usb_device_udd.o
                0x0000318c                udd_getaddress
 .text.udd_set_setup_payload
                0x0000319c        0xc src/ASF/sam0/drivers/usb/stack_interface/usb_device_udd.o
                0x0000319c                udd_set_setup_payload
 .text.udd_detach
                0x000031a8       0x20 src/ASF/sam0/drivers/usb/stack_interface/usb_device_udd.o
                0x000031a8                udd_detach
 .text.udd_attach
                0x000031c8       0x84 src/ASF/sam0/drivers/usb/stack_interface/usb_device_udd.o
                0x000031c8                udd_attach
 .text._uhd_vbus_handler
                0x0000324c       0x3c src/ASF/sam0/drivers/usb/stack_interface/usb_device_udd.o
 .text.udd_enable
                0x00003288       0xf8 src/ASF/sam0/drivers/usb/stack_interface/usb_device_udd.o
                0x00003288                udd_enable
 .text.usb_device_register_callback
                0x00003380       0x24 src/ASF/sam0/drivers/usb/usb_sam_d_r/usb.o
                0x00003380                usb_device_register_callback
 .text.usb_device_enable_callback
                0x000033a4       0x20 src/ASF/sam0/drivers/usb/usb_sam_d_r/usb.o
                0x000033a4                usb_device_enable_callback
 .text.usb_device_disable_callback
                0x000033c4       0x1c src/ASF/sam0/drivers/usb/usb_sam_d_r/usb.o
                0x000033c4                usb_device_disable_callback
 .text.usb_device_endpoint_register_callback
                0x000033e0       0x28 src/ASF/sam0/drivers/usb/usb_sam_d_r/usb.o
                0x000033e0                usb_device_endpoint_register_callback
 .text.usb_device_endpoint_unregister_callback
                0x00003408       0x28 src/ASF/sam0/drivers/usb/usb_sam_d_r/usb.o
                0x00003408                usb_device_endpoint_unregister_callback
 .text.usb_device_endpoint_enable_callback
                0x00003430       0xd0 src/ASF/sam0/drivers/usb/usb_sam_d_r/usb.o
                0x00003430                usb_device_endpoint_enable_callback
 .text.usb_device_endpoint_disable_callback
                0x00003500       0xd0 src/ASF/sam0/drivers/usb/usb_sam_d_r/usb.o
                0x00003500                usb_device_endpoint_disable_callback
 .text.usb_device_endpoint_get_config_defaults
                0x000035d0        0xe src/ASF/sam0/drivers/usb/usb_sam_d_r/usb.o
                0x000035d0                usb_device_endpoint_get_config_defaults
 *fill*         0x000035de        0x2 
 .text.usb_device_endpoint_set_config
                0x000035e0      0x244 src/ASF/sam0/drivers/usb/usb_sam_d_r/usb.o
                0x000035e0                usb_device_endpoint_set_config
 .text.usb_device_endpoint_abort_job
                0x00003824       0x36 src/ASF/sam0/drivers/usb/usb_sam_d_r/usb.o
                0x00003824                usb_device_endpoint_abort_job
 .text.usb_device_endpoint_is_halted
                0x0000385a       0x2a src/ASF/sam0/drivers/usb/usb_sam_d_r/usb.o
                0x0000385a                usb_device_endpoint_is_halted
 .text.usb_device_endpoint_set_halt
                0x00003884       0x26 src/ASF/sam0/drivers/usb/usb_sam_d_r/usb.o
                0x00003884                usb_device_endpoint_set_halt
 .text.usb_device_endpoint_clear_halt
                0x000038aa       0x84 src/ASF/sam0/drivers/usb/usb_sam_d_r/usb.o
                0x000038aa                usb_device_endpoint_clear_halt
 *fill*         0x0000392e        0x2 
 .text.usb_device_endpoint_write_buffer_job
                0x00003930       0x54 src/ASF/sam0/drivers/usb/usb_sam_d_r/usb.o
                0x00003930                usb_device_endpoint_write_buffer_job
 .text.usb_device_endpoint_read_buffer_job
                0x00003984       0x50 src/ASF/sam0/drivers/usb/usb_sam_d_r/usb.o
                0x00003984                usb_device_endpoint_read_buffer_job
 .text.usb_device_endpoint_setup_buffer_job
                0x000039d4       0x30 src/ASF/sam0/drivers/usb/usb_sam_d_r/usb.o
                0x000039d4                usb_device_endpoint_setup_buffer_job
 .text.usb_enable
                0x00003a04       0x14 src/ASF/sam0/drivers/usb/usb_sam_d_r/usb.o
                0x00003a04                usb_enable
 .text.USB_Handler
                0x00003a18      0x5c8 src/ASF/sam0/drivers/usb/usb_sam_d_r/usb.o
                0x00003a18                USB_Handler
 .text.usb_get_config_defaults
                0x00003fe0        0xe src/ASF/sam0/drivers/usb/usb_sam_d_r/usb.o
                0x00003fe0                usb_get_config_defaults
 *fill*         0x00003fee        0x2 
 .text.usb_init
                0x00003ff0      0x200 src/ASF/sam0/drivers/usb/usb_sam_d_r/usb.o
                0x00003ff0                usb_init
 .text.Dummy_Handler
                0x000041f0        0x2 src/ASF/sam0/utils/cmsis/samd21/source/gcc/startup_samd21.o
                0x000041f0                DMAC_Handler
                0x000041f0                HardFault_Handler
                0x000041f0                AC_Handler
                0x000041f0                SysTick_Handler
                0x000041f0                PendSV_Handler
                0x000041f0                NMI_Handler
                0x000041f0                TC7_Handler
                0x000041f0                SERCOM1_Handler
                0x000041f0                ADC_Handler
                0x000041f0                TCC1_Handler
                0x000041f0                SERCOM2_Handler
                0x000041f0                TCC0_Handler
                0x000041f0                TC6_Handler
                0x000041f0                WDT_Handler
                0x000041f0                TC4_Handler
                0x000041f0                Dummy_Handler
                0x000041f0                PM_Handler
                0x000041f0                SERCOM5_Handler
                0x000041f0                SVC_Handler
                0x000041f0                TCC2_Handler
                0x000041f0                EVSYS_Handler
                0x000041f0                SERCOM3_Handler
                0x000041f0                SERCOM4_Handler
                0x000041f0                I2S_Handler
                0x000041f0                NVMCTRL_Handler
                0x000041f0                SERCOM0_Handler
                0x000041f0                DAC_Handler
                0x000041f0                PTC_Handler
                0x000041f0                TC5_Handler
                0x000041f0                SYSCTRL_Handler
 *fill*         0x000041f2        0x2 
 .text.Reset_Handler
                0x000041f4       0xe4 src/ASF/sam0/utils/cmsis/samd21/source/gcc/startup_samd21.o
                0x000041f4                Reset_Handler
 .text.configure_nvm
                0x000042d8       0x30 src/flash.o
                0x000042d8                configure_nvm
 .text.main     0x00004308      0x1b0 src/main.o
                0x00004308                main
 .text.main_suspend_action
                0x000044b8        0xc src/main.o
                0x000044b8                main_suspend_action
 .text.main_resume_action
                0x000044c4        0xc src/main.o
                0x000044c4                main_resume_action
 .text.main_sof_action
                0x000044d0       0x2c src/main.o
                0x000044d0                main_sof_action
 .text.main_suspend_lpm_action
                0x000044fc        0xc src/main.o
                0x000044fc                main_suspend_lpm_action
 .text.main_remotewakeup_lpm_disable
                0x00004508        0xc src/main.o
                0x00004508                main_remotewakeup_lpm_disable
 .text.main_remotewakeup_lpm_enable
                0x00004514        0xc src/main.o
                0x00004514                main_remotewakeup_lpm_enable
 .text.main_cdc_enable
                0x00004520       0x10 src/main.o
                0x00004520                main_cdc_enable
 .text.main_cdc_disable
                0x00004530        0xc src/main.o
                0x00004530                main_cdc_disable
 .text.main_cdc_set_dtr
                0x0000453c       0x1c src/main.o
                0x0000453c                main_cdc_set_dtr
 .text.OPT3001_read
                0x00004558       0x94 src/OPT3001.o
                0x00004558                OPT3001_read
 .text.OPT3001_write
                0x000045ec       0x88 src/OPT3001.o
                0x000045ec                OPT3001_write
 .text.OPT3001_init
                0x00004674       0x1c src/OPT3001.o
                0x00004674                OPT3001_init
 .text.Si7021_init
                0x00004690        0x2 src/Si7021.o
                0x00004690                Si7021_init
 *fill*         0x00004692        0x2 
 .text.Si7021_read
                0x00004694       0x80 src/Si7021.o
                0x00004694                Si7021_read
 .text.Si7021_command
                0x00004714       0x78 src/Si7021.o
                0x00004714                Si7021_command
 .text.Si7021_GetTemp
                0x0000478c       0xa0 src/Si7021.o
                0x0000478c                Si7021_GetTemp
 .text.Si7021_GetRH
                0x0000482c       0xa0 src/Si7021.o
                0x0000482c                Si7021_GetRH
 .text          0x000048cc      0x114 c:/program files (x86)/atmel/studio/7.0/toolchain/arm/arm-gnu-toolchain/bin/../lib/gcc/arm-none-eabi/6.2.1/thumb/v6-m\libgcc.a(_udivsi3.o)
                0x000048cc                __aeabi_uidiv
                0x000048cc                __udivsi3
                0x000049d8                __aeabi_uidivmod
 .text          0x000049e0      0x1d4 c:/program files (x86)/atmel/studio/7.0/toolchain/arm/arm-gnu-toolchain/bin/../lib/gcc/arm-none-eabi/6.2.1/thumb/v6-m\libgcc.a(_divsi3.o)
                0x000049e0                __divsi3
                0x000049e0                __aeabi_idiv
                0x00004bac                __aeabi_idivmod
 .text          0x00004bb4        0x4 c:/program files (x86)/atmel/studio/7.0/toolchain/arm/arm-gnu-toolchain/bin/../lib/gcc/arm-none-eabi/6.2.1/thumb/v6-m\libgcc.a(_dvmd_tls.o)
                0x00004bb4                __aeabi_idiv0
                0x00004bb4                __aeabi_ldiv0
 .text          0x00004bb8       0x3c c:/program files (x86)/atmel/studio/7.0/toolchain/arm/arm-gnu-toolchain/bin/../lib/gcc/arm-none-eabi/6.2.1/thumb/v6-m\libgcc.a(_clzsi2.o)
                0x00004bb8                __clzsi2
 .text          0x00004bf4       0x40 c:/program files (x86)/atmel/studio/7.0/toolchain/arm/arm-gnu-toolchain/bin/../lib/gcc/arm-none-eabi/6.2.1/thumb/v6-m\libgcc.a(_ctzsi2.o)
                0x00004bf4                __ctzsi2
 .text          0x00004c34      0x668 c:/program files (x86)/atmel/studio/7.0/toolchain/arm/arm-gnu-toolchain/bin/../lib/gcc/arm-none-eabi/6.2.1/thumb/v6-m\libgcc.a(divdf3.o)
                0x00004c34                __aeabi_ddiv
 .text          0x0000529c      0x500 c:/program files (x86)/atmel/studio/7.0/toolchain/arm/arm-gnu-toolchain/bin/../lib/gcc/arm-none-eabi/6.2.1/thumb/v6-m\libgcc.a(muldf3.o)
                0x0000529c                __aeabi_dmul
 .text          0x0000579c      0x62c c:/program files (x86)/atmel/studio/7.0/toolchain/arm/arm-gnu-toolchain/bin/../lib/gcc/arm-none-eabi/6.2.1/thumb/v6-m\libgcc.a(subdf3.o)
                0x0000579c                __aeabi_dsub
 .text          0x00005dc8       0x68 c:/program files (x86)/atmel/studio/7.0/toolchain/arm/arm-gnu-toolchain/bin/../lib/gcc/arm-none-eabi/6.2.1/thumb/v6-m\libgcc.a(fixdfsi.o)
                0x00005dc8                __aeabi_d2iz
 .text          0x00005e30       0x84 c:/program files (x86)/atmel/studio/7.0/toolchain/arm/arm-gnu-toolchain/bin/../lib/gcc/arm-none-eabi/6.2.1/thumb/v6-m\libgcc.a(floatsidf.o)
                0x00005e30                __aeabi_i2d
 .text.__libc_init_array
                0x00005eb4       0x48 c:/program files (x86)/atmel/studio/7.0/toolchain/arm/arm-gnu-toolchain/bin/../lib/gcc/arm-none-eabi/6.2.1/../../../../arm-none-eabi/lib/thumb/v6-m\libc_nano.a(lib_a-init.o)
                0x00005eb4                __libc_init_array
 .text.memcpy   0x00005efc       0x12 c:/program files (x86)/atmel/studio/7.0/toolchain/arm/arm-gnu-toolchain/bin/../lib/gcc/arm-none-eabi/6.2.1/../../../../arm-none-eabi/lib/thumb/v6-m\libc_nano.a(lib_a-memcpy-stub.o)
                0x00005efc                memcpy
 .text.memset   0x00005f0e       0x10 c:/program files (x86)/atmel/studio/7.0/toolchain/arm/arm-gnu-toolchain/bin/../lib/gcc/arm-none-eabi/6.2.1/../../../../arm-none-eabi/lib/thumb/v6-m\libc_nano.a(lib_a-memset.o)
                0x00005f0e                memset
 *(.glue_7t)
 .glue_7t       0x00005f1e        0x0 linker stubs
 *(.glue_7)
 .glue_7        0x00005f1e        0x0 linker stubs
 *(.rodata .rodata* .gnu.linkonce.r.*)
 *fill*         0x00005f1e        0x2 
 .rodata.test_components
                0x00005f20       0xa0 src/testbench.o
 .rodata.nvm_execute_command
                0x00005fc0      0x118 src/ASF/sam0/drivers/nvm/nvm.o
 .rodata.system_clock_source_enable
                0x000060d8       0x24 src/ASF/sam0/drivers/system/clock/clock_samd21_r21_da/clock.o
 .rodata.usb_device_endpoint_set_config
                0x000060fc       0x14 src/ASF/sam0/drivers/usb/usb_sam_d_r/usb.o
 .rodata._usb_device_irq_bits
                0x00006110        0xe src/ASF/sam0/drivers/usb/usb_sam_d_r/usb.o
 *fill*         0x0000611e        0x2 
 .rodata._usb_endpoint_irq_bits
                0x00006120        0x4 src/ASF/sam0/drivers/usb/usb_sam_d_r/usb.o
 .rodata        0x00006124       0x40 c:/program files (x86)/atmel/studio/7.0/toolchain/arm/arm-gnu-toolchain/bin/../lib/gcc/arm-none-eabi/6.2.1/thumb/v6-m\libgcc.a(divdf3.o)
 .rodata        0x00006164       0x40 c:/program files (x86)/atmel/studio/7.0/toolchain/arm/arm-gnu-toolchain/bin/../lib/gcc/arm-none-eabi/6.2.1/thumb/v6-m\libgcc.a(muldf3.o)
 *(.ARM.extab* .gnu.linkonce.armextab.*)
                0x000061a4                . = ALIGN (0x4)
 *(.init)
 .init          0x000061a4        0x4 c:/program files (x86)/atmel/studio/7.0/toolchain/arm/arm-gnu-toolchain/bin/../lib/gcc/arm-none-eabi/6.2.1/thumb/v6-m/crti.o
                0x000061a4                _init
 .init          0x000061a8        0x8 c:/program files (x86)/atmel/studio/7.0/toolchain/arm/arm-gnu-toolchain/bin/../lib/gcc/arm-none-eabi/6.2.1/thumb/v6-m/crtn.o
                0x000061b0                . = ALIGN (0x4)
                0x000061b0                __preinit_array_start = .
 *(.preinit_array)
                0x000061b0                __preinit_array_end = .
                0x000061b0                . = ALIGN (0x4)
                0x000061b0                __init_array_start = .
 *(SORT(.init_array.*))
 *(.init_array)
 .init_array    0x000061b0        0x4 c:/program files (x86)/atmel/studio/7.0/toolchain/arm/arm-gnu-toolchain/bin/../lib/gcc/arm-none-eabi/6.2.1/thumb/v6-m/crtbegin.o
                0x000061b4                __init_array_end = .
                0x000061b4                . = ALIGN (0x4)
 *crtbegin.o(.ctors)
 *(EXCLUDE_FILE(*crtend.o) .ctors)
 *(SORT(.ctors.*))
 *crtend.o(.ctors)
                0x000061b4                . = ALIGN (0x4)
 *(.fini)
 .fini          0x000061b4        0x4 c:/program files (x86)/atmel/studio/7.0/toolchain/arm/arm-gnu-toolchain/bin/../lib/gcc/arm-none-eabi/6.2.1/thumb/v6-m/crti.o
                0x000061b4                _fini
 .fini          0x000061b8        0x8 c:/program files (x86)/atmel/studio/7.0/toolchain/arm/arm-gnu-toolchain/bin/../lib/gcc/arm-none-eabi/6.2.1/thumb/v6-m/crtn.o
                0x000061c0                . = ALIGN (0x4)
                0x000061c0                __fini_array_start = .
 *(.fini_array)
 .fini_array    0x000061c0        0x4 c:/program files (x86)/atmel/studio/7.0/toolchain/arm/arm-gnu-toolchain/bin/../lib/gcc/arm-none-eabi/6.2.1/thumb/v6-m/crtbegin.o
 *(SORT(.fini_array.*))
                0x000061c4                __fini_array_end = .
 *crtbegin.o(.dtors)
 *(EXCLUDE_FILE(*crtend.o) .dtors)
 *(SORT(.dtors.*))
 *crtend.o(.dtors)
                0x000061c4                . = ALIGN (0x4)
                0x000061c4                _efixed = .
                [!provide]                PROVIDE (__exidx_start, .)

.vfp11_veneer   0x000061c4        0x0
 .vfp11_veneer  0x000061c4        0x0 linker stubs

.v4_bx          0x000061c4        0x0
 .v4_bx         0x000061c4        0x0 linker stubs

.iplt           0x000061c4        0x0
 .iplt          0x000061c4        0x0 c:/program files (x86)/atmel/studio/7.0/toolchain/arm/arm-gnu-toolchain/bin/../lib/gcc/arm-none-eabi/6.2.1/thumb/v6-m/crtbegin.o

.eh_frame       0x000061c4        0x0
 .eh_frame      0x000061c4        0x0 c:/program files (x86)/atmel/studio/7.0/toolchain/arm/arm-gnu-toolchain/bin/../lib/gcc/arm-none-eabi/6.2.1/thumb/v6-m/crtbegin.o

.rel.dyn        0x000061c4        0x0
 .rel.iplt      0x000061c4        0x0 c:/program files (x86)/atmel/studio/7.0/toolchain/arm/arm-gnu-toolchain/bin/../lib/gcc/arm-none-eabi/6.2.1/thumb/v6-m/crtbegin.o

.jcr            0x000061c4        0x0
 .jcr           0x000061c4        0x0 c:/program files (x86)/atmel/studio/7.0/toolchain/arm/arm-gnu-toolchain/bin/../lib/gcc/arm-none-eabi/6.2.1/thumb/v6-m/crtbegin.o

.igot.plt       0x000061c4        0x0
 .igot.plt      0x000061c4        0x0 c:/program files (x86)/atmel/studio/7.0/toolchain/arm/arm-gnu-toolchain/bin/../lib/gcc/arm-none-eabi/6.2.1/thumb/v6-m/crtbegin.o

.ARM.exidx
 *(.ARM.exidx* .gnu.linkonce.armexidx.*)
                [!provide]                PROVIDE (__exidx_end, .)
                0x000061c4                . = ALIGN (0x4)
                0x000061c4                _etext = .

.relocate       0x20000000      0x104 load address 0x000061c4
                0x20000000                . = ALIGN (0x4)
                0x20000000                _srelocate = .
 *(.ramfunc .ramfunc.*)
 *(.data .data.*)
 .data.timeset  0x20000000        0x1 src/application.o
                0x20000000                timeset
 *fill*         0x20000001        0x3 
 .data.udi_api_cdc_comm
                0x20000004       0x14 src/ASF/common/services/usb/class/cdc/device/udi_cdc.o
                0x20000004                udi_api_cdc_comm
 .data.udi_api_cdc_data
                0x20000018       0x14 src/ASF/common/services/usb/class/cdc/device/udi_cdc.o
                0x20000018                udi_api_cdc_data
 .data.keyPadMatrix
                0x2000002c       0x11 src/keypad.o
                0x2000002c                keyPadMatrix
 *fill*         0x2000003d        0x3 
 .data.udc_config
                0x20000040        0xc src/ASF/common/services/usb/class/cdc/device/udi_cdc_desc.o
                0x20000040                udc_config
 .data.udc_config_fs
                0x2000004c        0x8 src/ASF/common/services/usb/class/cdc/device/udi_cdc_desc.o
                0x2000004c                udc_config_fs
 .data.udc_desc_fs
                0x20000054       0x43 src/ASF/common/services/usb/class/cdc/device/udi_cdc_desc.o
                0x20000054                udc_desc_fs
 *fill*         0x20000097        0x1 
 .data.udc_device_desc
                0x20000098       0x12 src/ASF/common/services/usb/class/cdc/device/udi_cdc_desc.o
                0x20000098                udc_device_desc
 *fill*         0x200000aa        0x2 
 .data.udc_device_lpm
                0x200000ac        0xc src/ASF/common/services/usb/class/cdc/device/udi_cdc_desc.o
                0x200000ac                udc_device_lpm
 .data.udi_apis
                0x200000b8        0x8 src/ASF/common/services/usb/class/cdc/device/udi_cdc_desc.o
                0x200000b8                udi_apis
 .data.udc_string_desc
                0x200000c0       0x20 src/ASF/common/services/usb/udc/udc.o
 .data.udc_string_desc_languageid
                0x200000e0        0x4 src/ASF/common/services/usb/udc/udc.o
 .data.udc_string_manufacturer_name
                0x200000e4        0xa src/ASF/common/services/usb/udc/udc.o
 *fill*         0x200000ee        0x2 
 .data.udc_string_product_name
                0x200000f0       0x10 src/ASF/common/services/usb/udc/udc.o
 .data.g_interrupt_enabled
                0x20000100        0x1 src/ASF/common/utils/interrupt/interrupt_sam_nvic.o
                0x20000100                g_interrupt_enabled
                0x20000104                . = ALIGN (0x4)
 *fill*         0x20000101        0x3 
                0x20000104                _erelocate = .

.bss            0x20000104      0x740 load address 0x000062c8
                0x20000104                . = ALIGN (0x4)
                0x20000104                _sbss = .
                0x20000104                _szero = .
 *(.bss .bss.*)
 .bss           0x20000104       0x1c c:/program files (x86)/atmel/studio/7.0/toolchain/arm/arm-gnu-toolchain/bin/../lib/gcc/arm-none-eabi/6.2.1/thumb/v6-m/crtbegin.o
 .bss.myTask1   0x20000120       0x10 src/application.o
 .bss.sof_zlp_counter.12397
                0x20000130        0x2 src/ASF/common/services/usb/class/cdc/device/udi_cdc.o
 .bss.udi_cdc_data_running
                0x20000132        0x1 src/ASF/common/services/usb/class/cdc/device/udi_cdc.o
 *fill*         0x20000133        0x1 
 .bss.udi_cdc_line_coding
                0x20000134        0x7 src/ASF/common/services/usb/class/cdc/device/udi_cdc.o
 .bss.udi_cdc_nb_comm_enabled
                0x2000013b        0x1 src/ASF/common/services/usb/class/cdc/device/udi_cdc.o
 .bss.udi_cdc_nb_data_enabled
                0x2000013c        0x1 src/ASF/common/services/usb/class/cdc/device/udi_cdc.o
 *fill*         0x2000013d        0x3 
 .bss.udi_cdc_rx_buf
                0x20000140       0x80 src/ASF/common/services/usb/class/cdc/device/udi_cdc.o
 .bss.udi_cdc_rx_buf_nb
                0x200001c0        0x4 src/ASF/common/services/usb/class/cdc/device/udi_cdc.o
 .bss.udi_cdc_rx_buf_sel
                0x200001c4        0x1 src/ASF/common/services/usb/class/cdc/device/udi_cdc.o
 *fill*         0x200001c5        0x3 
 .bss.udi_cdc_rx_pos
                0x200001c8        0x2 src/ASF/common/services/usb/class/cdc/device/udi_cdc.o
 *fill*         0x200001ca        0x2 
 .bss.udi_cdc_rx_trans_ongoing
                0x200001cc        0x1 src/ASF/common/services/usb/class/cdc/device/udi_cdc.o
 *fill*         0x200001cd        0x3 
 .bss.udi_cdc_state
                0x200001d0        0x2 src/ASF/common/services/usb/class/cdc/device/udi_cdc.o
 *fill*         0x200001d2        0x2 
 .bss.udi_cdc_tx_both_buf_to_send
                0x200001d4        0x1 src/ASF/common/services/usb/class/cdc/device/udi_cdc.o
 *fill*         0x200001d5        0x3 
 .bss.udi_cdc_tx_buf
                0x200001d8       0x80 src/ASF/common/services/usb/class/cdc/device/udi_cdc.o
 .bss.udi_cdc_tx_buf_nb
                0x20000258        0x4 src/ASF/common/services/usb/class/cdc/device/udi_cdc.o
 .bss.udi_cdc_tx_buf_sel
                0x2000025c        0x1 src/ASF/common/services/usb/class/cdc/device/udi_cdc.o
 *fill*         0x2000025d        0x3 
 .bss.udi_cdc_tx_sof_num
                0x20000260        0x2 src/ASF/common/services/usb/class/cdc/device/udi_cdc.o
 *fill*         0x20000262        0x2 
 .bss.udi_cdc_tx_trans_ongoing
                0x20000264        0x1 src/ASF/common/services/usb/class/cdc/device/udi_cdc.o
 *fill*         0x20000265        0x3 
 .bss.uid_cdc_state_msg
                0x20000268        0xa src/ASF/common/services/usb/class/cdc/device/udi_cdc.o
 *fill*         0x20000272        0x2 
 .bss.LCD_read_buffer
                0x20000274       0x28 src/LCD.o
 .bss.LCD_write_buffer
                0x2000029c       0x28 src/LCD.o
 .bss.rx_data   0x200002c4        0x1 src/testbench.o
 *fill*         0x200002c5        0x1 
 .bss.udc_device_status
                0x200002c6        0x2 src/ASF/common/services/usb/udc/udc.o
 .bss.udc_ep_status.12044
                0x200002c8        0x2 src/ASF/common/services/usb/udc/udc.o
 *fill*         0x200002ca        0x2 
 .bss.udc_iface_setting
                0x200002cc        0x1 src/ASF/common/services/usb/udc/udc.o
 *fill*         0x200002cd        0x3 
 .bss.udc_num_configuration
                0x200002d0        0x1 src/ASF/common/services/usb/udc/udc.o
 *fill*         0x200002d1        0x3 
 .bss.udc_ptr_conf
                0x200002d4        0x4 src/ASF/common/services/usb/udc/udc.o
 .bss.udc_ptr_iface
                0x200002d8        0x4 src/ASF/common/services/usb/udc/udc.o
 .bss.cpu_irq_critical_section_counter
                0x200002dc        0x4 src/ASF/common/utils/interrupt/interrupt_sam_nvic.o
 .bss.cpu_irq_prev_interrupt_state
                0x200002e0        0x1 src/ASF/common/utils/interrupt/interrupt_sam_nvic.o
 *fill*         0x200002e1        0x3 
 .bss._nvm_dev  0x200002e4        0x6 src/ASF/sam0/drivers/nvm/nvm.o
 *fill*         0x200002ea        0x2 
 .bss._system_clock_inst
                0x200002ec       0x18 src/ASF/sam0/drivers/system/clock/clock_samd21_r21_da/clock.o
 .bss.b_shortpacket.13323
                0x20000304        0x1 src/ASF/sam0/drivers/usb/stack_interface/usb_device_udd.o
 *fill*         0x20000305        0x1 
 .bss.udd_ctrl_payload_nb_trans
                0x20000306        0x2 src/ASF/sam0/drivers/usb/stack_interface/usb_device_udd.o
 .bss.udd_ctrl_prev_payload_nb_trans
                0x20000308        0x2 src/ASF/sam0/drivers/usb/stack_interface/usb_device_udd.o
 .bss.udd_ep_control_state
                0x2000030a        0x1 src/ASF/sam0/drivers/usb/stack_interface/usb_device_udd.o
 *fill*         0x2000030b        0x1 
 .bss.udd_ep_job
                0x2000030c       0x78 src/ASF/sam0/drivers/usb/stack_interface/usb_device_udd.o
 .bss.udd_state.13180
                0x20000384        0x1 src/ASF/sam0/drivers/usb/stack_interface/usb_device_udd.o
 *fill*         0x20000385        0x3 
 .bss._usb_instances
                0x20000388        0x4 src/ASF/sam0/drivers/usb/usb_sam_d_r/usb.o
 .bss.device_callback_lpm_wakeup_enable
                0x2000038c        0x4 src/ASF/sam0/drivers/usb/usb_sam_d_r/usb.o
 .bss.ep_callback_para
                0x20000390        0x8 src/ASF/sam0/drivers/usb/usb_sam_d_r/usb.o
 .bss.host_pipe_job_busy_status
                0x20000398        0x4 src/ASF/sam0/drivers/usb/usb_sam_d_r/usb.o
                0x20000398                host_pipe_job_busy_status
 .bss.pipe_callback_para
                0x2000039c        0x6 src/ASF/sam0/drivers/usb/usb_sam_d_r/usb.o
 .bss.main_b_cdc_enable
                0x200003a2        0x1 src/main.o
 *fill*         0x200003a3        0x1 
 .bss.OPT3001_read_buffer
                0x200003a4        0x3 src/OPT3001.o
 *fill*         0x200003a7        0x1 
 .bss.OPT3001_write_buffer
                0x200003a8        0x3 src/OPT3001.o
 *fill*         0x200003ab        0x1 
 .bss.Si7021_read_buffer
                0x200003ac        0x2 src/Si7021.o
 *fill*         0x200003ae        0x2 
 .bss.Si7021_write_buffer
                0x200003b0        0x2 src/Si7021.o
 *(COMMON)
 *fill*         0x200003b2        0x2 
 COMMON         0x200003b4       0x50 src/application.o
                0x200003b4                myTime
                0x200003c0                currentTask
                0x200003c4                mySchedule
                0x200003f4                temp1
                0x200003f8                key
                0x200003fc                str
                0x20000400                RH1
 COMMON         0x20000404        0x9 src/LCD.o
                0x20000404                str3
                0x20000408                str1
                0x2000040c                str2
 *fill*         0x2000040d        0x3 
 COMMON         0x20000410       0x66 src/testbench.o
                0x20000410                n
                0x20000414                OPT3001_data
                0x20000418                Codec_data
                0x2000041c                Si7021_data
                0x20000420                contrast
                0x20000421                mysecond
                0x20000424                page_buffer
                0x20000464                MMA8491Q_data
                0x20000468                mytime
                0x20000474                error_code
                0x20000475                bright
 *fill*         0x20000476        0x2 
 COMMON         0x20000478        0x5 src/ASF/common/services/sleepmgr/samd/sleepmgr.o
                0x20000478                sleepmgr_locks
 COMMON         0x2000047d        0x1 src/ASF/sam0/drivers/extint/extint_callback.o
                0x2000047d                _current_channel
 *fill*         0x2000047e        0x2 
 COMMON         0x20000480       0x40 src/ASF/sam0/drivers/extint/extint_sam_d_r/extint.o
                0x20000480                _extint_dev
 COMMON         0x200004c0      0x280 src/ASF/sam0/drivers/usb/stack_interface/usb_device_udd.o
                0x200004c0                udd_ep_out_cache_buffer
                0x20000580                usb_device
                0x200006e8                udd_g_ctrlreq
                0x20000700                udd_ctrl_buffer
 COMMON         0x20000740      0x100 src/ASF/sam0/drivers/usb/usb_sam_d_r/usb.o
                0x20000740                usb_descriptor_table
 COMMON         0x20000840        0x4 src/Si7021.o
                0x20000840                RH_data
                0x20000842                temp_data
                0x20000844                . = ALIGN (0x4)
                0x20000844                _ebss = .
                0x20000844                _ezero = .

.stack          0x20000844     0x2004 load address 0x00006a08
                0x20000848                . = ALIGN (0x8)
 *fill*         0x20000844        0x4 
                0x20000848                _sstack = .
                0x20002848                . = (. + STACK_SIZE)
 *fill*         0x20000848     0x2000 
                0x20002848                . = ALIGN (0x8)
                0x20002848                _estack = .
                0x20002848                . = ALIGN (0x4)
                0x20002848                _end = .
OUTPUT(DEVICE_EXAMPLE3.elf elf32-littlearm)

.ARM.attributes
                0x00000000       0x28
 .ARM.attributes
                0x00000000       0x1e c:/program files (x86)/atmel/studio/7.0/toolchain/arm/arm-gnu-toolchain/bin/../lib/gcc/arm-none-eabi/6.2.1/thumb/v6-m/crti.o
 .ARM.attributes
                0x0000001e       0x2c c:/program files (x86)/atmel/studio/7.0/toolchain/arm/arm-gnu-toolchain/bin/../lib/gcc/arm-none-eabi/6.2.1/thumb/v6-m/crtbegin.o
 .ARM.attributes
                0x0000004a       0x32 src/application.o
 .ARM.attributes
                0x0000007c       0x32 src/ASF/common/services/usb/class/cdc/device/udi_cdc.o
 .ARM.attributes
                0x000000ae       0x32 src/keypad.o
 .ARM.attributes
                0x000000e0       0x32 src/LCD.o
 .ARM.attributes
                0x00000112       0x32 src/RTC.o
 .ARM.attributes
                0x00000144       0x32 src/testbench.o
 .ARM.attributes
                0x00000176       0x32 src/ASF/common/services/usb/class/cdc/device/example/samd21j18a_samd21_xplained_pro/ui.o
 .ARM.attributes
                0x000001a8       0x32 src/ASF/common/services/sleepmgr/samd/sleepmgr.o
 .ARM.attributes
                0x000001da       0x32 src/ASF/common/services/usb/class/cdc/device/udi_cdc_desc.o
 .ARM.attributes
                0x0000020c       0x32 src/ASF/common/services/usb/udc/udc.o
 .ARM.attributes
                0x0000023e       0x32 src/ASF/common/utils/interrupt/interrupt_sam_nvic.o
 .ARM.attributes
                0x00000270       0x32 src/ASF/sam0/boards/samd21_xplained_pro/board_init.o
 .ARM.attributes
                0x000002a2       0x32 src/ASF/sam0/drivers/extint/extint_callback.o
 .ARM.attributes
                0x000002d4       0x32 src/ASF/sam0/drivers/extint/extint_sam_d_r/extint.o
 .ARM.attributes
                0x00000306       0x32 src/ASF/sam0/drivers/nvm/nvm.o
 .ARM.attributes
                0x00000338       0x32 src/ASF/sam0/drivers/port/port.o
 .ARM.attributes
                0x0000036a       0x32 src/ASF/sam0/drivers/system/clock/clock_samd21_r21_da/clock.o
 .ARM.attributes
                0x0000039c       0x32 src/ASF/sam0/drivers/system/clock/clock_samd21_r21_da/gclk.o
 .ARM.attributes
                0x000003ce       0x32 src/ASF/sam0/drivers/system/pinmux/pinmux.o
 .ARM.attributes
                0x00000400       0x32 src/ASF/sam0/drivers/system/system.o
 .ARM.attributes
                0x00000432       0x32 src/ASF/sam0/drivers/usb/stack_interface/usb_device_udd.o
 .ARM.attributes
                0x00000464       0x32 src/ASF/sam0/drivers/usb/usb_sam_d_r/usb.o
 .ARM.attributes
                0x00000496       0x32 src/ASF/sam0/utils/cmsis/samd21/source/gcc/startup_samd21.o
 .ARM.attributes
                0x000004c8       0x32 src/flash.o
 .ARM.attributes
                0x000004fa       0x32 src/main.o
 .ARM.attributes
                0x0000052c       0x32 src/OPT3001.o
 .ARM.attributes
                0x0000055e       0x32 src/Si7021.o
 .ARM.attributes
                0x00000590       0x1e c:/program files (x86)/atmel/studio/7.0/toolchain/arm/arm-gnu-toolchain/bin/../lib/gcc/arm-none-eabi/6.2.1/thumb/v6-m\libgcc.a(_udivsi3.o)
 .ARM.attributes
                0x000005ae       0x1e c:/program files (x86)/atmel/studio/7.0/toolchain/arm/arm-gnu-toolchain/bin/../lib/gcc/arm-none-eabi/6.2.1/thumb/v6-m\libgcc.a(_divsi3.o)
 .ARM.attributes
                0x000005cc       0x1e c:/program files (x86)/atmel/studio/7.0/toolchain/arm/arm-gnu-toolchain/bin/../lib/gcc/arm-none-eabi/6.2.1/thumb/v6-m\libgcc.a(_dvmd_tls.o)
 .ARM.attributes
                0x000005ea       0x1e c:/program files (x86)/atmel/studio/7.0/toolchain/arm/arm-gnu-toolchain/bin/../lib/gcc/arm-none-eabi/6.2.1/thumb/v6-m\libgcc.a(_clzsi2.o)
 .ARM.attributes
                0x00000608       0x1e c:/program files (x86)/atmel/studio/7.0/toolchain/arm/arm-gnu-toolchain/bin/../lib/gcc/arm-none-eabi/6.2.1/thumb/v6-m\libgcc.a(_ctzsi2.o)
 .ARM.attributes
                0x00000626       0x2c c:/program files (x86)/atmel/studio/7.0/toolchain/arm/arm-gnu-toolchain/bin/../lib/gcc/arm-none-eabi/6.2.1/thumb/v6-m\libgcc.a(divdf3.o)
 .ARM.attributes
                0x00000652       0x2c c:/program files (x86)/atmel/studio/7.0/toolchain/arm/arm-gnu-toolchain/bin/../lib/gcc/arm-none-eabi/6.2.1/thumb/v6-m\libgcc.a(muldf3.o)
 .ARM.attributes
                0x0000067e       0x2c c:/program files (x86)/atmel/studio/7.0/toolchain/arm/arm-gnu-toolchain/bin/../lib/gcc/arm-none-eabi/6.2.1/thumb/v6-m\libgcc.a(subdf3.o)
 .ARM.attributes
                0x000006aa       0x2c c:/program files (x86)/atmel/studio/7.0/toolchain/arm/arm-gnu-toolchain/bin/../lib/gcc/arm-none-eabi/6.2.1/thumb/v6-m\libgcc.a(fixdfsi.o)
 .ARM.attributes
                0x000006d6       0x2c c:/program files (x86)/atmel/studio/7.0/toolchain/arm/arm-gnu-toolchain/bin/../lib/gcc/arm-none-eabi/6.2.1/thumb/v6-m\libgcc.a(floatsidf.o)
 .ARM.attributes
                0x00000702       0x2c c:/program files (x86)/atmel/studio/7.0/toolchain/arm/arm-gnu-toolchain/bin/../lib/gcc/arm-none-eabi/6.2.1/../../../../arm-none-eabi/lib/thumb/v6-m\libc_nano.a(lib_a-init.o)
 .ARM.attributes
                0x0000072e       0x2c c:/program files (x86)/atmel/studio/7.0/toolchain/arm/arm-gnu-toolchain/bin/../lib/gcc/arm-none-eabi/6.2.1/../../../../arm-none-eabi/lib/thumb/v6-m\libc_nano.a(lib_a-memcpy-stub.o)
 .ARM.attributes
                0x0000075a       0x2c c:/program files (x86)/atmel/studio/7.0/toolchain/arm/arm-gnu-toolchain/bin/../lib/gcc/arm-none-eabi/6.2.1/../../../../arm-none-eabi/lib/thumb/v6-m\libc_nano.a(lib_a-memset.o)
 .ARM.attributes
                0x00000786       0x1e c:/program files (x86)/atmel/studio/7.0/toolchain/arm/arm-gnu-toolchain/bin/../lib/gcc/arm-none-eabi/6.2.1/thumb/v6-m/crtn.o

.comment        0x00000000       0x59
 .comment       0x00000000       0x59 src/application.o
                                 0x5a (size before relaxing)
 .comment       0x00000059       0x5a src/ASF/common/services/usb/class/cdc/device/udi_cdc.o
 .comment       0x00000059       0x5a src/keypad.o
 .comment       0x00000059       0x5a src/LCD.o
 .comment       0x00000059       0x5a src/RTC.o
 .comment       0x00000059       0x5a src/testbench.o
 .comment       0x00000059       0x5a src/ASF/common/services/usb/class/cdc/device/example/samd21j18a_samd21_xplained_pro/ui.o
 .comment       0x00000059       0x5a src/ASF/common/services/sleepmgr/samd/sleepmgr.o
 .comment       0x00000059       0x5a src/ASF/common/services/usb/class/cdc/device/udi_cdc_desc.o
 .comment       0x00000059       0x5a src/ASF/common/services/usb/udc/udc.o
 .comment       0x00000059       0x5a src/ASF/common/utils/interrupt/interrupt_sam_nvic.o
 .comment       0x00000059       0x5a src/ASF/sam0/boards/samd21_xplained_pro/board_init.o
 .comment       0x00000059       0x5a src/ASF/sam0/drivers/extint/extint_callback.o
 .comment       0x00000059       0x5a src/ASF/sam0/drivers/extint/extint_sam_d_r/extint.o
 .comment       0x00000059       0x5a src/ASF/sam0/drivers/nvm/nvm.o
 .comment       0x00000059       0x5a src/ASF/sam0/drivers/port/port.o
 .comment       0x00000059       0x5a src/ASF/sam0/drivers/system/clock/clock_samd21_r21_da/clock.o
 .comment       0x00000059       0x5a src/ASF/sam0/drivers/system/clock/clock_samd21_r21_da/gclk.o
 .comment       0x00000059       0x5a src/ASF/sam0/drivers/system/pinmux/pinmux.o
 .comment       0x00000059       0x5a src/ASF/sam0/drivers/system/system.o
 .comment       0x00000059       0x5a src/ASF/sam0/drivers/usb/stack_interface/usb_device_udd.o
 .comment       0x00000059       0x5a src/ASF/sam0/drivers/usb/usb_sam_d_r/usb.o
 .comment       0x00000059       0x5a src/ASF/sam0/utils/cmsis/samd21/source/gcc/startup_samd21.o
 .comment       0x00000059       0x5a src/flash.o
 .comment       0x00000059       0x5a src/main.o
 .comment       0x00000059       0x5a src/OPT3001.o
 .comment       0x00000059       0x5a src/Si7021.o

.debug_info     0x00000000    0x44185
 .debug_info    0x00000000     0x3e49 src/application.o
 .debug_info    0x00003e49     0x294d src/ASF/common/services/usb/class/cdc/device/udi_cdc.o
 .debug_info    0x00006796     0x16f0 src/keypad.o
 .debug_info    0x00007e86     0x442e src/LCD.o
 .debug_info    0x0000c2b4     0x33bd src/RTC.o
 .debug_info    0x0000f671     0x1610 src/testbench.o
 .debug_info    0x00010c81     0x1a15 src/ASF/common/services/usb/class/cdc/device/example/samd21j18a_samd21_xplained_pro/ui.o
 .debug_info    0x00012696      0xa82 src/ASF/common/services/sleepmgr/samd/sleepmgr.o
 .debug_info    0x00013118     0x1316 src/ASF/common/services/usb/class/cdc/device/udi_cdc_desc.o
 .debug_info    0x0001442e     0x1a69 src/ASF/common/services/usb/udc/udc.o
 .debug_info    0x00015e97      0xafb src/ASF/common/utils/interrupt/interrupt_sam_nvic.o
 .debug_info    0x00016992     0x12a1 src/ASF/sam0/boards/samd21_xplained_pro/board_init.o
 .debug_info    0x00017c33     0x199b src/ASF/sam0/drivers/extint/extint_callback.o
 .debug_info    0x000195ce     0x2b1a src/ASF/sam0/drivers/extint/extint_sam_d_r/extint.o
 .debug_info    0x0001c0e8     0x262e src/ASF/sam0/drivers/nvm/nvm.o
 .debug_info    0x0001e716     0x12aa src/ASF/sam0/drivers/port/port.o
 .debug_info    0x0001f9c0     0x3a8c src/ASF/sam0/drivers/system/clock/clock_samd21_r21_da/clock.o
 .debug_info    0x0002344c     0x1ec5 src/ASF/sam0/drivers/system/clock/clock_samd21_r21_da/gclk.o
 .debug_info    0x00025311     0x13e9 src/ASF/sam0/drivers/system/pinmux/pinmux.o
 .debug_info    0x000266fa      0xa67 src/ASF/sam0/drivers/system/system.o
 .debug_info    0x00027161     0x6de2 src/ASF/sam0/drivers/usb/stack_interface/usb_device_udd.o
 .debug_info    0x0002df43     0x526d src/ASF/sam0/drivers/usb/usb_sam_d_r/usb.o
 .debug_info    0x000331b0     0x3a49 src/ASF/sam0/utils/cmsis/samd21/source/gcc/startup_samd21.o
 .debug_info    0x00036bf9     0x1442 src/flash.o
 .debug_info    0x0003803b     0x53a7 src/main.o
 .debug_info    0x0003d3e2     0x2fd5 src/OPT3001.o
 .debug_info    0x000403b7     0x3dce src/Si7021.o

.debug_abbrev   0x00000000     0x5d5e
 .debug_abbrev  0x00000000      0x422 src/application.o
 .debug_abbrev  0x00000422      0x4ab src/ASF/common/services/usb/class/cdc/device/udi_cdc.o
 .debug_abbrev  0x000008cd      0x286 src/keypad.o
 .debug_abbrev  0x00000b53      0x3cb src/LCD.o
 .debug_abbrev  0x00000f1e      0x361 src/RTC.o
 .debug_abbrev  0x0000127f      0x277 src/testbench.o
 .debug_abbrev  0x000014f6      0x3b9 src/ASF/common/services/usb/class/cdc/device/example/samd21j18a_samd21_xplained_pro/ui.o
 .debug_abbrev  0x000018af      0x1b2 src/ASF/common/services/sleepmgr/samd/sleepmgr.o
 .debug_abbrev  0x00001a61      0x1e7 src/ASF/common/services/usb/class/cdc/device/udi_cdc_desc.o
 .debug_abbrev  0x00001c48      0x3f5 src/ASF/common/services/usb/udc/udc.o
 .debug_abbrev  0x0000203d      0x22c src/ASF/common/utils/interrupt/interrupt_sam_nvic.o
 .debug_abbrev  0x00002269      0x2dc src/ASF/sam0/boards/samd21_xplained_pro/board_init.o
 .debug_abbrev  0x00002545      0x333 src/ASF/sam0/drivers/extint/extint_callback.o
 .debug_abbrev  0x00002878      0x4a7 src/ASF/sam0/drivers/extint/extint_sam_d_r/extint.o
 .debug_abbrev  0x00002d1f      0x491 src/ASF/sam0/drivers/nvm/nvm.o
 .debug_abbrev  0x000031b0      0x298 src/ASF/sam0/drivers/port/port.o
 .debug_abbrev  0x00003448      0x493 src/ASF/sam0/drivers/system/clock/clock_samd21_r21_da/clock.o
 .debug_abbrev  0x000038db      0x3f1 src/ASF/sam0/drivers/system/clock/clock_samd21_r21_da/gclk.o
 .debug_abbrev  0x00003ccc      0x37b src/ASF/sam0/drivers/system/pinmux/pinmux.o
 .debug_abbrev  0x00004047      0x1e1 src/ASF/sam0/drivers/system/system.o
 .debug_abbrev  0x00004228      0x61c src/ASF/sam0/drivers/usb/stack_interface/usb_device_udd.o
 .debug_abbrev  0x00004844      0x4e9 src/ASF/sam0/drivers/usb/usb_sam_d_r/usb.o
 .debug_abbrev  0x00004d2d      0x234 src/ASF/sam0/utils/cmsis/samd21/source/gcc/startup_samd21.o
 .debug_abbrev  0x00004f61      0x2ae src/flash.o
 .debug_abbrev  0x0000520f      0x422 src/main.o
 .debug_abbrev  0x00005631      0x316 src/OPT3001.o
 .debug_abbrev  0x00005947      0x417 src/Si7021.o

.debug_loc      0x00000000     0x947b
 .debug_loc     0x00000000      0x38b src/application.o
 .debug_loc     0x0000038b     0x11bd src/ASF/common/services/usb/class/cdc/device/udi_cdc.o
 .debug_loc     0x00001548       0x3f src/keypad.o
 .debug_loc     0x00001587      0xd66 src/LCD.o
 .debug_loc     0x000022ed      0x266 src/RTC.o
 .debug_loc     0x00002553       0x74 src/testbench.o
 .debug_loc     0x000025c7      0x208 src/ASF/common/services/usb/class/cdc/device/example/samd21j18a_samd21_xplained_pro/ui.o
 .debug_loc     0x000027cf      0x4d6 src/ASF/common/services/usb/udc/udc.o
 .debug_loc     0x00002ca5       0x8b src/ASF/sam0/boards/samd21_xplained_pro/board_init.o
 .debug_loc     0x00002d30      0x2ac src/ASF/sam0/drivers/extint/extint_callback.o
 .debug_loc     0x00002fdc      0x43d src/ASF/sam0/drivers/extint/extint_sam_d_r/extint.o
 .debug_loc     0x00003419     0x10c4 src/ASF/sam0/drivers/nvm/nvm.o
 .debug_loc     0x000044dd      0x13d src/ASF/sam0/drivers/port/port.o
 .debug_loc     0x0000461a      0xfff src/ASF/sam0/drivers/system/clock/clock_samd21_r21_da/clock.o
 .debug_loc     0x00005619      0x504 src/ASF/sam0/drivers/system/clock/clock_samd21_r21_da/gclk.o
 .debug_loc     0x00005b1d      0x36d src/ASF/sam0/drivers/system/pinmux/pinmux.o
 .debug_loc     0x00005e8a       0x20 src/ASF/sam0/drivers/system/system.o
 .debug_loc     0x00005eaa     0x136e src/ASF/sam0/drivers/usb/stack_interface/usb_device_udd.o
 .debug_loc     0x00007218     0x1aff src/ASF/sam0/drivers/usb/usb_sam_d_r/usb.o
 .debug_loc     0x00008d17       0x40 src/ASF/sam0/utils/cmsis/samd21/source/gcc/startup_samd21.o
 .debug_loc     0x00008d57       0x3f src/flash.o
 .debug_loc     0x00008d96      0x2b6 src/main.o
 .debug_loc     0x0000904c      0x1d0 src/OPT3001.o
 .debug_loc     0x0000921c      0x25f src/Si7021.o

.debug_aranges  0x00000000      0xa98
 .debug_aranges
                0x00000000       0x68 src/application.o
 .debug_aranges
                0x00000068      0x170 src/ASF/common/services/usb/class/cdc/device/udi_cdc.o
 .debug_aranges
                0x000001d8       0x28 src/keypad.o
 .debug_aranges
                0x00000200       0x80 src/LCD.o
 .debug_aranges
                0x00000280       0x48 src/RTC.o
 .debug_aranges
                0x000002c8       0x20 src/testbench.o
 .debug_aranges
                0x000002e8       0x90 src/ASF/common/services/usb/class/cdc/device/example/samd21j18a_samd21_xplained_pro/ui.o
 .debug_aranges
                0x00000378       0x18 src/ASF/common/services/sleepmgr/samd/sleepmgr.o
 .debug_aranges
                0x00000390       0x18 src/ASF/common/services/usb/class/cdc/device/udi_cdc_desc.o
 .debug_aranges
                0x000003a8       0x70 src/ASF/common/services/usb/udc/udc.o
 .debug_aranges
                0x00000418       0x28 src/ASF/common/utils/interrupt/interrupt_sam_nvic.o
 .debug_aranges
                0x00000440       0x20 src/ASF/sam0/boards/samd21_xplained_pro/board_init.o
 .debug_aranges
                0x00000460       0x48 src/ASF/sam0/drivers/extint/extint_callback.o
 .debug_aranges
                0x000004a8       0x50 src/ASF/sam0/drivers/extint/extint_sam_d_r/extint.o
 .debug_aranges
                0x000004f8       0x68 src/ASF/sam0/drivers/nvm/nvm.o
 .debug_aranges
                0x00000560       0x28 src/ASF/sam0/drivers/port/port.o
 .debug_aranges
                0x00000588       0x78 src/ASF/sam0/drivers/system/clock/clock_samd21_r21_da/clock.o
 .debug_aranges
                0x00000600       0x80 src/ASF/sam0/drivers/system/clock/clock_samd21_r21_da/gclk.o
 .debug_aranges
                0x00000680       0x40 src/ASF/sam0/drivers/system/pinmux/pinmux.o
 .debug_aranges
                0x000006c0       0x28 src/ASF/sam0/drivers/system/system.o
 .debug_aranges
                0x000006e8      0x130 src/ASF/sam0/drivers/usb/stack_interface/usb_device_udd.o
 .debug_aranges
                0x00000818      0x158 src/ASF/sam0/drivers/usb/usb_sam_d_r/usb.o
 .debug_aranges
                0x00000970       0x28 src/ASF/sam0/utils/cmsis/samd21/source/gcc/startup_samd21.o
 .debug_aranges
                0x00000998       0x20 src/flash.o
 .debug_aranges
                0x000009b8       0x68 src/main.o
 .debug_aranges
                0x00000a20       0x30 src/OPT3001.o
 .debug_aranges
                0x00000a50       0x48 src/Si7021.o

.debug_ranges   0x00000000      0xee0
 .debug_ranges  0x00000000       0xc8 src/application.o
 .debug_ranges  0x000000c8      0x1d8 src/ASF/common/services/usb/class/cdc/device/udi_cdc.o
 .debug_ranges  0x000002a0       0x18 src/keypad.o
 .debug_ranges  0x000002b8      0x290 src/LCD.o
 .debug_ranges  0x00000548       0x38 src/RTC.o
 .debug_ranges  0x00000580       0x10 src/testbench.o
 .debug_ranges  0x00000590       0x80 src/ASF/common/services/usb/class/cdc/device/example/samd21j18a_samd21_xplained_pro/ui.o
 .debug_ranges  0x00000610       0xc8 src/ASF/common/services/usb/udc/udc.o
 .debug_ranges  0x000006d8       0x18 src/ASF/common/utils/interrupt/interrupt_sam_nvic.o
 .debug_ranges  0x000006f0       0x10 src/ASF/sam0/boards/samd21_xplained_pro/board_init.o
 .debug_ranges  0x00000700       0x90 src/ASF/sam0/drivers/extint/extint_callback.o
 .debug_ranges  0x00000790       0x40 src/ASF/sam0/drivers/extint/extint_sam_d_r/extint.o
 .debug_ranges  0x000007d0      0x118 src/ASF/sam0/drivers/nvm/nvm.o
 .debug_ranges  0x000008e8       0x18 src/ASF/sam0/drivers/port/port.o
 .debug_ranges  0x00000900       0x68 src/ASF/sam0/drivers/system/clock/clock_samd21_r21_da/clock.o
 .debug_ranges  0x00000968       0x88 src/ASF/sam0/drivers/system/clock/clock_samd21_r21_da/gclk.o
 .debug_ranges  0x000009f0       0x30 src/ASF/sam0/drivers/system/pinmux/pinmux.o
 .debug_ranges  0x00000a20       0x18 src/ASF/sam0/drivers/system/system.o
 .debug_ranges  0x00000a38      0x1b0 src/ASF/sam0/drivers/usb/stack_interface/usb_device_udd.o
 .debug_ranges  0x00000be8      0x190 src/ASF/sam0/drivers/usb/usb_sam_d_r/usb.o
 .debug_ranges  0x00000d78       0x18 src/ASF/sam0/utils/cmsis/samd21/source/gcc/startup_samd21.o
 .debug_ranges  0x00000d90       0x10 src/flash.o
 .debug_ranges  0x00000da0       0x58 src/main.o
 .debug_ranges  0x00000df8       0x68 src/OPT3001.o
 .debug_ranges  0x00000e60       0x80 src/Si7021.o

.debug_macro    0x00000000    0x200e2
 .debug_macro   0x00000000      0x77b src/application.o
 .debug_macro   0x0000077b      0x8c2 src/application.o
 .debug_macro   0x0000103d      0x16d src/application.o
 .debug_macro   0x000011aa      0x652 src/application.o
 .debug_macro   0x000017fc       0x22 src/application.o
 .debug_macro   0x0000181e       0x87 src/application.o
 .debug_macro   0x000018a5       0x51 src/application.o
 .debug_macro   0x000018f6       0xef src/application.o
 .debug_macro   0x000019e5       0x6a src/application.o
 .debug_macro   0x00001a4f      0x1df src/application.o
 .debug_macro   0x00001c2e       0x10 src/application.o
 .debug_macro   0x00001c3e       0x76 src/application.o
 .debug_macro   0x00001cb4       0x16 src/application.o
 .debug_macro   0x00001cca      0x6e5 src/application.o
 .debug_macro   0x000023af      0xde2 src/application.o
 .debug_macro   0x00003191       0x22 src/application.o
 .debug_macro   0x000031b3       0x40 src/application.o
 .debug_macro   0x000031f3       0x3a src/application.o
 .debug_macro   0x0000322d       0x1f src/application.o
 .debug_macro   0x0000324c      0x250 src/application.o
 .debug_macro   0x0000349c      0x682 src/application.o
 .debug_macro   0x00003b1e      0x8bf src/application.o
 .debug_macro   0x000043dd      0x235 src/application.o
 .debug_macro   0x00004612      0xd6a src/application.o
 .debug_macro   0x0000537c      0x4ce src/application.o
 .debug_macro   0x0000584a      0x9f8 src/application.o
 .debug_macro   0x00006242      0x82b src/application.o
 .debug_macro   0x00006a6d      0x45f src/application.o
 .debug_macro   0x00006ecc       0x5e src/application.o
 .debug_macro   0x00006f2a      0x906 src/application.o
 .debug_macro   0x00007830      0x225 src/application.o
 .debug_macro   0x00007a55      0x963 src/application.o
 .debug_macro   0x000083b8       0x5e src/application.o
 .debug_macro   0x00008416      0x671 src/application.o
 .debug_macro   0x00008a87      0x3af src/application.o
 .debug_macro   0x00008e36      0xc7f src/application.o
 .debug_macro   0x00009ab5     0x1092 src/application.o
 .debug_macro   0x0000ab47      0xc4a src/application.o
 .debug_macro   0x0000b791      0x6bf src/application.o
 .debug_macro   0x0000be50     0x1bc9 src/application.o
 .debug_macro   0x0000da19     0x144a src/application.o
 .debug_macro   0x0000ee63      0x34e src/application.o
 .debug_macro   0x0000f1b1       0x7c src/application.o
 .debug_macro   0x0000f22d       0xa0 src/application.o
 .debug_macro   0x0000f2cd       0x4c src/application.o
 .debug_macro   0x0000f319       0xca src/application.o
 .debug_macro   0x0000f3e3       0x94 src/application.o
 .debug_macro   0x0000f477       0x58 src/application.o
 .debug_macro   0x0000f4cf      0x387 src/application.o
 .debug_macro   0x0000f856       0x82 src/application.o
 .debug_macro   0x0000f8d8      0x197 src/application.o
 .debug_macro   0x0000fa6f       0xb8 src/application.o
 .debug_macro   0x0000fb27       0xa0 src/application.o
 .debug_macro   0x0000fbc7       0xb8 src/application.o
 .debug_macro   0x0000fc7f       0x1c src/application.o
 .debug_macro   0x0000fc9b       0x1c src/application.o
 .debug_macro   0x0000fcb7       0x1c src/application.o
 .debug_macro   0x0000fcd3       0x82 src/application.o
 .debug_macro   0x0000fd55      0x161 src/application.o
 .debug_macro   0x0000feb6       0xdc src/application.o
 .debug_macro   0x0000ff92      0x12f src/application.o
 .debug_macro   0x000100c1      0x12f src/application.o
 .debug_macro   0x000101f0      0x12f src/application.o
 .debug_macro   0x0001031f      0x12f src/application.o
 .debug_macro   0x0001044e      0x12f src/application.o
 .debug_macro   0x0001057d      0x12f src/application.o
 .debug_macro   0x000106ac      0x124 src/application.o
 .debug_macro   0x000107d0       0xe2 src/application.o
 .debug_macro   0x000108b2       0xe2 src/application.o
 .debug_macro   0x00010994       0xe2 src/application.o
 .debug_macro   0x00010a76       0xe2 src/application.o
 .debug_macro   0x00010b58       0xe2 src/application.o
 .debug_macro   0x00010c3a      0x133 src/application.o
 .debug_macro   0x00010d6d      0x106 src/application.o
 .debug_macro   0x00010e73       0xfa src/application.o
 .debug_macro   0x00010f6d      0x40f src/application.o
 .debug_macro   0x0001137c       0x40 src/application.o
 .debug_macro   0x000113bc      0x37d src/application.o
 .debug_macro   0x00011739     0x1e5c src/application.o
 .debug_macro   0x00013595       0x6d src/application.o
 .debug_macro   0x00013602       0x52 src/application.o
 .debug_macro   0x00013654       0x35 src/application.o
 .debug_macro   0x00013689       0x9c src/application.o
 .debug_macro   0x00013725       0x16 src/application.o
 .debug_macro   0x0001373b       0x35 src/application.o
 .debug_macro   0x00013770      0x330 src/application.o
 .debug_macro   0x00013aa0       0x10 src/application.o
 .debug_macro   0x00013ab0       0x52 src/application.o
 .debug_macro   0x00013b02       0x1f src/application.o
 .debug_macro   0x00013b21       0x43 src/application.o
 .debug_macro   0x00013b64       0x20 src/application.o
 .debug_macro   0x00013b84      0x187 src/application.o
 .debug_macro   0x00013d0b       0x10 src/application.o
 .debug_macro   0x00013d1b       0x1c src/application.o
 .debug_macro   0x00013d37       0x52 src/application.o
 .debug_macro   0x00013d89       0x40 src/application.o
 .debug_macro   0x00013dc9       0x10 src/application.o
 .debug_macro   0x00013dd9       0x40 src/application.o
 .debug_macro   0x00013e19       0xd7 src/application.o
 .debug_macro   0x00013ef0       0x16 src/application.o
 .debug_macro   0x00013f06      0x18b src/application.o
 .debug_macro   0x00014091       0x16 src/application.o
 .debug_macro   0x000140a7       0x16 src/application.o
 .debug_macro   0x000140bd       0x29 src/application.o
 .debug_macro   0x000140e6       0x51 src/application.o
 .debug_macro   0x00014137       0x3f src/application.o
 .debug_macro   0x00014176      0x3df src/application.o
 .debug_macro   0x00014555       0x18 src/application.o
 .debug_macro   0x0001456d       0x19 src/application.o
 .debug_macro   0x00014586      0x2bf src/application.o
 .debug_macro   0x00014845       0x10 src/application.o
 .debug_macro   0x00014855      0x9bf src/application.o
 .debug_macro   0x00015214       0x11 src/application.o
 .debug_macro   0x00015225       0x27 src/application.o
 .debug_macro   0x0001524c       0x11 src/application.o
 .debug_macro   0x0001525d       0x18 src/application.o
 .debug_macro   0x00015275       0x22 src/application.o
 .debug_macro   0x00015297       0x2e src/application.o
 .debug_macro   0x000152c5       0x10 src/application.o
 .debug_macro   0x000152d5      0x228 src/application.o
 .debug_macro   0x000154fd       0xbf src/application.o
 .debug_macro   0x000155bc       0x9c src/application.o
 .debug_macro   0x00015658      0x24b src/application.o
 .debug_macro   0x000158a3      0x162 src/application.o
 .debug_macro   0x00015a05       0x16 src/application.o
 .debug_macro   0x00015a1b       0x1c src/application.o
 .debug_macro   0x00015a37      0x192 src/application.o
 .debug_macro   0x00015bc9       0x40 src/application.o
 .debug_macro   0x00015c09       0x52 src/application.o
 .debug_macro   0x00015c5b       0x40 src/application.o
 .debug_macro   0x00015c9b       0x10 src/application.o
 .debug_macro   0x00015cab       0x34 src/application.o
 .debug_macro   0x00015cdf       0x10 src/application.o
 .debug_macro   0x00015cef       0x10 src/application.o
 .debug_macro   0x00015cff       0x52 src/application.o
 .debug_macro   0x00015d51       0x10 src/application.o
 .debug_macro   0x00015d61       0x10 src/application.o
 .debug_macro   0x00015d71       0xa0 src/application.o
 .debug_macro   0x00015e11      0x1e1 src/application.o
 .debug_macro   0x00015ff2      0x674 src/ASF/common/services/usb/class/cdc/device/udi_cdc.o
 .debug_macro   0x00016666       0xb9 src/ASF/common/services/usb/class/cdc/device/udi_cdc.o
 .debug_macro   0x0001671f       0x16 src/ASF/common/services/usb/class/cdc/device/udi_cdc.o
 .debug_macro   0x00016735      0x6cc src/keypad.o
 .debug_macro   0x00016e01       0xa0 src/keypad.o
 .debug_macro   0x00016ea1      0x6ea src/LCD.o
 .debug_macro   0x0001758b      0x6c2 src/RTC.o
 .debug_macro   0x00017c4d      0x748 src/testbench.o
 .debug_macro   0x00018395       0x16 src/testbench.o
 .debug_macro   0x000183ab      0x6c3 src/ASF/common/services/usb/class/cdc/device/example/samd21j18a_samd21_xplained_pro/ui.o
 .debug_macro   0x00018a6e      0x573 src/ASF/common/services/sleepmgr/samd/sleepmgr.o
 .debug_macro   0x00018fe1      0x5dc src/ASF/common/services/usb/class/cdc/device/udi_cdc_desc.o
 .debug_macro   0x000195bd      0x5c8 src/ASF/common/services/usb/udc/udc.o
 .debug_macro   0x00019b85      0x512 src/ASF/common/utils/interrupt/interrupt_sam_nvic.o
 .debug_macro   0x0001a097      0x54d src/ASF/sam0/boards/samd21_xplained_pro/board_init.o
 .debug_macro   0x0001a5e4       0x12 src/ASF/sam0/boards/samd21_xplained_pro/board_init.o
 .debug_macro   0x0001a5f6      0x537 src/ASF/sam0/drivers/extint/extint_callback.o
 .debug_macro   0x0001ab2d      0x592 src/ASF/sam0/drivers/extint/extint_sam_d_r/extint.o
 .debug_macro   0x0001b0bf       0x1f src/ASF/sam0/drivers/extint/extint_sam_d_r/extint.o
 .debug_macro   0x0001b0de       0x10 src/ASF/sam0/drivers/extint/extint_sam_d_r/extint.o
 .debug_macro   0x0001b0ee      0x5ae src/ASF/sam0/drivers/nvm/nvm.o
 .debug_macro   0x0001b69c      0x52c src/ASF/sam0/drivers/port/port.o
 .debug_macro   0x0001bbc8      0x592 src/ASF/sam0/drivers/system/clock/clock_samd21_r21_da/clock.o
 .debug_macro   0x0001c15a      0x29d src/ASF/sam0/drivers/system/clock/clock_samd21_r21_da/clock.o
 .debug_macro   0x0001c3f7      0x548 src/ASF/sam0/drivers/system/clock/clock_samd21_r21_da/gclk.o
 .debug_macro   0x0001c93f      0x522 src/ASF/sam0/drivers/system/pinmux/pinmux.o
 .debug_macro   0x0001ce61       0x12 src/ASF/sam0/drivers/system/pinmux/pinmux.o
 .debug_macro   0x0001ce73      0x556 src/ASF/sam0/drivers/system/system.o
 .debug_macro   0x0001d3c9      0x6b1 src/ASF/sam0/drivers/usb/stack_interface/usb_device_udd.o
 .debug_macro   0x0001da7a       0x4c src/ASF/sam0/drivers/usb/stack_interface/usb_device_udd.o
 .debug_macro   0x0001dac6       0x8d src/ASF/sam0/drivers/usb/stack_interface/usb_device_udd.o
 .debug_macro   0x0001db53       0x57 src/ASF/sam0/drivers/usb/stack_interface/usb_device_udd.o
 .debug_macro   0x0001dbaa       0x10 src/ASF/sam0/drivers/usb/stack_interface/usb_device_udd.o
 .debug_macro   0x0001dbba       0x1c src/ASF/sam0/drivers/usb/stack_interface/usb_device_udd.o
 .debug_macro   0x0001dbd6       0x1c src/ASF/sam0/drivers/usb/stack_interface/usb_device_udd.o
 .debug_macro   0x0001dbf2      0x5dc src/ASF/sam0/drivers/usb/usb_sam_d_r/usb.o
 .debug_macro   0x0001e1ce      0x2f9 src/ASF/sam0/utils/cmsis/samd21/source/gcc/startup_samd21.o
 .debug_macro   0x0001e4c7       0x3a src/ASF/sam0/utils/cmsis/samd21/source/gcc/startup_samd21.o
 .debug_macro   0x0001e501      0x6c3 src/flash.o
 .debug_macro   0x0001ebc4      0x77c src/main.o
 .debug_macro   0x0001f340      0x6cc src/OPT3001.o
 .debug_macro   0x0001fa0c      0x6d6 src/Si7021.o

.debug_line     0x00000000    0x15f36
 .debug_line    0x00000000     0x1027 src/application.o
 .debug_line    0x00001027     0x116d src/ASF/common/services/usb/class/cdc/device/udi_cdc.o
 .debug_line    0x00002194      0xe19 src/keypad.o
 .debug_line    0x00002fad     0x10b6 src/LCD.o
 .debug_line    0x00004063      0xe8f src/RTC.o
 .debug_line    0x00004ef2      0xecd src/testbench.o
 .debug_line    0x00005dbf      0xf6f src/ASF/common/services/usb/class/cdc/device/example/samd21j18a_samd21_xplained_pro/ui.o
 .debug_line    0x00006d2e      0xa59 src/ASF/common/services/sleepmgr/samd/sleepmgr.o
 .debug_line    0x00007787      0xa2a src/ASF/common/services/usb/class/cdc/device/udi_cdc_desc.o
 .debug_line    0x000081b1      0xc61 src/ASF/common/services/usb/udc/udc.o
 .debug_line    0x00008e12      0x8d8 src/ASF/common/utils/interrupt/interrupt_sam_nvic.o
 .debug_line    0x000096ea      0x97f src/ASF/sam0/boards/samd21_xplained_pro/board_init.o
 .debug_line    0x0000a069      0x9da src/ASF/sam0/drivers/extint/extint_callback.o
 .debug_line    0x0000aa43      0xc30 src/ASF/sam0/drivers/extint/extint_sam_d_r/extint.o
 .debug_line    0x0000b673      0xdf4 src/ASF/sam0/drivers/nvm/nvm.o
 .debug_line    0x0000c467      0x904 src/ASF/sam0/drivers/port/port.o
 .debug_line    0x0000cd6b      0xce8 src/ASF/sam0/drivers/system/clock/clock_samd21_r21_da/clock.o
 .debug_line    0x0000da53      0xc7c src/ASF/sam0/drivers/system/clock/clock_samd21_r21_da/gclk.o
 .debug_line    0x0000e6cf      0x951 src/ASF/sam0/drivers/system/pinmux/pinmux.o
 .debug_line    0x0000f020      0x9f3 src/ASF/sam0/drivers/system/system.o
 .debug_line    0x0000fa13     0x13c2 src/ASF/sam0/drivers/usb/stack_interface/usb_device_udd.o
 .debug_line    0x00010dd5     0x107d src/ASF/sam0/drivers/usb/usb_sam_d_r/usb.o
 .debug_line    0x00011e52      0x656 src/ASF/sam0/utils/cmsis/samd21/source/gcc/startup_samd21.o
 .debug_line    0x000124a8      0xdea src/flash.o
 .debug_line    0x00013292      0xfb2 src/main.o
 .debug_line    0x00014244      0xe54 src/OPT3001.o
 .debug_line    0x00015098      0xe9e src/Si7021.o

.debug_str      0x00000000    0x94cb0
 .debug_str     0x00000000    0x8b16d src/application.o
                              0x8bc48 (size before relaxing)
 .debug_str     0x0008b16d      0xdc3 src/ASF/common/services/usb/class/cdc/device/udi_cdc.o
                              0x8a56f (size before relaxing)
 .debug_str     0x0008bf30       0x34 src/keypad.o
                              0x8a621 (size before relaxing)
 .debug_str     0x0008bf64      0x707 src/LCD.o
                              0x8b7b3 (size before relaxing)
 .debug_str     0x0008c66b      0x7e2 src/RTC.o
                              0x8ab5e (size before relaxing)
 .debug_str     0x0008ce4d      0x11d src/testbench.o
                              0x8b457 (size before relaxing)
 .debug_str     0x0008cf6a      0x354 src/ASF/common/services/usb/class/cdc/device/example/samd21j18a_samd21_xplained_pro/ui.o
                              0x8a2b9 (size before relaxing)
 .debug_str     0x0008d2be       0xa8 src/ASF/common/services/sleepmgr/samd/sleepmgr.o
                              0x82467 (size before relaxing)
 .debug_str     0x0008d366      0x4fa src/ASF/common/services/usb/class/cdc/device/udi_cdc_desc.o
                              0x89c5f (size before relaxing)
 .debug_str     0x0008d860      0x7c1 src/ASF/common/services/usb/udc/udc.o
                              0x88c5f (size before relaxing)
 .debug_str     0x0008e021       0x65 src/ASF/common/utils/interrupt/interrupt_sam_nvic.o
                              0x822e5 (size before relaxing)
 .debug_str     0x0008e086      0x145 src/ASF/sam0/boards/samd21_xplained_pro/board_init.o
                              0x85eec (size before relaxing)
 .debug_str     0x0008e1cb      0x412 src/ASF/sam0/drivers/extint/extint_callback.o
                              0x82b28 (size before relaxing)
 .debug_str     0x0008e5dd      0x84a src/ASF/sam0/drivers/extint/extint_sam_d_r/extint.o
                              0x83b20 (size before relaxing)
 .debug_str     0x0008ee27      0xc8a src/ASF/sam0/drivers/nvm/nvm.o
                              0x83a7f (size before relaxing)
 .debug_str     0x0008fab1       0x59 src/ASF/sam0/drivers/port/port.o
                              0x82711 (size before relaxing)
 .debug_str     0x0008fb0a     0x277b src/ASF/sam0/drivers/system/clock/clock_samd21_r21_da/clock.o
                              0x85538 (size before relaxing)
 .debug_str     0x00092285      0x151 src/ASF/sam0/drivers/system/clock/clock_samd21_r21_da/gclk.o
                              0x82fa4 (size before relaxing)
 .debug_str     0x000923d6      0x179 src/ASF/sam0/drivers/system/pinmux/pinmux.o
                              0x82787 (size before relaxing)
 .debug_str     0x0009254f       0x47 src/ASF/sam0/drivers/system/system.o
                              0x82390 (size before relaxing)
 .debug_str     0x00092596     0x14b0 src/ASF/sam0/drivers/usb/stack_interface/usb_device_udd.o
                              0x8b286 (size before relaxing)
 .debug_str     0x00093a46      0x82f src/ASF/sam0/drivers/usb/usb_sam_d_r/usb.o
                              0x84dcd (size before relaxing)
 .debug_str     0x00094275      0x8b3 src/ASF/sam0/utils/cmsis/samd21/source/gcc/startup_samd21.o
                              0x6e394 (size before relaxing)
 .debug_str     0x00094b28       0x40 src/flash.o
                              0x8a055 (size before relaxing)
 .debug_str     0x00094b68       0x80 src/main.o
                              0x8c242 (size before relaxing)
 .debug_str     0x00094be8       0x54 src/OPT3001.o
                              0x8abd7 (size before relaxing)
 .debug_str     0x00094c3c       0x74 src/Si7021.o
                              0x8aed7 (size before relaxing)

.debug_frame    0x00000000     0x1ba4
 .debug_frame   0x00000000       0xe8 src/application.o
 .debug_frame   0x000000e8      0x460 src/ASF/common/services/usb/class/cdc/device/udi_cdc.o
 .debug_frame   0x00000548       0x40 src/keypad.o
 .debug_frame   0x00000588      0x164 src/LCD.o
 .debug_frame   0x000006ec       0x88 src/RTC.o
 .debug_frame   0x00000774       0x2c src/testbench.o
 .debug_frame   0x000007a0      0x12c src/ASF/common/services/usb/class/cdc/device/example/samd21j18a_samd21_xplained_pro/ui.o
 .debug_frame   0x000008cc      0x138 src/ASF/common/services/usb/udc/udc.o
 .debug_frame   0x00000a04       0x30 src/ASF/common/utils/interrupt/interrupt_sam_nvic.o
 .debug_frame   0x00000a34       0x30 src/ASF/sam0/boards/samd21_xplained_pro/board_init.o
 .debug_frame   0x00000a64       0x7c src/ASF/sam0/drivers/extint/extint_callback.o
 .debug_frame   0x00000ae0       0xb8 src/ASF/sam0/drivers/extint/extint_sam_d_r/extint.o
 .debug_frame   0x00000b98      0x12c src/ASF/sam0/drivers/nvm/nvm.o
 .debug_frame   0x00000cc4       0x44 src/ASF/sam0/drivers/port/port.o
 .debug_frame   0x00000d08      0x15c src/ASF/sam0/drivers/system/clock/clock_samd21_r21_da/clock.o
 .debug_frame   0x00000e64      0x148 src/ASF/sam0/drivers/system/clock/clock_samd21_r21_da/gclk.o
 .debug_frame   0x00000fac       0x98 src/ASF/sam0/drivers/system/pinmux/pinmux.o
 .debug_frame   0x00001044       0x38 src/ASF/sam0/drivers/system/system.o
 .debug_frame   0x0000107c      0x374 src/ASF/sam0/drivers/usb/stack_interface/usb_device_udd.o
 .debug_frame   0x000013f0      0x3b8 src/ASF/sam0/drivers/usb/usb_sam_d_r/usb.o
 .debug_frame   0x000017a8       0x40 src/ASF/sam0/utils/cmsis/samd21/source/gcc/startup_samd21.o
 .debug_frame   0x000017e8       0x28 src/flash.o
 .debug_frame   0x00001810       0xfc src/main.o
 .debug_frame   0x0000190c       0x54 src/OPT3001.o
 .debug_frame   0x00001960       0x88 src/Si7021.o
 .debug_frame   0x000019e8       0x20 c:/program files (x86)/atmel/studio/7.0/toolchain/arm/arm-gnu-toolchain/bin/../lib/gcc/arm-none-eabi/6.2.1/thumb/v6-m\libgcc.a(_udivsi3.o)
 .debug_frame   0x00001a08       0x20 c:/program files (x86)/atmel/studio/7.0/toolchain/arm/arm-gnu-toolchain/bin/../lib/gcc/arm-none-eabi/6.2.1/thumb/v6-m\libgcc.a(_divsi3.o)
 .debug_frame   0x00001a28       0x3c c:/program files (x86)/atmel/studio/7.0/toolchain/arm/arm-gnu-toolchain/bin/../lib/gcc/arm-none-eabi/6.2.1/thumb/v6-m\libgcc.a(divdf3.o)
 .debug_frame   0x00001a64       0x3c c:/program files (x86)/atmel/studio/7.0/toolchain/arm/arm-gnu-toolchain/bin/../lib/gcc/arm-none-eabi/6.2.1/thumb/v6-m\libgcc.a(muldf3.o)
 .debug_frame   0x00001aa0       0x38 c:/program files (x86)/atmel/studio/7.0/toolchain/arm/arm-gnu-toolchain/bin/../lib/gcc/arm-none-eabi/6.2.1/thumb/v6-m\libgcc.a(subdf3.o)
 .debug_frame   0x00001ad8       0x2c c:/program files (x86)/atmel/studio/7.0/toolchain/arm/arm-gnu-toolchain/bin/../lib/gcc/arm-none-eabi/6.2.1/thumb/v6-m\libgcc.a(fixdfsi.o)
 .debug_frame   0x00001b04       0x2c c:/program files (x86)/atmel/studio/7.0/toolchain/arm/arm-gnu-toolchain/bin/../lib/gcc/arm-none-eabi/6.2.1/thumb/v6-m\libgcc.a(floatsidf.o)
 .debug_frame   0x00001b30       0x2c c:/program files (x86)/atmel/studio/7.0/toolchain/arm/arm-gnu-toolchain/bin/../lib/gcc/arm-none-eabi/6.2.1/../../../../arm-none-eabi/lib/thumb/v6-m\libc_nano.a(lib_a-init.o)
 .debug_frame   0x00001b5c       0x28 c:/program files (x86)/atmel/studio/7.0/toolchain/arm/arm-gnu-toolchain/bin/../lib/gcc/arm-none-eabi/6.2.1/../../../../arm-none-eabi/lib/thumb/v6-m\libc_nano.a(lib_a-memcpy-stub.o)
 .debug_frame   0x00001b84       0x20 c:/program files (x86)/atmel/studio/7.0/toolchain/arm/arm-gnu-toolchain/bin/../lib/gcc/arm-none-eabi/6.2.1/../../../../arm-none-eabi/lib/thumb/v6-m\libc_nano.a(lib_a-memset.o)

Cross Reference Table

Symbol                                            File
AC_Handler                                        src/ASF/sam0/utils/cmsis/samd21/source/gcc/startup_samd21.o
ADC_Handler                                       src/ASF/sam0/utils/cmsis/samd21/source/gcc/startup_samd21.o
Codec_data                                        src/testbench.o
DAC_Handler                                       src/ASF/sam0/utils/cmsis/samd21/source/gcc/startup_samd21.o
DMAC_Handler                                      src/ASF/sam0/utils/cmsis/samd21/source/gcc/startup_samd21.o
DrawWM8731Scr                                     src/WM8731_Test.o
Dummy_Handler                                     src/ASF/sam0/utils/cmsis/samd21/source/gcc/startup_samd21.o
EIC_Handler                                       src/ASF/sam0/drivers/extint/extint_callback.o
EVSYS_Handler                                     src/ASF/sam0/utils/cmsis/samd21/source/gcc/startup_samd21.o
GetFileHeader                                     src/WM8731_Test.o
Get_time                                          src/application.o
HardFault_Handler                                 src/ASF/sam0/utils/cmsis/samd21/source/gcc/startup_samd21.o
I2S_Handler                                       src/ASF/sam0/utils/cmsis/samd21/source/gcc/startup_samd21.o
MCU_Init                                          src/WM8731_Test.o
MMA8491Q_command                                  src/MMA8491Q.o
MMA8491Q_data                                     src/testbench.o
MMA8491Q_disable                                  src/MMA8491Q.o
MMA8491Q_enable                                   src/MMA8491Q.o
MMA8491Q_init                                     src/MMA8491Q.o
MMA8491Q_read                                     src/MMA8491Q.o
MMA8491Q_writereg                                 src/MMA8491Q.o
NMI_Handler                                       src/ASF/sam0/utils/cmsis/samd21/source/gcc/startup_samd21.o
NVMCTRL_Handler                                   src/ASF/sam0/utils/cmsis/samd21/source/gcc/startup_samd21.o
NVM_i                                             src/testbench.o